Component: ARM Compiler 6.7 Tool: armlink [5c9ef700]

==============================================================================

Section Cross References

    startup_stm32g474xx.o(RESET) refers to startup_stm32g474xx.o(STACK) for __initial_sp
    startup_stm32g474xx.o(RESET) refers to startup_stm32g474xx.o(.text) for Reset_Handler
    startup_stm32g474xx.o(RESET) refers to stm32g4xx_it.o(.text.NMI_Handler) for NMI_Handler
    startup_stm32g474xx.o(RESET) refers to stm32g4xx_it.o(.text.HardFault_Handler) for HardFault_Handler
    startup_stm32g474xx.o(RESET) refers to stm32g4xx_it.o(.text.MemManage_Handler) for MemManage_Handler
    startup_stm32g474xx.o(RESET) refers to stm32g4xx_it.o(.text.BusFault_Handler) for BusFault_Handler
    startup_stm32g474xx.o(RESET) refers to stm32g4xx_it.o(.text.UsageFault_Handler) for UsageFault_Handler
    startup_stm32g474xx.o(RESET) refers to port.o(.text.SVC_Handler) for SVC_Handler
    startup_stm32g474xx.o(RESET) refers to stm32g4xx_it.o(.text.DebugMon_Handler) for DebugMon_Handler
    startup_stm32g474xx.o(RESET) refers to port.o(.text.PendSV_Handler) for PendSV_Handler
    startup_stm32g474xx.o(RESET) refers to port.o(.text.SysTick_Handler) for SysTick_Handler
    startup_stm32g474xx.o(RESET) refers to stm32g4xx_it.o(.text.TIM1_UP_TIM16_IRQHandler) for TIM1_UP_TIM16_IRQHandler
    startup_stm32g474xx.o(.text) refers to system_stm32g4xx.o(.text.SystemInit) for SystemInit
    startup_stm32g474xx.o(.text) refers to entry.o(.ARM.Collect$$$$00000000) for __main
    main.o(.text.main) refers to stm32g4xx_hal.o(.text.HAL_Init) for HAL_Init
    main.o(.text.main) refers to stm32g4xx_hal_pwr_ex.o(.text.HAL_PWREx_ControlVoltageScaling) for HAL_PWREx_ControlVoltageScaling
    main.o(.text.main) refers to stm32g4xx_hal_rcc.o(.text.HAL_RCC_OscConfig) for HAL_RCC_OscConfig
    main.o(.text.main) refers to stm32g4xx_hal_rcc.o(.text.HAL_RCC_ClockConfig) for HAL_RCC_ClockConfig
    main.o(.text.main) refers to gpio.o(.text.MX_GPIO_Init) for MX_GPIO_Init
    main.o(.text.main) refers to usart.o(.text.MX_USART1_UART_Init) for MX_USART1_UART_Init
    main.o(.text.main) refers to app_freertos.o(.text.MX_FREERTOS_Init) for MX_FREERTOS_Init
    main.o(.text.main) refers to cmsis_os.o(.text.osKernelStart) for osKernelStart
    main.o(.ARM.exidx.text.main) refers to main.o(.text.main) for [Anonymous Symbol]
    main.o(.text.SystemClock_Config) refers to stm32g4xx_hal_pwr_ex.o(.text.HAL_PWREx_ControlVoltageScaling) for HAL_PWREx_ControlVoltageScaling
    main.o(.text.SystemClock_Config) refers to stm32g4xx_hal_rcc.o(.text.HAL_RCC_OscConfig) for HAL_RCC_OscConfig
    main.o(.text.SystemClock_Config) refers to stm32g4xx_hal_rcc.o(.text.HAL_RCC_ClockConfig) for HAL_RCC_ClockConfig
    main.o(.ARM.exidx.text.SystemClock_Config) refers to main.o(.text.SystemClock_Config) for [Anonymous Symbol]
    main.o(.ARM.exidx.text.Error_Handler) refers to main.o(.text.Error_Handler) for [Anonymous Symbol]
    main.o(.text.HAL_TIM_PeriodElapsedCallback) refers to stm32g4xx_hal.o(.text.HAL_IncTick) for HAL_IncTick
    main.o(.ARM.exidx.text.HAL_TIM_PeriodElapsedCallback) refers to main.o(.text.HAL_TIM_PeriodElapsedCallback) for [Anonymous Symbol]
    gpio.o(.text.MX_GPIO_Init) refers to stm32g4xx_hal_gpio.o(.text.HAL_GPIO_WritePin) for HAL_GPIO_WritePin
    gpio.o(.text.MX_GPIO_Init) refers to stm32g4xx_hal_gpio.o(.text.HAL_GPIO_Init) for HAL_GPIO_Init
    gpio.o(.ARM.exidx.text.MX_GPIO_Init) refers to gpio.o(.text.MX_GPIO_Init) for [Anonymous Symbol]
    app_freertos.o(.text.MX_FREERTOS_Init) refers to app_freertos.o(.rodata.MX_FREERTOS_Init.os_thread_def_thread2) for MX_FREERTOS_Init.os_thread_def_thread2
    app_freertos.o(.text.MX_FREERTOS_Init) refers to cmsis_os.o(.text.osThreadCreate) for osThreadCreate
    app_freertos.o(.text.MX_FREERTOS_Init) refers to app_freertos.o(.bss.thread2Handle) for thread2Handle
    app_freertos.o(.text.MX_FREERTOS_Init) refers to app_freertos.o(.rodata.MX_FREERTOS_Init.os_thread_def_thread1) for MX_FREERTOS_Init.os_thread_def_thread1
    app_freertos.o(.text.MX_FREERTOS_Init) refers to app_freertos.o(.bss.thread1Handle) for thread1Handle
    app_freertos.o(.ARM.exidx.text.MX_FREERTOS_Init) refers to app_freertos.o(.text.MX_FREERTOS_Init) for [Anonymous Symbol]
    app_freertos.o(.text.usart_thread) refers to usart.o(.bss.huart1) for huart1
    app_freertos.o(.text.usart_thread) refers to stm32g4xx_hal_uart.o(.text.HAL_UART_Transmit) for HAL_UART_Transmit
    app_freertos.o(.text.usart_thread) refers to cmsis_os.o(.text.osDelay) for osDelay
    app_freertos.o(.ARM.exidx.text.usart_thread) refers to app_freertos.o(.text.usart_thread) for [Anonymous Symbol]
    app_freertos.o(.text.led_thread) refers to stm32g4xx_hal_gpio.o(.text.HAL_GPIO_TogglePin) for HAL_GPIO_TogglePin
    app_freertos.o(.text.led_thread) refers to cmsis_os.o(.text.osDelay) for osDelay
    app_freertos.o(.ARM.exidx.text.led_thread) refers to app_freertos.o(.text.led_thread) for [Anonymous Symbol]
[...]
    Removing stream_buffer.o(.ARM.exidx.text.vStreamBufferSetStreamBufferNumber), (8 bytes).
    Removing stream_buffer.o(.text.ucStreamBufferGetStreamBufferType), (8 bytes).
    Removing stream_buffer.o(.ARM.exidx.text.ucStreamBufferGetStreamBufferType), (8 bytes).
    Removing tasks.o(.text), (0 bytes).
    Removing tasks.o(.ARM.exidx.text.xTaskCreate), (8 bytes).
    Removing tasks.o(.text.vTaskDelete), (290 bytes).
    Removing tasks.o(.ARM.exidx.text.vTaskDelete), (8 bytes).
    Removing tasks.o(.text.vTaskDelayUntil), (166 bytes).
    Removing tasks.o(.ARM.exidx.text.vTaskDelayUntil), (8 bytes).
    Removing tasks.o(.ARM.exidx.text.vTaskSuspendAll), (8 bytes).
    Removing tasks.o(.ARM.exidx.text.prvAddCurrentTaskToDelayedList), (8 bytes).
    Removing tasks.o(.ARM.exidx.text.xTaskResumeAll), (8 bytes).
    Removing tasks.o(.ARM.exidx.text.vTaskDelay), (8 bytes).
    Removing tasks.o(.text.eTaskGetState), (148 bytes).
    Removing tasks.o(.ARM.exidx.text.eTaskGetState), (8 bytes).
    Removing tasks.o(.text.uxTaskPriorityGet), (32 bytes).
    Removing tasks.o(.ARM.exidx.text.uxTaskPriorityGet), (8 bytes).
    Removing tasks.o(.text.uxTaskPriorityGetFromISR), (50 bytes).
    Removing tasks.o(.ARM.exidx.text.uxTaskPriorityGetFromISR), (8 bytes).
    Removing tasks.o(.text.vTaskPrioritySet), (250 bytes).
    Removing tasks.o(.ARM.exidx.text.vTaskPrioritySet), (8 bytes).
    Removing tasks.o(.text.vTaskSuspend), (406 bytes).
    Removing tasks.o(.ARM.exidx.text.vTaskSuspend), (8 bytes).
    Removing tasks.o(.ARM.exidx.text.vTaskSwitchContext), (8 bytes).
    Removing tasks.o(.text.vTaskResume), (174 bytes).
    Removing tasks.o(.ARM.exidx.text.vTaskResume), (8 bytes).
    Removing tasks.o(.text.xTaskResumeFromISR), (212 bytes).
    Removing tasks.o(.ARM.exidx.text.xTaskResumeFromISR), (8 bytes).
    Removing tasks.o(.ARM.exidx.text.vTaskStartScheduler), (8 bytes).
    Removing tasks.o(.ARM.exidx.text.prvIdleTask), (8 bytes).
    Removing tasks.o(.text.vTaskEndScheduler), (32 bytes).
    Removing tasks.o(.ARM.exidx.text.vTaskEndScheduler), (8 bytes).
    Removing tasks.o(.ARM.exidx.text.xTaskIncrementTick), (8 bytes).
    Removing tasks.o(.text.xTaskGetTickCount), (12 bytes).
    Removing tasks.o(.ARM.exidx.text.xTaskGetTickCount), (8 bytes).
    Removing tasks.o(.text.xTaskGetTickCountFromISR), (18 bytes).
    Removing tasks.o(.ARM.exidx.text.xTaskGetTickCountFromISR), (8 bytes).
    Removing tasks.o(.text.uxTaskGetNumberOfTasks), (12 bytes).
    Removing tasks.o(.ARM.exidx.text.uxTaskGetNumberOfTasks), (8 bytes).
    Removing tasks.o(.text.pcTaskGetName), (38 bytes).
    Removing tasks.o(.ARM.exidx.text.pcTaskGetName), (8 bytes).
    Removing tasks.o(.text.uxTaskGetSystemState), (1060 bytes).
    Removing tasks.o(.ARM.exidx.text.uxTaskGetSystemState), (8 bytes).
    Removing tasks.o(.text.xTaskCatchUpTicks), (54 bytes).
    Removing tasks.o(.ARM.exidx.text.xTaskCatchUpTicks), (8 bytes).
    Removing tasks.o(.text.vTaskPlaceOnEventList), (54 bytes).
    Removing tasks.o(.ARM.exidx.text.vTaskPlaceOnEventList), (8 bytes).
    Removing tasks.o(.text.vTaskPlaceOnUnorderedEventList), (94 bytes).
    Removing tasks.o(.ARM.exidx.text.vTaskPlaceOnUnorderedEventList), (8 bytes).
    Removing tasks.o(.text.xTaskRemoveFromEventList), (154 bytes).
    Removing tasks.o(.ARM.exidx.text.xTaskRemoveFromEventList), (8 bytes).
    Removing tasks.o(.text.vTaskRemoveFromUnorderedEventList), (150 bytes).
    Removing tasks.o(.ARM.exidx.text.vTaskRemoveFromUnorderedEventList), (8 bytes).
    Removing tasks.o(.text.vTaskSetTimeOutState), (62 bytes).
    Removing tasks.o(.ARM.exidx.text.vTaskSetTimeOutState), (8 bytes).
    Removing tasks.o(.text.vTaskInternalSetTimeOutState), (26 bytes).
    Removing tasks.o(.ARM.exidx.text.vTaskInternalSetTimeOutState), (8 bytes).
    Removing tasks.o(.text.xTaskCheckForTimeOut), (142 bytes).
    Removing tasks.o(.ARM.exidx.text.xTaskCheckForTimeOut), (8 bytes).
    Removing tasks.o(.text.vTaskMissedYield), (14 bytes).
    Removing tasks.o(.ARM.exidx.text.vTaskMissedYield), (8 bytes).
    Removing tasks.o(.text.uxTaskGetTaskNumber), (10 bytes).
    Removing tasks.o(.ARM.exidx.text.uxTaskGetTaskNumber), (8 bytes).
    Removing tasks.o(.text.vTaskSetTaskNumber), (8 bytes).
    Removing tasks.o(.ARM.exidx.text.vTaskSetTaskNumber), (8 bytes).
    Removing tasks.o(.text.vTaskGetInfo), (308 bytes).
    Removing tasks.o(.ARM.exidx.text.vTaskGetInfo), (8 bytes).
    Removing tasks.o(.text.xTaskGetCurrentTaskHandle), (12 bytes).
    Removing tasks.o(.ARM.exidx.text.xTaskGetCurrentTaskHandle), (8 bytes).
    Removing tasks.o(.text.xTaskGetSchedulerState), (38 bytes).
    Removing tasks.o(.ARM.exidx.text.xTaskGetSchedulerState), (8 bytes).
    Removing tasks.o(.text.xTaskPriorityInherit), (176 bytes).
    Removing tasks.o(.ARM.exidx.text.xTaskPriorityInherit), (8 bytes).
    Removing tasks.o(.text.xTaskPriorityDisinherit), (194 bytes).
    Removing tasks.o(.ARM.exidx.text.xTaskPriorityDisinherit), (8 bytes).
    Removing tasks.o(.text.vTaskPriorityDisinheritAfterTimeout), (194 bytes).
    Removing tasks.o(.ARM.exidx.text.vTaskPriorityDisinheritAfterTimeout), (8 bytes).
    Removing tasks.o(.text.uxTaskResetEventItemValue), (26 bytes).
    Removing tasks.o(.ARM.exidx.text.uxTaskResetEventItemValue), (8 bytes).
    Removing tasks.o(.text.pvTaskIncrementMutexHeldCount), (26 bytes).
    Removing tasks.o(.ARM.exidx.text.pvTaskIncrementMutexHeldCount), (8 bytes).
    Removing tasks.o(.text.ulTaskNotifyTake), (108 bytes).
    Removing tasks.o(.ARM.exidx.text.ulTaskNotifyTake), (8 bytes).
    Removing tasks.o(.text.xTaskNotifyWait), (148 bytes).
    Removing tasks.o(.ARM.exidx.text.xTaskNotifyWait), (8 bytes).
    Removing tasks.o(.text.xTaskGenericNotify), (254 bytes).
    Removing tasks.o(.ARM.exidx.text.xTaskGenericNotify), (8 bytes).
    Removing tasks.o(.text.xTaskGenericNotifyFromISR), (326 bytes).
    Removing tasks.o(.ARM.exidx.text.xTaskGenericNotifyFromISR), (8 bytes).
    Removing tasks.o(.text.vTaskNotifyGiveFromISR), (230 bytes).
    Removing tasks.o(.ARM.exidx.text.vTaskNotifyGiveFromISR), (8 bytes).
    Removing tasks.o(.text.xTaskNotifyStateClear), (46 bytes).
    Removing tasks.o(.ARM.exidx.text.xTaskNotifyStateClear), (8 bytes).
    Removing tasks.o(.text.ulTaskNotifyValueClear), (50 bytes).
    Removing tasks.o(.ARM.exidx.text.ulTaskNotifyValueClear), (8 bytes).
    Removing timers.o(.text), (0 bytes).
    Removing cmsis_os.o(.text), (0 bytes).
    Removing cmsis_os.o(.ARM.exidx.text.osKernelStart), (8 bytes).
    Removing cmsis_os.o(.text.osKernelRunning), (14 bytes).
    Removing cmsis_os.o(.ARM.exidx.text.osKernelRunning), (8 bytes).
    Removing cmsis_os.o(.text.osKernelSysTick), (16 bytes).
    Removing cmsis_os.o(.ARM.exidx.text.osKernelSysTick), (8 bytes).
    Removing cmsis_os.o(.ARM.exidx.text.osThreadCreate), (8 bytes).
    Removing cmsis_os.o(.text.osThreadGetId), (4 bytes).
    Removing cmsis_os.o(.ARM.exidx.text.osThreadGetId), (8 bytes).
    Removing cmsis_os.o(.text.osThreadTerminate), (10 bytes).
    Removing cmsis_os.o(.ARM.exidx.text.osThreadTerminate), (8 bytes).
    Removing cmsis_os.o(.text.osThreadYield), (26 bytes).
    Removing cmsis_os.o(.ARM.exidx.text.osThreadYield), (8 bytes).
    Removing cmsis_os.o(.text.osThreadSetPriority), (20 bytes).
    Removing cmsis_os.o(.ARM.exidx.text.osThreadSetPriority), (8 bytes).
    Removing cmsis_os.o(.text.osThreadGetPriority), (34 bytes).
    Removing cmsis_os.o(.ARM.exidx.text.osThreadGetPriority), (8 bytes).
    Removing cmsis_os.o(.ARM.exidx.text.osDelay), (8 bytes).
    Removing cmsis_os.o(.text.osTimerCreate), (4 bytes).
    Removing cmsis_os.o(.ARM.exidx.text.osTimerCreate), (8 bytes).
    Removing cmsis_os.o(.text.osTimerStart), (4 bytes).
    Removing cmsis_os.o(.ARM.exidx.text.osTimerStart), (8 bytes).
    Removing cmsis_os.o(.text.osTimerStop), (4 bytes).
    Removing cmsis_os.o(.ARM.exidx.text.osTimerStop), (8 bytes).
    Removing cmsis_os.o(.text.osTimerDelete), (4 bytes).
    Removing cmsis_os.o(.ARM.exidx.text.osTimerDelete), (8 bytes).
    Removing cmsis_os.o(.text.osSignalSet), (86 bytes).
    Removing cmsis_os.o(.ARM.exidx.text.osSignalSet), (8 bytes).
    Removing cmsis_os.o(.text.osSignalWait), (88 bytes).
    Removing cmsis_os.o(.ARM.exidx.text.osSignalWait), (8 bytes).
    Removing cmsis_os.o(.text.osMutexCreate), (6 bytes).
    Removing cmsis_os.o(.ARM.exidx.text.osMutexCreate), (8 bytes).
    Removing cmsis_os.o(.text.osMutexWait), (100 bytes).
    Removing cmsis_os.o(.ARM.exidx.text.osMutexWait), (8 bytes).
    Removing cmsis_os.o(.text.osMutexRelease), (86 bytes).
    Removing cmsis_os.o(.ARM.exidx.text.osMutexRelease), (8 bytes).
    Removing cmsis_os.o(.text.osMutexDelete), (22 bytes).
    Removing cmsis_os.o(.ARM.exidx.text.osMutexDelete), (8 bytes).
    Removing cmsis_os.o(.text.osSemaphoreCreate), (46 bytes).
    Removing cmsis_os.o(.ARM.exidx.text.osSemaphoreCreate), (8 bytes).
    Removing cmsis_os.o(.text.osSemaphoreWait), (100 bytes).
    Removing cmsis_os.o(.ARM.exidx.text.osSemaphoreWait), (8 bytes).
    Removing cmsis_os.o(.text.osSemaphoreRelease), (86 bytes).
    Removing cmsis_os.o(.ARM.exidx.text.osSemaphoreRelease), (8 bytes).
    Removing cmsis_os.o(.text.osSemaphoreDelete), (22 bytes).
    Removing cmsis_os.o(.ARM.exidx.text.osSemaphoreDelete), (8 bytes).
    Removing cmsis_os.o(.text.osPoolCreate), (110 bytes).
    Removing cmsis_os.o(.ARM.exidx.text.osPoolCreate), (8 bytes).
    Removing cmsis_os.o(.text.osPoolAlloc), (112 bytes).
    Removing cmsis_os.o(.ARM.exidx.text.osPoolAlloc), (8 bytes).
    Removing cmsis_os.o(.text.osPoolCAlloc), (118 bytes).
    Removing cmsis_os.o(.ARM.exidx.text.osPoolCAlloc), (8 bytes).
    Removing cmsis_os.o(.text.osPoolFree), (50 bytes).
    Removing cmsis_os.o(.ARM.exidx.text.osPoolFree), (8 bytes).
    Removing cmsis_os.o(.text.osMessageCreate), (12 bytes).
    Removing cmsis_os.o(.ARM.exidx.text.osMessageCreate), (8 bytes).
    Removing cmsis_os.o(.text.osMessagePut), (90 bytes).
    Removing cmsis_os.o(.ARM.exidx.text.osMessagePut), (8 bytes).
    Removing cmsis_os.o(.text.osMessageGet), (148 bytes).
    Removing cmsis_os.o(.ARM.exidx.text.osMessageGet), (8 bytes).
    Removing cmsis_os.o(.text.osMailCreate), (98 bytes).
    Removing cmsis_os.o(.ARM.exidx.text.osMailCreate), (8 bytes).
    Removing cmsis_os.o(.text.osMailAlloc), (120 bytes).
    Removing cmsis_os.o(.ARM.exidx.text.osMailAlloc), (8 bytes).
    Removing cmsis_os.o(.text.osMailCAlloc), (150 bytes).
    Removing cmsis_os.o(.ARM.exidx.text.osMailCAlloc), (8 bytes).
    Removing cmsis_os.o(.text.osMailPut), (96 bytes).
    Removing cmsis_os.o(.ARM.exidx.text.osMailPut), (8 bytes).
    Removing cmsis_os.o(.text.osMailGet), (142 bytes).
    Removing cmsis_os.o(.ARM.exidx.text.osMailGet), (8 bytes).
    Removing cmsis_os.o(.text.osMailFree), (58 bytes).
    Removing cmsis_os.o(.ARM.exidx.text.osMailFree), (8 bytes).
    Removing cmsis_os.o(.text.osSystickHandler), (20 bytes).
    Removing cmsis_os.o(.ARM.exidx.text.osSystickHandler), (8 bytes).
    Removing cmsis_os.o(.text.osThreadGetState), (18 bytes).
    Removing cmsis_os.o(.ARM.exidx.text.osThreadGetState), (8 bytes).
    Removing cmsis_os.o(.text.osThreadIsSuspended), (18 bytes).
    Removing cmsis_os.o(.ARM.exidx.text.osThreadIsSuspended), (8 bytes).
    Removing cmsis_os.o(.text.osThreadSuspend), (10 bytes).
    Removing cmsis_os.o(.ARM.exidx.text.osThreadSuspend), (8 bytes).
    Removing cmsis_os.o(.text.osThreadResume), (50 bytes).
    Removing cmsis_os.o(.ARM.exidx.text.osThreadResume), (8 bytes).
    Removing cmsis_os.o(.text.osThreadSuspendAll), (10 bytes).
    Removing cmsis_os.o(.ARM.exidx.text.osThreadSuspendAll), (8 bytes).
    Removing cmsis_os.o(.text.osThreadResumeAll), (18 bytes).
    Removing cmsis_os.o(.ARM.exidx.text.osThreadResumeAll), (8 bytes).
    Removing cmsis_os.o(.text.osDelayUntil), (16 bytes).
    Removing cmsis_os.o(.ARM.exidx.text.osDelayUntil), (8 bytes).
    Removing cmsis_os.o(.text.osAbortDelay), (4 bytes).
    Removing cmsis_os.o(.ARM.exidx.text.osAbortDelay), (8 bytes).
    Removing cmsis_os.o(.text.osThreadList), (4 bytes).
    Removing cmsis_os.o(.ARM.exidx.text.osThreadList), (8 bytes).
    Removing cmsis_os.o(.text.osMessagePeek), (80 bytes).
    Removing cmsis_os.o(.ARM.exidx.text.osMessagePeek), (8 bytes).
    Removing cmsis_os.o(.text.osMessageWaiting), (16 bytes).
    Removing cmsis_os.o(.ARM.exidx.text.osMessageWaiting), (8 bytes).
    Removing cmsis_os.o(.text.osMessageAvailableSpace), (4 bytes).
    Removing cmsis_os.o(.ARM.exidx.text.osMessageAvailableSpace), (8 bytes).
    Removing cmsis_os.o(.text.osMessageDelete), (22 bytes).
    Removing cmsis_os.o(.ARM.exidx.text.osMessageDelete), (8 bytes).
    Removing cmsis_os.o(.text.osRecursiveMutexCreate), (6 bytes).
    Removing cmsis_os.o(.ARM.exidx.text.osRecursiveMutexCreate), (8 bytes).
    Removing cmsis_os.o(.text.osRecursiveMutexRelease), (18 bytes).
    Removing cmsis_os.o(.ARM.exidx.text.osRecursiveMutexRelease), (8 bytes).
    Removing cmsis_os.o(.text.osRecursiveMutexWait), (42 bytes).
    Removing cmsis_os.o(.ARM.exidx.text.osRecursiveMutexWait), (8 bytes).
    Removing cmsis_os.o(.text.osSemaphoreGetCount), (4 bytes).
    Removing cmsis_os.o(.ARM.exidx.text.osSemaphoreGetCount), (8 bytes).
    Removing heap_4.o(.text), (0 bytes).
    Removing heap_4.o(.ARM.exidx.text.pvPortMalloc), (8 bytes).
    Removing heap_4.o(.ARM.exidx.text.vPortFree), (8 bytes).
    Removing heap_4.o(.text.xPortGetFreeHeapSize), (12 bytes).
    Removing heap_4.o(.ARM.exidx.text.xPortGetFreeHeapSize), (8 bytes).
    Removing heap_4.o(.text.xPortGetMinimumEverFreeHeapSize), (12 bytes).
    Removing heap_4.o(.ARM.exidx.text.xPortGetMinimumEverFreeHeapSize), (8 bytes).
    Removing heap_4.o(.text.vPortInitialiseBlocks), (2 bytes).
    Removing heap_4.o(.ARM.exidx.text.vPortInitialiseBlocks), (8 bytes).
    Removing heap_4.o(.text.vPortGetHeapStats), (146 bytes).
    Removing heap_4.o(.ARM.exidx.text.vPortGetHeapStats), (8 bytes).
    Removing port.o(.text), (0 bytes).
    Removing port.o(.ARM.exidx.text.pxPortInitialiseStack), (8 bytes).
    Removing port.o(.ARM.exidx.text.prvTaskExitError), (8 bytes).
    Removing port.o(.ARM.exidx.text.SVC_Handler), (8 bytes).
    Removing port.o(.ARM.exidx.text.xPortStartScheduler), (8 bytes).
    Removing port.o(.ARM.exidx.text.vPortSetupTimerInterrupt), (8 bytes).
    Removing port.o(.ARM.exidx.text.vPortEnableVFP), (8 bytes).
    Removing port.o(.ARM.exidx.text.prvPortStartFirstTask), (8 bytes).
    Removing port.o(.text.vPortEndScheduler), (38 bytes).
    Removing port.o(.ARM.exidx.text.vPortEndScheduler), (8 bytes).
    Removing port.o(.ARM.exidx.text.vPortEnterCritical), (8 bytes).
    Removing port.o(.ARM.exidx.text.vPortExitCritical), (8 bytes).
    Removing port.o(.ARM.exidx.text.PendSV_Handler), (8 bytes).
    Removing port.o(.ARM.exidx.text.SysTick_Handler), (8 bytes).
    Removing port.o(.text.vPortValidateInterruptPriority), (98 bytes).
    Removing port.o(.ARM.exidx.text.vPortValidateInterruptPriority), (8 bytes).

1287 unused section(s) (total 72940 bytes) removed from the image.

==============================================================================

Image Symbol Table

    Local Symbols

    Symbol Name                              Value     Ov Type        Size  Object(Section)

    ../Core/Src/app_freertos.c               0x00000000   Number         0  app_freertos.o ABSOLUTE
    ../Core/Src/gpio.c                       0x00000000   Number         0  gpio.o ABSOLUTE
    ../Core/Src/main.c                       0x00000000   Number         0  main.o ABSOLUTE
    ../Core/Src/stm32g4xx_hal_msp.c          0x00000000   Number         0  stm32g4xx_hal_msp.o ABSOLUTE
    ../Core/Src/stm32g4xx_hal_timebase_tim.c 0x00000000   Number         0  stm32g4xx_hal_timebase_tim.o ABSOLUTE
    ../Core/Src/stm32g4xx_it.c               0x00000000   Number         0  stm32g4xx_it.o ABSOLUTE
    ../Core/Src/system_stm32g4xx.c           0x00000000   Number         0  system_stm32g4xx.o ABSOLUTE
    ../Core/Src/usart.c                      0x00000000   Number         0  usart.o ABSOLUTE
    ../Drivers/STM32G4xx_HAL_Driver/Src/stm32g4xx_hal.c 0x00000000   Number         0  stm32g4xx_hal.o ABSOLUTE
    ../Drivers/STM32G4xx_HAL_Driver/Src/stm32g4xx_hal_cortex.c 0x00000000   Number         0  stm32g4xx_hal_cortex.o ABSOLUTE
    ../Drivers/STM32G4xx_HAL_Driver/Src/stm32g4xx_hal_dma.c 0x00000000   Number         0  stm32g4xx_hal_dma.o ABSOLUTE
    ../Drivers/STM32G4xx_HAL_Driver/Src/stm32g4xx_hal_dma_ex.c 0x00000000   Number         0  stm32g4xx_hal_dma_ex.o ABSOLUTE
    ../Drivers/STM32G4xx_HAL_Driver/Src/stm32g4xx_hal_exti.c 0x00000000   Number         0  stm32g4xx_hal_exti.o ABSOLUTE
    ../Drivers/STM32G4xx_HAL_Driver/Src/stm32g4xx_hal_flash.c 0x00000000   Number         0  stm32g4xx_hal_flash.o ABSOLUTE
    ../Drivers/STM32G4xx_HAL_Driver/Src/stm32g4xx_hal_flash_ex.c 0x00000000   Number         0  stm32g4xx_hal_flash_ex.o ABSOLUTE
    ../Drivers/STM32G4xx_HAL_Driver/Src/stm32g4xx_hal_flash_ramfunc.c 0x00000000   Number         0  stm32g4xx_hal_flash_ramfunc.o ABSOLUTE
    ../Drivers/STM32G4xx_HAL_Driver/Src/stm32g4xx_hal_gpio.c 0x00000000   Number         0  stm32g4xx_hal_gpio.o ABSOLUTE
    ../Drivers/STM32G4xx_HAL_Driver/Src/stm32g4xx_hal_pwr.c 0x00000000   Number         0  stm32g4xx_hal_pwr.o ABSOLUTE
    ../Drivers/STM32G4xx_HAL_Driver/Src/stm32g4xx_hal_pwr_ex.c 0x00000000   Number         0  stm32g4xx_hal_pwr_ex.o ABSOLUTE
    ../Drivers/STM32G4xx_HAL_Driver/Src/stm32g4xx_hal_rcc.c 0x00000000   Number         0  stm32g4xx_hal_rcc.o ABSOLUTE
    ../Drivers/STM32G4xx_HAL_Driver/Src/stm32g4xx_hal_rcc_ex.c 0x00000000   Number         0  stm32g4xx_hal_rcc_ex.o ABSOLUTE
    ../Drivers/STM32G4xx_HAL_Driver/Src/stm32g4xx_hal_tim.c 0x00000000   Number         0  stm32g4xx_hal_tim.o ABSOLUTE
    ../Drivers/STM32G4xx_HAL_Driver/Src/stm32g4xx_hal_tim_ex.c 0x00000000   Number         0  stm32g4xx_hal_tim_ex.o ABSOLUTE
    ../Drivers/STM32G4xx_HAL_Driver/Src/stm32g4xx_hal_uart.c 0x00000000   Number         0  stm32g4xx_hal_uart.o ABSOLUTE
    ../Drivers/STM32G4xx_HAL_Driver/Src/stm32g4xx_hal_uart_ex.c 0x00000000   Number         0  stm32g4xx_hal_uart_ex.o ABSOLUTE
    ../Middlewares/Third_Party/FreeRTOS/Source/CMSIS_RTOS/cmsis_os.c 0x00000000   Number         0  cmsis_os.o ABSOLUTE
    ../Middlewares/Third_Party/FreeRTOS/Source/croutine.c 0x00000000   Number         0  croutine.o ABSOLUTE
    ../Middlewares/Third_Party/FreeRTOS/Source/event_groups.c 0x00000000   Number         0  event_groups.o ABSOLUTE
    ../Middlewares/Third_Party/FreeRTOS/Source/list.c 0x00000000   Number         0  list.o ABSOLUTE
    ../Middlewares/Third_Party/FreeRTOS/Source/portable/MemMang/heap_4.c 0x00000000   Number         0  heap_4.o ABSOLUTE
    ../Middlewares/Third_Party/FreeRTOS/Source/portable/RVDS/ARM_CM4F/port.c 0x00000000   Number         0  port.o ABSOLUTE
    ../Middlewares/Third_Party/FreeRTOS/Source/queue.c 0x00000000   Number         0  queue.o ABSOLUTE
    ../Middlewares/Third_Party/FreeRTOS/Source/stream_buffer.c 0x00000000   Number         0  stream_buffer.o ABSOLUTE
    ../Middlewares/Third_Party/FreeRTOS/Source/tasks.c 0x00000000   Number         0  tasks.o ABSOLUTE
    ../Middlewares/Third_Party/FreeRTOS/Source/timers.c 0x00000000   Number         0  timers.o ABSOLUTE
    ../clib/microlib/division.c              0x00000000   Number         0  uldiv.o ABSOLUTE
    ../clib/microlib/init/entry.s            0x00000000   Number         0  entry11b.o ABSOLUTE
    ../clib/microlib/init/entry.s            0x00000000   Number         0  entry8b.o ABSOLUTE
    ../clib/microlib/init/entry.s            0x00000000   Number         0  entry7b.o ABSOLUTE
    ../clib/microlib/init/entry.s            0x00000000   Number         0  entry7a.o ABSOLUTE
    ../clib/microlib/init/entry.s            0x00000000   Number         0  entry5.o ABSOLUTE
    ../clib/microlib/init/entry.s            0x00000000   Number         0  entry.o ABSOLUTE
    ../clib/microlib/init/entry.s            0x00000000   Number         0  entry9a.o ABSOLUTE
    ../clib/microlib/init/entry.s            0x00000000   Number         0  entry11a.o ABSOLUTE
    ../clib/microlib/init/entry.s            0x00000000   Number         0  entry10b.o ABSOLUTE
    ../clib/microlib/init/entry.s            0x00000000   Number         0  entry10a.o ABSOLUTE
    ../clib/microlib/init/entry.s            0x00000000   Number         0  entry8a.o ABSOLUTE
    ../clib/microlib/init/entry.s            0x00000000   Number         0  entry9b.o ABSOLUTE
    ../clib/microlib/init/entry.s            0x00000000   Number         0  entry2.o ABSOLUTE
    ../clib/microlib/longlong.c              0x00000000   Number         0  llushr.o ABSOLUTE
    ../clib/microlib/longlong.c              0x00000000   Number         0  llshl.o ABSOLUTE
    ../clib/microlib/string/memcpy.c         0x00000000   Number         0  memcpyb.o ABSOLUTE
    ../clib/microlib/string/memcpy.c         0x00000000   Number         0  memcpya.o ABSOLUTE
    ../clib/microlib/string/memset.c         0x00000000   Number         0  memseta.o ABSOLUTE
    dc.s                                     0x00000000   Number         0  dc.o ABSOLUTE
    handlers.s                               0x00000000   Number         0  handlers.o ABSOLUTE
    init.s                                   0x00000000   Number         0  init.o ABSOLUTE
    startup_stm32g474xx.s                    0x00000000   Number         0  startup_stm32g474xx.o ABSOLUTE
    RESET                                    0x08000000   Section      472  startup_stm32g474xx.o(RESET)
    .ARM.Collect$$$$00000000                 0x080001d8   Section        0  entry.o(.ARM.Collect$$$$00000000)
    .ARM.Collect$$$$00000001                 0x080001d8   Section        4  entry2.o(.ARM.Collect$$$$00000001)
    .ARM.Collect$$$$00000004                 0x080001dc   Section        4  entry5.o(.ARM.Collect$$$$00000004)
    .ARM.Collect$$$$00000008                 0x080001e0   Section        0  entry7b.o(.ARM.Collect$$$$00000008)
    .ARM.Collect$$$$0000000A                 0x080001e0   Section        0  entry8b.o(.ARM.Collect$$$$0000000A)
    .ARM.Collect$$$$0000000B                 0x080001e0   Section        8  entry9a.o(.ARM.Collect$$$$0000000B)
    .ARM.Collect$$$$0000000D                 0x080001e8   Section        0  entry10a.o(.ARM.Collect$$$$0000000D)
    .ARM.Collect$$$$0000000F                 0x080001e8   Section        0  entry11a.o(.ARM.Collect$$$$0000000F)
    .ARM.Collect$$$$00002712                 0x080001e8   Section        4  entry2.o(.ARM.Collect$$$$00002712)
    __lit__00000000                          0x080001e8   Data           4  entry2.o(.ARM.Collect$$$$00002712)
    .text                                    0x080001ec   Section       36  startup_stm32g474xx.o(.text)
    $v0                                      0x080001ec   Number         0  startup_stm32g474xx.o(.text)
    .text                                    0x08000210   Section        0  uldiv.o(.text)
    .text                                    0x08000272   Section        0  memseta.o(.text)
    .text                                    0x08000296   Section        0  llshl.o(.text)
    .text                                    0x080002b4   Section        0  llushr.o(.text)
    .text                                    0x080002d4   Section       36  init.o(.text)
    [Anonymous Symbol]                       0x080002f8   Section        0  stm32g4xx_it.o(.text.BusFault_Handler)
    [Anonymous Symbol]                       0x080002fc   Section        0  stm32g4xx_it.o(.text.DebugMon_Handler)
    [Anonymous Symbol]                       0x08000300   Section        0  main.o(.text.Error_Handler)
    [Anonymous Symbol]                       0x0800030c   Section        0  stm32g4xx_hal_gpio.o(.text.HAL_GPIO_Init)
    [Anonymous Symbol]                       0x080004c8   Section        0  stm32g4xx_hal_gpio.o(.text.HAL_GPIO_TogglePin)
    [Anonymous Symbol]                       0x080004d8   Section        0  stm32g4xx_hal_gpio.o(.text.HAL_GPIO_WritePin)
    [Anonymous Symbol]                       0x080004e8   Section        0  stm32g4xx_hal.o(.text.HAL_GetTick)
    [Anonymous Symbol]                       0x080004f4   Section        0  stm32g4xx_hal.o(.text.HAL_IncTick)
    [Anonymous Symbol]                       0x08000510   Section        0  stm32g4xx_hal.o(.text.HAL_Init)
    [Anonymous Symbol]                       0x08000530   Section        0  stm32g4xx_hal_timebase_tim.o(.text.HAL_InitTick)
    [Anonymous Symbol]                       0x080005d4   Section        0  stm32g4xx_hal_msp.o(.text.HAL_MspInit)
    [Anonymous Symbol]                       0x0800061c   Section        0  stm32g4xx_hal_cortex.o(.text.HAL_NVIC_EnableIRQ)
    [Anonymous Symbol]                       0x0800063c   Section        0  stm32g4xx_hal_cortex.o(.text.HAL_NVIC_SetPriority)
    [Anonymous Symbol]                       0x080006a0   Section        0  stm32g4xx_hal_cortex.o(.text.HAL_NVIC_SetPriorityGrouping)
    [Anonymous Symbol]                       0x080006c0   Section        0  stm32g4xx_hal_pwr_ex.o(.text.HAL_PWREx_ControlVoltageScaling)
    [Anonymous Symbol]                       0x08000798   Section        0  stm32g4xx_hal_pwr_ex.o(.text.HAL_PWREx_DisableUCPDDeadBattery)
    [Anonymous Symbol]                       0x080007ac   Section        0  stm32g4xx_hal_rcc_ex.o(.text.HAL_RCCEx_PeriphCLKConfig)
    [Anonymous Symbol]                       0x08000ad4   Section        0  stm32g4xx_hal_rcc.o(.text.HAL_RCC_ClockConfig)
    [Anonymous Symbol]                       0x08000dc8   Section        0  stm32g4xx_hal_rcc.o(.text.HAL_RCC_GetClockConfig)
    [Anonymous Symbol]                       0x08000e0c   Section        0  stm32g4xx_hal_rcc.o(.text.HAL_RCC_GetPCLK1Freq)
    [Anonymous Symbol]                       0x08000e38   Section        0  stm32g4xx_hal_rcc.o(.text.HAL_RCC_GetPCLK2Freq)
    [Anonymous Symbol]                       0x08000e64   Section        0  stm32g4xx_hal_rcc.o(.text.HAL_RCC_GetSysClockFreq)
    [Anonymous Symbol]                       0x08000edc   Section        0  stm32g4xx_hal_rcc.o(.text.HAL_RCC_OscConfig)
    [Anonymous Symbol]                       0x080013e0   Section        0  stm32g4xx_hal_tim_ex.o(.text.HAL_TIMEx_Break2Callback)
    [Anonymous Symbol]                       0x080013e4   Section        0  stm32g4xx_hal_tim_ex.o(.text.HAL_TIMEx_BreakCallback)
    [Anonymous Symbol]                       0x080013e8   Section        0  stm32g4xx_hal_tim_ex.o(.text.HAL_TIMEx_CommutCallback)
    [Anonymous Symbol]                       0x080013ec   Section        0  stm32g4xx_hal_tim_ex.o(.text.HAL_TIMEx_DirectionChangeCallback)
    [Anonymous Symbol]                       0x080013f0   Section        0  stm32g4xx_hal_tim_ex.o(.text.HAL_TIMEx_EncoderIndexCallback)
    [Anonymous Symbol]                       0x080013f4   Section        0  stm32g4xx_hal_tim_ex.o(.text.HAL_TIMEx_IndexErrorCallback)
    [Anonymous Symbol]                       0x080013f8   Section        0  stm32g4xx_hal_tim_ex.o(.text.HAL_TIMEx_TransitionErrorCallback)
    [Anonymous Symbol]                       0x080013fc   Section        0  stm32g4xx_hal_tim.o(.text.HAL_TIM_Base_Init)
    [Anonymous Symbol]                       0x08001590   Section        0  stm32g4xx_hal_tim.o(.text.HAL_TIM_Base_MspInit)
    [Anonymous Symbol]                       0x08001594   Section        0  stm32g4xx_hal_tim.o(.text.HAL_TIM_Base_Start_IT)
    [Anonymous Symbol]                       0x08001648   Section        0  stm32g4xx_hal_tim.o(.text.HAL_TIM_IC_CaptureCallback)
    [Anonymous Symbol]                       0x0800164c   Section        0  stm32g4xx_hal_tim.o(.text.HAL_TIM_IRQHandler)
    [Anonymous Symbol]                       0x08001854   Section        0  stm32g4xx_hal_tim.o(.text.HAL_TIM_OC_DelayElapsedCallback)
    [Anonymous Symbol]                       0x08001858   Section        0  stm32g4xx_hal_tim.o(.text.HAL_TIM_PWM_PulseFinishedCallback)
    [Anonymous Symbol]                       0x0800185c   Section        0  main.o(.text.HAL_TIM_PeriodElapsedCallback)
    [Anonymous Symbol]                       0x08001870   Section        0  stm32g4xx_hal_tim.o(.text.HAL_TIM_TriggerCallback)
    [Anonymous Symbol]                       0x08001874   Section        0  stm32g4xx_hal_uart_ex.o(.text.HAL_UARTEx_DisableFifoMode)
    [Anonymous Symbol]                       0x080018ac   Section        0  stm32g4xx_hal_uart_ex.o(.text.HAL_UARTEx_SetRxFifoThreshold)
    [Anonymous Symbol]                       0x0800193c   Section        0  stm32g4xx_hal_uart_ex.o(.text.HAL_UARTEx_SetTxFifoThreshold)
    [Anonymous Symbol]                       0x080019cc   Section        0  stm32g4xx_hal_uart.o(.text.HAL_UART_Init)
    [Anonymous Symbol]                       0x08001a9c   Section        0  usart.o(.text.HAL_UART_MspInit)
    [Anonymous Symbol]                       0x08001b58   Section        0  stm32g4xx_hal_uart.o(.text.HAL_UART_Transmit)
    [Anonymous Symbol]                       0x08001c38   Section        0  stm32g4xx_it.o(.text.HardFault_Handler)
    [Anonymous Symbol]                       0x08001c3c   Section        0  app_freertos.o(.text.MX_FREERTOS_Init)
    [Anonymous Symbol]                       0x08001c70   Section        0  gpio.o(.text.MX_GPIO_Init)
    [Anonymous Symbol]                       0x08001ce4   Section        0  usart.o(.text.MX_USART1_UART_Init)
    [Anonymous Symbol]                       0x08001d68   Section        0  stm32g4xx_it.o(.text.MemManage_Handler)
    [Anonymous Symbol]                       0x08001d6c   Section        0  stm32g4xx_it.o(.text.NMI_Handler)
    [Anonymous Symbol]                       0x08001d70   Section        0  port.o(.text.PendSV_Handler)
    pxCurrentTCBConst                        0x08001dd0   Number         0  port.o(.text.PendSV_Handler)
    [Anonymous Symbol]                       0x08001de0   Section        0  port.o(.text.SVC_Handler)
    pxCurrentTCBConst2                       0x08001e00   Number         0  port.o(.text.SVC_Handler)
    [Anonymous Symbol]                       0x08001e04   Section        0  port.o(.text.SysTick_Handler)
    [Anonymous Symbol]                       0x08001e34   Section        0  system_stm32g4xx.o(.text.SystemInit)
    [Anonymous Symbol]                       0x08001e48   Section        0  stm32g4xx_it.o(.text.TIM1_UP_TIM16_IRQHandler)
    [Anonymous Symbol]                       0x08001e54   Section        0  stm32g4xx_hal_uart.o(.text.UART_AdvFeatureConfig)
    [Anonymous Symbol]                       0x08001f40   Section        0  stm32g4xx_hal_uart.o(.text.UART_SetConfig)
    [Anonymous Symbol]                       0x08002200   Section        0  stm32g4xx_hal_uart.o(.text.UART_WaitOnFlagUntilTimeout)
    [Anonymous Symbol]                       0x080022f0   Section        0  stm32g4xx_it.o(.text.UsageFault_Handler)
    [Anonymous Symbol]                       0x080022f4   Section        0  app_freertos.o(.text.led_thread)
    [Anonymous Symbol]                       0x08002314   Section        0  main.o(.text.main)
    [Anonymous Symbol]                       0x0800239c   Section        0  cmsis_os.o(.text.osDelay)
    [Anonymous Symbol]                       0x080023ac   Section        0  cmsis_os.o(.text.osKernelStart)
    [Anonymous Symbol]                       0x080023b8   Section        0  cmsis_os.o(.text.osThreadCreate)
    [Anonymous Symbol]                       0x080023f0   Section        0  tasks.o(.text.prvAddCurrentTaskToDelayedList)
    prvAddCurrentTaskToDelayedList           0x080023f1   Thumb Code   176  tasks.o(.text.prvAddCurrentTaskToDelayedList)
    [Anonymous Symbol]                       0x080024a0   Section        0  tasks.o(.text.prvIdleTask)
    prvIdleTask                              0x080024a1   Thumb Code   122  tasks.o(.text.prvIdleTask)
    [Anonymous Symbol]                       0x0800251c   Section        0  port.o(.text.prvPortStartFirstTask)
    prvPortStartFirstTask                    0x0800251d   Thumb Code    26  port.o(.text.prvPortStartFirstTask)
    [Anonymous Symbol]                       0x0800253c   Section        0  port.o(.text.prvTaskExitError)
    prvTaskExitError                         0x0800253d   Thumb Code    38  port.o(.text.prvTaskExitError)
    [Anonymous Symbol]                       0x08002564   Section        0  heap_4.o(.text.pvPortMalloc)
    [Anonymous Symbol]                       0x08002748   Section        0  port.o(.text.pxPortInitialiseStack)
    [Anonymous Symbol]                       0x0800276c   Section        0  app_freertos.o(.text.usart_thread)
    [Anonymous Symbol]                       0x080027d4   Section        0  list.o(.text.uxListRemove)
    [Anonymous Symbol]                       0x080027f8   Section        0  list.o(.text.vListInitialise)
    [Anonymous Symbol]                       0x08002810   Section        0  list.o(.text.vListInitialiseItem)
    [Anonymous Symbol]                       0x08002818   Section        0  list.o(.text.vListInsert)
    [Anonymous Symbol]                       0x08002854   Section        0  list.o(.text.vListInsertEnd)
    [Anonymous Symbol]                       0x0800286c   Section        0  port.o(.text.vPortEnableVFP)
    vPortEnableVFP                           0x0800286d   Thumb Code    14  port.o(.text.vPortEnableVFP)
    [Anonymous Symbol]                       0x08002880   Section        0  port.o(.text.vPortEnterCritical)
    [Anonymous Symbol]                       0x080028cc   Section        0  port.o(.text.vPortExitCritical)
    [Anonymous Symbol]                       0x080028fc   Section        0  heap_4.o(.text.vPortFree)
    [Anonymous Symbol]                       0x080029c4   Section        0  port.o(.text.vPortSetupTimerInterrupt)
    [Anonymous Symbol]                       0x080029f4   Section        0  tasks.o(.text.vTaskDelay)
    [Anonymous Symbol]                       0x08002a4c   Section        0  tasks.o(.text.vTaskStartScheduler)
    [Anonymous Symbol]                       0x08002ad8   Section        0  tasks.o(.text.vTaskSuspendAll)
    [Anonymous Symbol]                       0x08002ae8   Section        0  tasks.o(.text.vTaskSwitchContext)
    [Anonymous Symbol]                       0x08002b70   Section        0  port.o(.text.xPortStartScheduler)
    [Anonymous Symbol]                       0x08002c88   Section        0  tasks.o(.text.xTaskCreate)
    [Anonymous Symbol]                       0x08002ec0   Section        0  tasks.o(.text.xTaskIncrementTick)
    [Anonymous Symbol]                       0x08003048   Section        0  tasks.o(.text.xTaskResumeAll)
    i.__scatterload_copy                     0x08003190   Section       14  handlers.o(i.__scatterload_copy)
    i.__scatterload_null                     0x0800319e   Section        2  handlers.o(i.__scatterload_null)
    i.__scatterload_zeroinit                 0x080031a0   Section       14  handlers.o(i.__scatterload_zeroinit)
    [Anonymous Symbol]                       0x080031c8   Section        0  app_freertos.o(.rodata.MX_FREERTOS_Init.os_thread_def_thread1)
    MX_FREERTOS_Init.os_thread_def_thread1   0x080031c8   Data          20  app_freertos.o(.rodata.MX_FREERTOS_Init.os_thread_def_thread1)
    [Anonymous Symbol]                       0x080031dc   Section        0  app_freertos.o(.rodata.MX_FREERTOS_Init.os_thread_def_thread2)
    MX_FREERTOS_Init.os_thread_def_thread2   0x080031dc   Data          20  app_freertos.o(.rodata.MX_FREERTOS_Init.os_thread_def_thread2)
    UARTEx_SetNbDataToProcess.numerator      0x08003208   Data           8  stm32g4xx_hal_uart_ex.o(.rodata.cst8)
    UARTEx_SetNbDataToProcess.denominator    0x08003210   Data           8  stm32g4xx_hal_uart_ex.o(.rodata.cst8)
    [Anonymous Symbol]                       0x08003218   Section        0  app_freertos.o(.rodata.str1.1)
    .L.str.1                                 0x08003218   Data           8  app_freertos.o(.rodata.str1.1)
    .L.str                                   0x08003220   Data           8  app_freertos.o(.rodata.str1.1)
    [Anonymous Symbol]                       0x2000000c   Section        0  port.o(.data.uxCriticalNesting)
    uxCriticalNesting                        0x2000000c   Data           4  port.o(.data.uxCriticalNesting)
    [Anonymous Symbol]                       0x200000f0   Section        0  tasks.o(.bss.pxDelayedTaskList)
    pxDelayedTaskList                        0x200000f0   Data           4  tasks.o(.bss.pxDelayedTaskList)
    [Anonymous Symbol]                       0x200000f4   Section        0  heap_4.o(.bss.pxEnd)
    pxEnd                                    0x200000f4   Data           4  heap_4.o(.bss.pxEnd)
    [Anonymous Symbol]                       0x200000f8   Section        0  tasks.o(.bss.pxOverflowDelayedTaskList)
    pxOverflowDelayedTaskList                0x200000f8   Data           4  tasks.o(.bss.pxOverflowDelayedTaskList)
    [Anonymous Symbol]                       0x200000fc   Section        0  tasks.o(.bss.pxReadyTasksLists)
    pxReadyTasksLists                        0x200000fc   Data         140  tasks.o(.bss.pxReadyTasksLists)
    [Anonymous Symbol]                       0x20000190   Section        0  heap_4.o(.bss.ucHeap)
    ucHeap                                   0x20000190   Data        3072  heap_4.o(.bss.ucHeap)
    [Anonymous Symbol]                       0x20000d90   Section        0  port.o(.bss.ucMaxSysCallPriority)
    ucMaxSysCallPriority                     0x20000d90   Data           1  port.o(.bss.ucMaxSysCallPriority)
    [Anonymous Symbol]                       0x20000d94   Section        0  port.o(.bss.ulMaxPRIGROUPValue)
    ulMaxPRIGROUPValue                       0x20000d94   Data           4  port.o(.bss.ulMaxPRIGROUPValue)
    [Anonymous Symbol]                       0x20000d9c   Section        0  tasks.o(.bss.uxCurrentNumberOfTasks)
    uxCurrentNumberOfTasks                   0x20000d9c   Data           4  tasks.o(.bss.uxCurrentNumberOfTasks)
    [Anonymous Symbol]                       0x20000da0   Section        0  tasks.o(.bss.uxDeletedTasksWaitingCleanUp)
    uxDeletedTasksWaitingCleanUp             0x20000da0   Data           4  tasks.o(.bss.uxDeletedTasksWaitingCleanUp)
    [Anonymous Symbol]                       0x20000da4   Section        0  tasks.o(.bss.uxSchedulerSuspended)
    uxSchedulerSuspended                     0x20000da4   Data           4  tasks.o(.bss.uxSchedulerSuspended)
    [Anonymous Symbol]                       0x20000da8   Section        0  tasks.o(.bss.uxTaskNumber)
    uxTaskNumber                             0x20000da8   Data           4  tasks.o(.bss.uxTaskNumber)
    [Anonymous Symbol]                       0x20000dac   Section        0  tasks.o(.bss.uxTopReadyPriority)
    uxTopReadyPriority                       0x20000dac   Data           4  tasks.o(.bss.uxTopReadyPriority)
    xBlockAllocatedBit                       0x20000db0   Data           1  heap_4.o(.bss.xBlockAllocatedBit)
    [Anonymous Symbol]                       0x20000db4   Section        0  tasks.o(.bss.xDelayedTaskList1)
    xDelayedTaskList1                        0x20000db4   Data          20  tasks.o(.bss.xDelayedTaskList1)
    [Anonymous Symbol]                       0x20000dc8   Section        0  tasks.o(.bss.xDelayedTaskList2)
    xDelayedTaskList2                        0x20000dc8   Data          20  tasks.o(.bss.xDelayedTaskList2)
    [Anonymous Symbol]                       0x20000ddc   Section        0  heap_4.o(.bss.xFreeBytesRemaining)
    xFreeBytesRemaining                      0x20000ddc   Data           4  heap_4.o(.bss.xFreeBytesRemaining)
    [Anonymous Symbol]                       0x20000de0   Section        0  tasks.o(.bss.xIdleTaskHandle)
    xIdleTaskHandle                          0x20000de0   Data           4  tasks.o(.bss.xIdleTaskHandle)
    [Anonymous Symbol]                       0x20000de4   Section        0  heap_4.o(.bss.xMinimumEverFreeBytesRemaining)
    xMinimumEverFreeBytesRemaining           0x20000de4   Data           4  heap_4.o(.bss.xMinimumEverFreeBytesRemaining)
    [Anonymous Symbol]                       0x20000de8   Section        0  tasks.o(.bss.xNextTaskUnblockTime)
    xNextTaskUnblockTime                     0x20000de8   Data           4  tasks.o(.bss.xNextTaskUnblockTime)
    [Anonymous Symbol]                       0x20000dec   Section        0  tasks.o(.bss.xNumOfOverflows)
    xNumOfOverflows                          0x20000dec   Data           4  tasks.o(.bss.xNumOfOverflows)
    [Anonymous Symbol]                       0x20000df0   Section        0  heap_4.o(.bss.xNumberOfSuccessfulAllocations)
    xNumberOfSuccessfulAllocations           0x20000df0   Data           4  heap_4.o(.bss.xNumberOfSuccessfulAllocations)
    [Anonymous Symbol]                       0x20000df4   Section        0  heap_4.o(.bss.xNumberOfSuccessfulFrees)
    xNumberOfSuccessfulFrees                 0x20000df4   Data           4  heap_4.o(.bss.xNumberOfSuccessfulFrees)
    [Anonymous Symbol]                       0x20000df8   Section        0  tasks.o(.bss.xPendedTicks)
    xPendedTicks                             0x20000df8   Data           4  tasks.o(.bss.xPendedTicks)
    [Anonymous Symbol]                       0x20000dfc   Section        0  tasks.o(.bss.xPendingReadyList)
    xPendingReadyList                        0x20000dfc   Data          20  tasks.o(.bss.xPendingReadyList)
    [Anonymous Symbol]                       0x20000e10   Section        0  tasks.o(.bss.xSchedulerRunning)
    xSchedulerRunning                        0x20000e10   Data           4  tasks.o(.bss.xSchedulerRunning)
    [Anonymous Symbol]                       0x20000e14   Section        0  heap_4.o(.bss.xStart)
    xStart                                   0x20000e14   Data           8  heap_4.o(.bss.xStart)
    [Anonymous Symbol]                       0x20000e1c   Section        0  tasks.o(.bss.xSuspendedTaskList)
    xSuspendedTaskList                       0x20000e1c   Data          20  tasks.o(.bss.xSuspendedTaskList)
    [Anonymous Symbol]                       0x20000e30   Section        0  tasks.o(.bss.xTasksWaitingTermination)
    xTasksWaitingTermination                 0x20000e30   Data          20  tasks.o(.bss.xTasksWaitingTermination)
    [Anonymous Symbol]                       0x20000e44   Section        0  tasks.o(.bss.xTickCount)
    xTickCount                               0x20000e44   Data           4  tasks.o(.bss.xTickCount)
    [Anonymous Symbol]                       0x20000e48   Section        0  tasks.o(.bss.xYieldPending)
    xYieldPending                            0x20000e48   Data           4  tasks.o(.bss.xYieldPending)
    STACK                                    0x20000e50   Section     1024  startup_stm32g474xx.o(STACK)

    Global Symbols

    Symbol Name                              Value     Ov Type        Size  Object(Section)

    BuildAttributes$$THM_ISAv4$E$P$D$K$B$S$7EM$VFPi3$EXTD16$VFPS$VFMA$PE$A:L22UL41UL21$X:L11$S22US41US21$IEEE1$IW$~IW$USESV6$~STKCKD$USESV7$~SHL$OTIME$EBA8$MICROLIB$REQ8$PRES8$EABIv2 0x00000000   Number         0  anon$$obj.o ABSOLUTE
    __cpp_initialize__aeabi_                  - Undefined Weak Reference
    __cxa_finalize                            - Undefined Weak Reference
    __decompress                              - Undefined Weak Reference
    _clock_init                               - Undefined Weak Reference
    _microlib_exit                            - Undefined Weak Reference
    __Vectors_Size                           0x000001d8   Number         0  startup_stm32g474xx.o ABSOLUTE
    __Vectors                                0x08000000   Data           4  startup_stm32g474xx.o(RESET)
    __Vectors_End                            0x080001d8   Data           0  startup_stm32g474xx.o(RESET)
    __main                                   0x080001d9   Thumb Code     0  entry.o(.ARM.Collect$$$$00000000)
    _main_stk                                0x080001d9   Thumb Code     0  entry2.o(.ARM.Collect$$$$00000001)
    _main_scatterload                        0x080001dd   Thumb Code     0  entry5.o(.ARM.Collect$$$$00000004)
    __main_after_scatterload                 0x080001e1   Thumb Code     0  entry5.o(.ARM.Collect$$$$00000004)
    _main_clock                              0x080001e1   Thumb Code     0  entry7b.o(.ARM.Collect$$$$00000008)
    _main_cpp_init                           0x080001e1   Thumb Code     0  entry8b.o(.ARM.Collect$$$$0000000A)
    _main_init                               0x080001e1   Thumb Code     0  entry9a.o(.ARM.Collect$$$$0000000B)
    __rt_final_cpp                           0x080001e9   Thumb Code     0  entry10a.o(.ARM.Collect$$$$0000000D)
    __rt_final_exit                          0x080001e9   Thumb Code     0  entry11a.o(.ARM.Collect$$$$0000000F)
    Reset_Handler                            0x080001ed   Thumb Code     8  startup_stm32g474xx.o(.text)
    ADC1_2_IRQHandler                        0x08000207   Thumb Code     0  startup_stm32g474xx.o(.text)
    ADC3_IRQHandler                          0x08000207   Thumb Code     0  startup_stm32g474xx.o(.text)
    ADC4_IRQHandler                          0x08000207   Thumb Code     0  startup_stm32g474xx.o(.text)
    ADC5_IRQHandler                          0x08000207   Thumb Code     0  startup_stm32g474xx.o(.text)
    COMP1_2_3_IRQHandler                     0x08000207   Thumb Code     0  startup_stm32g474xx.o(.text)
    COMP4_5_6_IRQHandler                     0x08000207   Thumb Code     0  startup_stm32g474xx.o(.text)
    COMP7_IRQHandler                         0x08000207   Thumb Code     0  startup_stm32g474xx.o(.text)
    CORDIC_IRQHandler                        0x08000207   Thumb Code     0  startup_stm32g474xx.o(.text)
    CRS_IRQHandler                           0x08000207   Thumb Code     0  startup_stm32g474xx.o(.text)
    DMA1_Channel1_IRQHandler                 0x08000207   Thumb Code     0  startup_stm32g474xx.o(.text)
    DMA1_Channel2_IRQHandler                 0x08000207   Thumb Code     0  startup_stm32g474xx.o(.text)
    DMA1_Channel3_IRQHandler                 0x08000207   Thumb Code     0  startup_stm32g474xx.o(.text)
    DMA1_Channel4_IRQHandler                 0x08000207   Thumb Code     0  startup_stm32g474xx.o(.text)
    DMA1_Channel5_IRQHandler                 0x08000207   Thumb Code     0  startup_stm32g474xx.o(.text)
    DMA1_Channel6_IRQHandler                 0x08000207   Thumb Code     0  startup_stm32g474xx.o(.text)
    DMA1_Channel7_IRQHandler                 0x08000207   Thumb Code     0  startup_stm32g474xx.o(.text)
    DMA1_Channel8_IRQHandler                 0x08000207   Thumb Code     0  startup_stm32g474xx.o(.text)
    DMA2_Channel1_IRQHandler                 0x08000207   Thumb Code     0  startup_stm32g474xx.o(.text)
    DMA2_Channel2_IRQHandler                 0x08000207   Thumb Code     0  startup_stm32g474xx.o(.text)
    DMA2_Channel3_IRQHandler                 0x08000207   Thumb Code     0  startup_stm32g474xx.o(.text)
    DMA2_Channel4_IRQHandler                 0x08000207   Thumb Code     0  startup_stm32g474xx.o(.text)
    DMA2_Channel5_IRQHandler                 0x08000207   Thumb Code     0  startup_stm32g474xx.o(.text)
    DMA2_Channel6_IRQHandler                 0x08000207   Thumb Code     0  startup_stm32g474xx.o(.text)
    DMA2_Channel7_IRQHandler                 0x08000207   Thumb Code     0  startup_stm32g474xx.o(.text)
    DMA2_Channel8_IRQHandler                 0x08000207   Thumb Code     0  startup_stm32g474xx.o(.text)
    DMAMUX_OVR_IRQHandler                    0x08000207   Thumb Code     0  startup_stm32g474xx.o(.text)
    EXTI0_IRQHandler                         0x08000207   Thumb Code     0  startup_stm32g474xx.o(.text)
    EXTI15_10_IRQHandler                     0x08000207   Thumb Code     0  startup_stm32g474xx.o(.text)
    EXTI1_IRQHandler                         0x08000207   Thumb Code     0  startup_stm32g474xx.o(.text)
    EXTI2_IRQHandler                         0x08000207   Thumb Code     0  startup_stm32g474xx.o(.text)
    EXTI3_IRQHandler                         0x08000207   Thumb Code     0  startup_stm32g474xx.o(.text)
    EXTI4_IRQHandler                         0x08000207   Thumb Code     0  startup_stm32g474xx.o(.text)
    EXTI9_5_IRQHandler                       0x08000207   Thumb Code     0  startup_stm32g474xx.o(.text)
    FDCAN1_IT0_IRQHandler                    0x08000207   Thumb Code     0  startup_stm32g474xx.o(.text)
    FDCAN1_IT1_IRQHandler                    0x08000207   Thumb Code     0  startup_stm32g474xx.o(.text)
    FDCAN2_IT0_IRQHandler                    0x08000207   Thumb Code     0  startup_stm32g474xx.o(.text)
    FDCAN2_IT1_IRQHandler                    0x08000207   Thumb Code     0  startup_stm32g474xx.o(.text)
    FDCAN3_IT0_IRQHandler                    0x08000207   Thumb Code     0  startup_stm32g474xx.o(.text)
    FDCAN3_IT1_IRQHandler                    0x08000207   Thumb Code     0  startup_stm32g474xx.o(.text)
    FLASH_IRQHandler                         0x08000207   Thumb Code     0  startup_stm32g474xx.o(.text)
    FMAC_IRQHandler                          0x08000207   Thumb Code     0  startup_stm32g474xx.o(.text)
    FMC_IRQHandler                           0x08000207   Thumb Code     0  startup_stm32g474xx.o(.text)
    FPU_IRQHandler                           0x08000207   Thumb Code     0  startup_stm32g474xx.o(.text)
    HRTIM1_FLT_IRQHandler                    0x08000207   Thumb Code     0  startup_stm32g474xx.o(.text)
    HRTIM1_Master_IRQHandler                 0x08000207   Thumb Code     0  startup_stm32g474xx.o(.text)
    HRTIM1_TIMA_IRQHandler                   0x08000207   Thumb Code     0  startup_stm32g474xx.o(.text)
    HRTIM1_TIMB_IRQHandler                   0x08000207   Thumb Code     0  startup_stm32g474xx.o(.text)
    HRTIM1_TIMC_IRQHandler                   0x08000207   Thumb Code     0  startup_stm32g474xx.o(.text)
    HRTIM1_TIMD_IRQHandler                   0x08000207   Thumb Code     0  startup_stm32g474xx.o(.text)
    HRTIM1_TIME_IRQHandler                   0x08000207   Thumb Code     0  startup_stm32g474xx.o(.text)
    HRTIM1_TIMF_IRQHandler                   0x08000207   Thumb Code     0  startup_stm32g474xx.o(.text)
    I2C1_ER_IRQHandler                       0x08000207   Thumb Code     0  startup_stm32g474xx.o(.text)
    I2C1_EV_IRQHandler                       0x08000207   Thumb Code     0  startup_stm32g474xx.o(.text)
    I2C2_ER_IRQHandler                       0x08000207   Thumb Code     0  startup_stm32g474xx.o(.text)
    I2C2_EV_IRQHandler                       0x08000207   Thumb Code     0  startup_stm32g474xx.o(.text)
    I2C3_ER_IRQHandler                       0x08000207   Thumb Code     0  startup_stm32g474xx.o(.text)
    I2C3_EV_IRQHandler                       0x08000207   Thumb Code     0  startup_stm32g474xx.o(.text)
    I2C4_ER_IRQHandler                       0x08000207   Thumb Code     0  startup_stm32g474xx.o(.text)
    I2C4_EV_IRQHandler                       0x08000207   Thumb Code     0  startup_stm32g474xx.o(.text)
    LPTIM1_IRQHandler                        0x08000207   Thumb Code     0  startup_stm32g474xx.o(.text)
    LPUART1_IRQHandler                       0x08000207   Thumb Code     0  startup_stm32g474xx.o(.text)
    PVD_PVM_IRQHandler                       0x08000207   Thumb Code     0  startup_stm32g474xx.o(.text)
    QUADSPI_IRQHandler                       0x08000207   Thumb Code     0  startup_stm32g474xx.o(.text)
    RCC_IRQHandler                           0x08000207   Thumb Code     0  startup_stm32g474xx.o(.text)
    RNG_IRQHandler                           0x08000207   Thumb Code     0  startup_stm32g474xx.o(.text)
    RTC_Alarm_IRQHandler                     0x08000207   Thumb Code     0  startup_stm32g474xx.o(.text)
    RTC_TAMP_LSECSS_IRQHandler               0x08000207   Thumb Code     0  startup_stm32g474xx.o(.text)
    RTC_WKUP_IRQHandler                      0x08000207   Thumb Code     0  startup_stm32g474xx.o(.text)
    SAI1_IRQHandler                          0x08000207   Thumb Code     0  startup_stm32g474xx.o(.text)
    SPI1_IRQHandler                          0x08000207   Thumb Code     0  startup_stm32g474xx.o(.text)
    SPI2_IRQHandler                          0x08000207   Thumb Code     0  startup_stm32g474xx.o(.text)
    SPI3_IRQHandler                          0x08000207   Thumb Code     0  startup_stm32g474xx.o(.text)
    SPI4_IRQHandler                          0x08000207   Thumb Code     0  startup_stm32g474xx.o(.text)
    TIM1_BRK_TIM15_IRQHandler                0x08000207   Thumb Code     0  startup_stm32g474xx.o(.text)
    TIM1_CC_IRQHandler                       0x08000207   Thumb Code     0  startup_stm32g474xx.o(.text)
    TIM1_TRG_COM_TIM17_IRQHandler            0x08000207   Thumb Code     0  startup_stm32g474xx.o(.text)
    TIM20_BRK_IRQHandler                     0x08000207   Thumb Code     0  startup_stm32g474xx.o(.text)
    TIM20_CC_IRQHandler                      0x08000207   Thumb Code     0  startup_stm32g474xx.o(.text)
    TIM20_TRG_COM_IRQHandler                 0x08000207   Thumb Code     0  startup_stm32g474xx.o(.text)
    TIM20_UP_IRQHandler                      0x08000207   Thumb Code     0  startup_stm32g474xx.o(.text)
    TIM2_IRQHandler                          0x08000207   Thumb Code     0  startup_stm32g474xx.o(.text)
    TIM3_IRQHandler                          0x08000207   Thumb Code     0  startup_stm32g474xx.o(.text)
    TIM4_IRQHandler                          0x08000207   Thumb Code     0  startup_stm32g474xx.o(.text)
    TIM5_IRQHandler                          0x08000207   Thumb Code     0  startup_stm32g474xx.o(.text)
    TIM6_DAC_IRQHandler                      0x08000207   Thumb Code     0  startup_stm32g474xx.o(.text)
    TIM7_DAC_IRQHandler                      0x08000207   Thumb Code     0  startup_stm32g474xx.o(.text)
    TIM8_BRK_IRQHandler                      0x08000207   Thumb Code     0  startup_stm32g474xx.o(.text)
    TIM8_CC_IRQHandler                       0x08000207   Thumb Code     0  startup_stm32g474xx.o(.text)
    TIM8_TRG_COM_IRQHandler                  0x08000207   Thumb Code     0  startup_stm32g474xx.o(.text)
    TIM8_UP_IRQHandler                       0x08000207   Thumb Code     0  startup_stm32g474xx.o(.text)
    UART4_IRQHandler                         0x08000207   Thumb Code     0  startup_stm32g474xx.o(.text)
    UART5_IRQHandler                         0x08000207   Thumb Code     0  startup_stm32g474xx.o(.text)
    UCPD1_IRQHandler                         0x08000207   Thumb Code     0  startup_stm32g474xx.o(.text)
    USART1_IRQHandler                        0x08000207   Thumb Code     0  startup_stm32g474xx.o(.text)
    USART2_IRQHandler                        0x08000207   Thumb Code     0  startup_stm32g474xx.o(.text)
    USART3_IRQHandler                        0x08000207   Thumb Code     0  startup_stm32g474xx.o(.text)
    USBWakeUp_IRQHandler                     0x08000207   Thumb Code     0  startup_stm32g474xx.o(.text)
    USB_HP_IRQHandler                        0x08000207   Thumb Code     0  startup_stm32g474xx.o(.text)
    USB_LP_IRQHandler                        0x08000207   Thumb Code     0  startup_stm32g474xx.o(.text)
    WWDG_IRQHandler                          0x08000207   Thumb Code     0  startup_stm32g474xx.o(.text)
    __aeabi_uldivmod                         0x08000211   Thumb Code    98  uldiv.o(.text)
    __aeabi_memset                           0x08000273   Thumb Code    14  memseta.o(.text)
    __aeabi_memset4                          0x08000273   Thumb Code     0  memseta.o(.text)
    __aeabi_memset8                          0x08000273   Thumb Code     0  memseta.o(.text)
    __aeabi_memclr                           0x08000281   Thumb Code     4  memseta.o(.text)
    __aeabi_memclr4                          0x08000281   Thumb Code     0  memseta.o(.text)
    __aeabi_memclr8                          0x08000281   Thumb Code     0  memseta.o(.text)
    _memset$wrapper                          0x08000285   Thumb Code    18  memseta.o(.text)
    __aeabi_llsl                             0x08000297   Thumb Code    30  llshl.o(.text)
    _ll_shift_l                              0x08000297   Thumb Code     0  llshl.o(.text)
    __aeabi_llsr                             0x080002b5   Thumb Code    32  llushr.o(.text)
    _ll_ushift_r                             0x080002b5   Thumb Code     0  llushr.o(.text)
    __scatterload                            0x080002d5   Thumb Code    28  init.o(.text)
    __scatterload_rt2                        0x080002d5   Thumb Code     0  init.o(.text)
    BusFault_Handler                         0x080002f9   Thumb Code     2  stm32g4xx_it.o(.text.BusFault_Handler)
    DebugMon_Handler                         0x080002fd   Thumb Code     2  stm32g4xx_it.o(.text.DebugMon_Handler)
    Error_Handler                            0x08000301   Thumb Code    10  main.o(.text.Error_Handler)
    HAL_GPIO_Init                            0x0800030d   Thumb Code   444  stm32g4xx_hal_gpio.o(.text.HAL_GPIO_Init)
    HAL_GPIO_TogglePin                       0x080004c9   Thumb Code    16  stm32g4xx_hal_gpio.o(.text.HAL_GPIO_TogglePin)
    HAL_GPIO_WritePin                        0x080004d9   Thumb Code    16  stm32g4xx_hal_gpio.o(.text.HAL_GPIO_WritePin)
    HAL_GetTick                              0x080004e9   Thumb Code    12  stm32g4xx_hal.o(.text.HAL_GetTick)
    HAL_IncTick                              0x080004f5   Thumb Code    26  stm32g4xx_hal.o(.text.HAL_IncTick)
    HAL_Init                                 0x08000511   Thumb Code    30  stm32g4xx_hal.o(.text.HAL_Init)
    HAL_InitTick                             0x08000531   Thumb Code   164  stm32g4xx_hal_timebase_tim.o(.text.HAL_InitTick)
    HAL_MspInit                              0x080005d5   Thumb Code    70  stm32g4xx_hal_msp.o(.text.HAL_MspInit)
    HAL_NVIC_EnableIRQ                       0x0800061d   Thumb Code    32  stm32g4xx_hal_cortex.o(.text.HAL_NVIC_EnableIRQ)
    HAL_NVIC_SetPriority                     0x0800063d   Thumb Code   100  stm32g4xx_hal_cortex.o(.text.HAL_NVIC_SetPriority)
    HAL_NVIC_SetPriorityGrouping             0x080006a1   Thumb Code    32  stm32g4xx_hal_cortex.o(.text.HAL_NVIC_SetPriorityGrouping)
    HAL_PWREx_ControlVoltageScaling          0x080006c1   Thumb Code   214  stm32g4xx_hal_pwr_ex.o(.text.HAL_PWREx_ControlVoltageScaling)
    HAL_PWREx_DisableUCPDDeadBattery         0x08000799   Thumb Code    18  stm32g4xx_hal_pwr_ex.o(.text.HAL_PWREx_DisableUCPDDeadBattery)
    HAL_RCCEx_PeriphCLKConfig                0x080007ad   Thumb Code   806  stm32g4xx_hal_rcc_ex.o(.text.HAL_RCCEx_PeriphCLKConfig)
    HAL_RCC_ClockConfig                      0x08000ad5   Thumb Code   754  stm32g4xx_hal_rcc.o(.text.HAL_RCC_ClockConfig)
    HAL_RCC_GetClockConfig                   0x08000dc9   Thumb Code    66  stm32g4xx_hal_rcc.o(.text.HAL_RCC_GetClockConfig)
    HAL_RCC_GetPCLK1Freq                     0x08000e0d   Thumb Code    42  stm32g4xx_hal_rcc.o(.text.HAL_RCC_GetPCLK1Freq)
    HAL_RCC_GetPCLK2Freq                     0x08000e39   Thumb Code    42  stm32g4xx_hal_rcc.o(.text.HAL_RCC_GetPCLK2Freq)
    HAL_RCC_GetSysClockFreq                  0x08000e65   Thumb Code   118  stm32g4xx_hal_rcc.o(.text.HAL_RCC_GetSysClockFreq)
    HAL_RCC_OscConfig                        0x08000edd   Thumb Code  1284  stm32g4xx_hal_rcc.o(.text.HAL_RCC_OscConfig)
    HAL_TIMEx_Break2Callback                 0x080013e1   Thumb Code     2  stm32g4xx_hal_tim_ex.o(.text.HAL_TIMEx_Break2Callback)
    HAL_TIMEx_BreakCallback                  0x080013e5   Thumb Code     2  stm32g4xx_hal_tim_ex.o(.text.HAL_TIMEx_BreakCallback)
    HAL_TIMEx_CommutCallback                 0x080013e9   Thumb Code     2  stm32g4xx_hal_tim_ex.o(.text.HAL_TIMEx_CommutCallback)
    HAL_TIMEx_DirectionChangeCallback        0x080013ed   Thumb Code     2  stm32g4xx_hal_tim_ex.o(.text.HAL_TIMEx_DirectionChangeCallback)
    HAL_TIMEx_EncoderIndexCallback           0x080013f1   Thumb Code     2  stm32g4xx_hal_tim_ex.o(.text.HAL_TIMEx_EncoderIndexCallback)
    HAL_TIMEx_IndexErrorCallback             0x080013f5   Thumb Code     2  stm32g4xx_hal_tim_ex.o(.text.HAL_TIMEx_IndexErrorCallback)
    HAL_TIMEx_TransitionErrorCallback        0x080013f9   Thumb Code     2  stm32g4xx_hal_tim_ex.o(.text.HAL_TIMEx_TransitionErrorCallback)
    HAL_TIM_Base_Init                        0x080013fd   Thumb Code   402  stm32g4xx_hal_tim.o(.text.HAL_TIM_Base_Init)
    HAL_TIM_Base_MspInit                     0x08001591   Thumb Code     2  stm32g4xx_hal_tim.o(.text.HAL_TIM_Base_MspInit)
    HAL_TIM_Base_Start_IT                    0x08001595   Thumb Code   178  stm32g4xx_hal_tim.o(.text.HAL_TIM_Base_Start_IT)
    HAL_TIM_IC_CaptureCallback               0x08001649   Thumb Code     2  stm32g4xx_hal_tim.o(.text.HAL_TIM_IC_CaptureCallback)
    HAL_TIM_IRQHandler                       0x0800164d   Thumb Code   520  stm32g4xx_hal_tim.o(.text.HAL_TIM_IRQHandler)
    HAL_TIM_OC_DelayElapsedCallback          0x08001855   Thumb Code     2  stm32g4xx_hal_tim.o(.text.HAL_TIM_OC_DelayElapsedCallback)
    HAL_TIM_PWM_PulseFinishedCallback        0x08001859   Thumb Code     2  stm32g4xx_hal_tim.o(.text.HAL_TIM_PWM_PulseFinishedCallback)
    HAL_TIM_PeriodElapsedCallback            0x0800185d   Thumb Code    20  main.o(.text.HAL_TIM_PeriodElapsedCallback)
    HAL_TIM_TriggerCallback                  0x08001871   Thumb Code     2  stm32g4xx_hal_tim.o(.text.HAL_TIM_TriggerCallback)
    HAL_UARTEx_DisableFifoMode               0x08001875   Thumb Code    56  stm32g4xx_hal_uart_ex.o(.text.HAL_UARTEx_DisableFifoMode)
    HAL_UARTEx_SetRxFifoThreshold            0x080018ad   Thumb Code   144  stm32g4xx_hal_uart_ex.o(.text.HAL_UARTEx_SetRxFifoThreshold)
    HAL_UARTEx_SetTxFifoThreshold            0x0800193d   Thumb Code   144  stm32g4xx_hal_uart_ex.o(.text.HAL_UARTEx_SetTxFifoThreshold)
    HAL_UART_Init                            0x080019cd   Thumb Code   206  stm32g4xx_hal_uart.o(.text.HAL_UART_Init)
    HAL_UART_MspInit                         0x08001a9d   Thumb Code   186  usart.o(.text.HAL_UART_MspInit)
    HAL_UART_Transmit                        0x08001b59   Thumb Code   222  stm32g4xx_hal_uart.o(.text.HAL_UART_Transmit)
    HardFault_Handler                        0x08001c39   Thumb Code     2  stm32g4xx_it.o(.text.HardFault_Handler)
    MX_FREERTOS_Init                         0x08001c3d   Thumb Code    52  app_freertos.o(.text.MX_FREERTOS_Init)
    MX_GPIO_Init                             0x08001c71   Thumb Code   116  gpio.o(.text.MX_GPIO_Init)
    MX_USART1_UART_Init                      0x08001ce5   Thumb Code   130  usart.o(.text.MX_USART1_UART_Init)
    MemManage_Handler                        0x08001d69   Thumb Code     2  stm32g4xx_it.o(.text.MemManage_Handler)
    NMI_Handler                              0x08001d6d   Thumb Code     2  stm32g4xx_it.o(.text.NMI_Handler)
    PendSV_Handler                           0x08001d71   Thumb Code   100  port.o(.text.PendSV_Handler)
    SVC_Handler                              0x08001de1   Thumb Code    36  port.o(.text.SVC_Handler)
    SysTick_Handler                          0x08001e05   Thumb Code    48  port.o(.text.SysTick_Handler)
    SystemInit                               0x08001e35   Thumb Code    18  system_stm32g4xx.o(.text.SystemInit)
    TIM1_UP_TIM16_IRQHandler                 0x08001e49   Thumb Code    12  stm32g4xx_it.o(.text.TIM1_UP_TIM16_IRQHandler)
    UART_AdvFeatureConfig                    0x08001e55   Thumb Code   234  stm32g4xx_hal_uart.o(.text.UART_AdvFeatureConfig)
    UART_SetConfig                           0x08001f41   Thumb Code   702  stm32g4xx_hal_uart.o(.text.UART_SetConfig)
    UART_WaitOnFlagUntilTimeout              0x08002201   Thumb Code   238  stm32g4xx_hal_uart.o(.text.UART_WaitOnFlagUntilTimeout)
    UsageFault_Handler                       0x080022f1   Thumb Code     2  stm32g4xx_it.o(.text.UsageFault_Handler)
    led_thread                               0x080022f5   Thumb Code    32  app_freertos.o(.text.led_thread)
    main                                     0x08002315   Thumb Code   134  main.o(.text.main)
    osDelay                                  0x0800239d   Thumb Code    16  cmsis_os.o(.text.osDelay)
    osKernelStart                            0x080023ad   Thumb Code    10  cmsis_os.o(.text.osKernelStart)
    osThreadCreate                           0x080023b9   Thumb Code    56  cmsis_os.o(.text.osThreadCreate)
    pvPortMalloc                             0x08002565   Thumb Code   482  heap_4.o(.text.pvPortMalloc)
    pxPortInitialiseStack                    0x08002749   Thumb Code    36  port.o(.text.pxPortInitialiseStack)
    usart_thread                             0x0800276d   Thumb Code   104  app_freertos.o(.text.usart_thread)
    uxListRemove                             0x080027d5   Thumb Code    34  list.o(.text.uxListRemove)
    vListInitialise                          0x080027f9   Thumb Code    22  list.o(.text.vListInitialise)
    vListInitialiseItem                      0x08002811   Thumb Code     6  list.o(.text.vListInitialiseItem)
    vListInsert                              0x08002819   Thumb Code    60  list.o(.text.vListInsert)
    vListInsertEnd                           0x08002855   Thumb Code    24  list.o(.text.vListInsertEnd)
    vPortEnterCritical                       0x08002881   Thumb Code    74  port.o(.text.vPortEnterCritical)
    vPortExitCritical                        0x080028cd   Thumb Code    46  port.o(.text.vPortExitCritical)
    vPortFree                                0x080028fd   Thumb Code   200  heap_4.o(.text.vPortFree)
    vPortSetupTimerInterrupt                 0x080029c5   Thumb Code    46  port.o(.text.vPortSetupTimerInterrupt)
    vTaskDelay                               0x080029f5   Thumb Code    86  tasks.o(.text.vTaskDelay)
    vTaskStartScheduler                      0x08002a4d   Thumb Code   140  tasks.o(.text.vTaskStartScheduler)
    vTaskSuspendAll                          0x08002ad9   Thumb Code    16  tasks.o(.text.vTaskSuspendAll)
    vTaskSwitchContext                       0x08002ae9   Thumb Code   134  tasks.o(.text.vTaskSwitchContext)
    xPortStartScheduler                      0x08002b71   Thumb Code   278  port.o(.text.xPortStartScheduler)
    xTaskCreate                              0x08002c89   Thumb Code   568  tasks.o(.text.xTaskCreate)
    xTaskIncrementTick                       0x08002ec1   Thumb Code   390  tasks.o(.text.xTaskIncrementTick)
    xTaskResumeAll                           0x08003049   Thumb Code   328  tasks.o(.text.xTaskResumeAll)
    __scatterload_copy                       0x08003191   Thumb Code    14  handlers.o(i.__scatterload_copy)
    __scatterload_null                       0x0800319f   Thumb Code     2  handlers.o(i.__scatterload_null)
    __scatterload_zeroinit                   0x080031a1   Thumb Code    14  handlers.o(i.__scatterload_zeroinit)
    AHBPrescTable                            0x080031ae   Data          16  system_stm32g4xx.o(.rodata.AHBPrescTable)
    APBPrescTable                            0x080031be   Data           8  system_stm32g4xx.o(.rodata.APBPrescTable)
    UARTPrescTable                           0x080031f0   Data          24  stm32g4xx_hal_uart.o(.rodata.UARTPrescTable)
    Region$$Table$$Base                      0x08003228   Number         0  anon$$obj.o(Region$$Table)
    Region$$Table$$Limit                     0x08003248   Number         0  anon$$obj.o(Region$$Table)
    SystemCoreClock                          0x20000000   Data           4  system_stm32g4xx.o(.data.SystemCoreClock)
    uwTickFreq                               0x20000004   Data           4  stm32g4xx_hal.o(.data.uwTickFreq)
    uwTickPrio                               0x20000008   Data           4  stm32g4xx_hal.o(.data.uwTickPrio)
    htim1                                    0x20000010   Data          76  stm32g4xx_hal_timebase_tim.o(.bss.htim1)
    huart1                                   0x2000005c   Data         144  usart.o(.bss.huart1)
    pxCurrentTCB                             0x200000ec   Data           4  tasks.o(.bss.pxCurrentTCB)
    thread1Handle                            0x20000188   Data           4  app_freertos.o(.bss.thread1Handle)
    thread2Handle                            0x2000018c   Data           4  app_freertos.o(.bss.thread2Handle)
    uwTick                                   0x20000d98   Data           4  stm32g4xx_hal.o(.bss.uwTick)
    __initial_sp                             0x20001250   Data           0  startup_stm32g474xx.o(STACK)



==============================================================================

Memory Map of the image

  Image Entry point : 0x080001d9

  Load Region LR_IROM1 (Base: 0x08000000, Size: 0x00003258, Max: 0x00020000, ABSOLUTE)

    Execution Region ER_IROM1 (Exec base: 0x08000000, Load base: 0x08000000, Size: 0x00003248, Max: 0x00020000, ABSOLUTE)

    Exec Addr    Load Addr    Size         Type   Attr      Idx    E Section Name        Object

    0x08000000   0x08000000   0x000001d8   Data   RO            3    RESET               startup_stm32g474xx.o
    0x080001d8   0x080001d8   0x00000000   Code   RO         1776  * .ARM.Collect$$$$00000000  mc_w.l(entry.o)
    0x080001d8   0x080001d8   0x00000004   Code   RO         1787    .ARM.Collect$$$$00000001  mc_w.l(entry2.o)
    0x080001dc   0x080001dc   0x00000004   Code   RO         1790    .ARM.Collect$$$$00000004  mc_w.l(entry5.o)
    0x080001e0   0x080001e0   0x00000000   Code   RO         1792    .ARM.Collect$$$$00000008  mc_w.l(entry7b.o)
    0x080001e0   0x080001e0   0x00000000   Code   RO         1794    .ARM.Collect$$$$0000000A  mc_w.l(entry8b.o)
    0x080001e0   0x080001e0   0x00000008   Code   RO         1795    .ARM.Collect$$$$0000000B  mc_w.l(entry9a.o)
    0x080001e8   0x080001e8   0x00000000   Code   RO         1797    .ARM.Collect$$$$0000000D  mc_w.l(entry10a.o)
    0x080001e8   0x080001e8   0x00000000   Code   RO         1799    .ARM.Collect$$$$0000000F  mc_w.l(entry11a.o)
    0x080001e8   0x080001e8   0x00000004   Code   RO         1788    .ARM.Collect$$$$00002712  mc_w.l(entry2.o)
    0x080001ec   0x080001ec   0x00000024   Code   RO            4    .text               startup_stm32g474xx.o
    0x08000210   0x08000210   0x00000062   Code   RO         1779    .text               mc_w.l(uldiv.o)
    0x08000272   0x08000272   0x00000024   Code   RO         1783    .text               mc_w.l(memseta.o)
    0x08000296   0x08000296   0x0000001e   Code   RO         1801    .text               mc_w.l(llshl.o)
    0x080002b4   0x080002b4   0x00000020   Code   RO         1803    .text               mc_w.l(llushr.o)
    0x080002d4   0x080002d4   0x00000024   Code   RO         1805    .text               mc_w.l(init.o)
    0x080002f8   0x080002f8   0x00000002   Code   RO           90    .text.BusFault_Handler  stm32g4xx_it.o
    0x080002fa   0x080002fa   0x00000002   PAD
    0x080002fc   0x080002fc   0x00000002   Code   RO           94    .text.DebugMon_Handler  stm32g4xx_it.o
    0x080002fe   0x080002fe   0x00000002   PAD
    0x08000300   0x08000300   0x0000000a   Code   RO           15    .text.Error_Handler  main.o
    0x0800030a   0x0800030a   0x00000002   PAD
    0x0800030c   0x0800030c   0x000001bc   Code   RO          395    .text.HAL_GPIO_Init  stm32g4xx_hal_gpio.o
    0x080004c8   0x080004c8   0x00000010   Code   RO          403    .text.HAL_GPIO_TogglePin  stm32g4xx_hal_gpio.o
    0x080004d8   0x080004d8   0x00000010   Code   RO          401    .text.HAL_GPIO_WritePin  stm32g4xx_hal_gpio.o
    0x080004e8   0x080004e8   0x0000000c   Code   RO          151    .text.HAL_GetTick   stm32g4xx_hal.o
    0x080004f4   0x080004f4   0x0000001a   Code   RO          149    .text.HAL_IncTick   stm32g4xx_hal.o
    0x0800050e   0x0800050e   0x00000002   PAD
    0x08000510   0x08000510   0x0000001e   Code   RO          139    .text.HAL_Init      stm32g4xx_hal.o
    0x0800052e   0x0800052e   0x00000002   PAD
    0x08000530   0x08000530   0x000000a4   Code   RO          121    .text.HAL_InitTick  stm32g4xx_hal_timebase_tim.o
    0x080005d4   0x080005d4   0x00000046   Code   RO          108    .text.HAL_MspInit   stm32g4xx_hal_msp.o
    0x0800061a   0x0800061a   0x00000002   PAD
    0x0800061c   0x0800061c   0x00000020   Code   RO          639    .text.HAL_NVIC_EnableIRQ  stm32g4xx_hal_cortex.o
    0x0800063c   0x0800063c   0x00000064   Code   RO          637    .text.HAL_NVIC_SetPriority  stm32g4xx_hal_cortex.o
    0x080006a0   0x080006a0   0x00000020   Code   RO          635    .text.HAL_NVIC_SetPriorityGrouping  stm32g4xx_hal_cortex.o
    0x080006c0   0x080006c0   0x000000d6   Code   RO          552    .text.HAL_PWREx_ControlVoltageScaling  stm32g4xx_hal_pwr_ex.o
    0x08000796   0x08000796   0x00000002   PAD
    0x08000798   0x08000798   0x00000012   Code   RO          622    .text.HAL_PWREx_DisableUCPDDeadBattery  stm32g4xx_hal_pwr_ex.o
    0x080007aa   0x080007aa   0x00000002   PAD
    0x080007ac   0x080007ac   0x00000326   Code   RO          264    .text.HAL_RCCEx_PeriphCLKConfig  stm32g4xx_hal_rcc_ex.o
    0x08000ad2   0x08000ad2   0x00000002   PAD
    0x08000ad4   0x08000ad4   0x000002f2   Code   RO          227    .text.HAL_RCC_ClockConfig  stm32g4xx_hal_rcc.o
    0x08000dc6   0x08000dc6   0x00000002   PAD
    0x08000dc8   0x08000dc8   0x00000042   Code   RO          241    .text.HAL_RCC_GetClockConfig  stm32g4xx_hal_rcc.o
    0x08000e0a   0x08000e0a   0x00000002   PAD
    0x08000e0c   0x08000e0c   0x0000002a   Code   RO          235    .text.HAL_RCC_GetPCLK1Freq  stm32g4xx_hal_rcc.o
    0x08000e36   0x08000e36   0x00000002   PAD
    0x08000e38   0x08000e38   0x0000002a   Code   RO          237    .text.HAL_RCC_GetPCLK2Freq  stm32g4xx_hal_rcc.o
    0x08000e62   0x08000e62   0x00000002   PAD
    0x08000e64   0x08000e64   0x00000076   Code   RO          229    .text.HAL_RCC_GetSysClockFreq  stm32g4xx_hal_rcc.o
    0x08000eda   0x08000eda   0x00000002   PAD
    0x08000edc   0x08000edc   0x00000504   Code   RO          225    .text.HAL_RCC_OscConfig  stm32g4xx_hal_rcc.o
    0x080013e0   0x080013e0   0x00000002   Code   RO         1036    .text.HAL_TIMEx_Break2Callback  stm32g4xx_hal_tim_ex.o
    0x080013e2   0x080013e2   0x00000002   PAD
    0x080013e4   0x080013e4   0x00000002   Code   RO         1034    .text.HAL_TIMEx_BreakCallback  stm32g4xx_hal_tim_ex.o
    0x080013e6   0x080013e6   0x00000002   PAD
    0x080013e8   0x080013e8   0x00000002   Code   RO         1030    .text.HAL_TIMEx_CommutCallback  stm32g4xx_hal_tim_ex.o
    0x080013ea   0x080013ea   0x00000002   PAD
    0x080013ec   0x080013ec   0x00000002   Code   RO         1040    .text.HAL_TIMEx_DirectionChangeCallback  stm32g4xx_hal_tim_ex.o
    0x080013ee   0x080013ee   0x00000002   PAD
    0x080013f0   0x080013f0   0x00000002   Code   RO         1038    .text.HAL_TIMEx_EncoderIndexCallback  stm32g4xx_hal_tim_ex.o
    0x080013f2   0x080013f2   0x00000002   PAD
    0x080013f4   0x080013f4   0x00000002   Code   RO         1042    .text.HAL_TIMEx_IndexErrorCallback  stm32g4xx_hal_tim_ex.o
    0x080013f6   0x080013f6   0x00000002   PAD
    0x080013f8   0x080013f8   0x00000002   Code   RO         1044    .text.HAL_TIMEx_TransitionErrorCallback  stm32g4xx_hal_tim_ex.o
    0x080013fa   0x080013fa   0x00000002   PAD
    0x080013fc   0x080013fc   0x00000192   Code   RO          682    .text.HAL_TIM_Base_Init  stm32g4xx_hal_tim.o
    0x0800158e   0x0800158e   0x00000002   PAD
    0x08001590   0x08001590   0x00000002   Code   RO          684    .text.HAL_TIM_Base_MspInit  stm32g4xx_hal_tim.o
    0x08001592   0x08001592   0x00000002   PAD
    0x08001594   0x08001594   0x000000b2   Code   RO          696    .text.HAL_TIM_Base_Start_IT  stm32g4xx_hal_tim.o
    0x08001646   0x08001646   0x00000002   PAD
    0x08001648   0x08001648   0x00000002   Code   RO          818    .text.HAL_TIM_IC_CaptureCallback  stm32g4xx_hal_tim.o
    0x0800164a   0x0800164a   0x00000002   PAD
    0x0800164c   0x0800164c   0x00000208   Code   RO          816    .text.HAL_TIM_IRQHandler  stm32g4xx_hal_tim.o
    0x08001854   0x08001854   0x00000002   Code   RO          820    .text.HAL_TIM_OC_DelayElapsedCallback  stm32g4xx_hal_tim.o
    0x08001856   0x08001856   0x00000002   PAD
    0x08001858   0x08001858   0x00000002   Code   RO          822    .text.HAL_TIM_PWM_PulseFinishedCallback  stm32g4xx_hal_tim.o
    0x0800185a   0x0800185a   0x00000002   PAD
    0x0800185c   0x0800185c   0x00000014   Code   RO           17    .text.HAL_TIM_PeriodElapsedCallback  main.o
    0x08001870   0x08001870   0x00000002   Code   RO          826    .text.HAL_TIM_TriggerCallback  stm32g4xx_hal_tim.o
    0x08001872   0x08001872   0x00000002   PAD
    0x08001874   0x08001874   0x00000038   Code   RO         1226    .text.HAL_UARTEx_DisableFifoMode  stm32g4xx_hal_uart_ex.o
    0x080018ac   0x080018ac   0x00000090   Code   RO         1230    .text.HAL_UARTEx_SetRxFifoThreshold  stm32g4xx_hal_uart_ex.o
    0x0800193c   0x0800193c   0x00000090   Code   RO         1228    .text.HAL_UARTEx_SetTxFifoThreshold  stm32g4xx_hal_uart_ex.o
    0x080019cc   0x080019cc   0x000000ce   Code   RO         1062    .text.HAL_UART_Init  stm32g4xx_hal_uart.o
    0x08001a9a   0x08001a9a   0x00000002   PAD
    0x08001a9c   0x08001a9c   0x000000ba   Code   RO           68    .text.HAL_UART_MspInit  usart.o
    0x08001b56   0x08001b56   0x00000002   PAD
    0x08001b58   0x08001b58   0x000000de   Code   RO         1082    .text.HAL_UART_Transmit  stm32g4xx_hal_uart.o
    0x08001c36   0x08001c36   0x00000002   PAD
    0x08001c38   0x08001c38   0x00000002   Code   RO           86    .text.HardFault_Handler  stm32g4xx_it.o
    0x08001c3a   0x08001c3a   0x00000002   PAD
    0x08001c3c   0x08001c3c   0x00000034   Code   RO           44    .text.MX_FREERTOS_Init  app_freertos.o
    0x08001c70   0x08001c70   0x00000074   Code   RO           31    .text.MX_GPIO_Init  gpio.o
    0x08001ce4   0x08001ce4   0x00000082   Code   RO           66    .text.MX_USART1_UART_Init  usart.o
    0x08001d66   0x08001d66   0x00000002   PAD
    0x08001d68   0x08001d68   0x00000002   Code   RO           88    .text.MemManage_Handler  stm32g4xx_it.o
    0x08001d6a   0x08001d6a   0x00000002   PAD
    0x08001d6c   0x08001d6c   0x00000002   Code   RO           84    .text.NMI_Handler   stm32g4xx_it.o
    0x08001d6e   0x08001d6e   0x00000002   PAD
    0x08001d70   0x08001d70   0x00000064   Code   RO         1757    .text.PendSV_Handler  port.o
    0x08001dd4   0x08001dd4   0x0000000c   PAD
    0x08001de0   0x08001de0   0x00000024   Code   RO         1741    .text.SVC_Handler   port.o
    0x08001e04   0x08001e04   0x00000030   Code   RO         1759    .text.SysTick_Handler  port.o
    0x08001e34   0x08001e34   0x00000012   Code   RO         1250    .text.SystemInit    system_stm32g4xx.o
    0x08001e46   0x08001e46   0x00000002   PAD
    0x08001e48   0x08001e48   0x0000000c   Code   RO           96    .text.TIM1_UP_TIM16_IRQHandler  stm32g4xx_it.o
    0x08001e54   0x08001e54   0x000000ea   Code   RO         1068    .text.UART_AdvFeatureConfig  stm32g4xx_hal_uart.o
    0x08001f3e   0x08001f3e   0x00000002   PAD
    0x08001f40   0x08001f40   0x000002be   Code   RO         1066    .text.UART_SetConfig  stm32g4xx_hal_uart.o
    0x080021fe   0x080021fe   0x00000002   PAD
    0x08002200   0x08002200   0x000000ee   Code   RO         1084    .text.UART_WaitOnFlagUntilTimeout  stm32g4xx_hal_uart.o
    0x080022ee   0x080022ee   0x00000002   PAD
    0x080022f0   0x080022f0   0x00000002   Code   RO           92    .text.UsageFault_Handler  stm32g4xx_it.o
    0x080022f2   0x080022f2   0x00000002   PAD
    0x080022f4   0x080022f4   0x00000020   Code   RO           48    .text.led_thread    app_freertos.o
    0x08002314   0x08002314   0x00000086   Code   RO           11    .text.main          main.o
    0x0800239a   0x0800239a   0x00000002   PAD
    0x0800239c   0x0800239c   0x00000010   Code   RO         1603    .text.osDelay       cmsis_os.o
    0x080023ac   0x080023ac   0x0000000a   Code   RO         1585    .text.osKernelStart  cmsis_os.o
    0x080023b6   0x080023b6   0x00000002   PAD
    0x080023b8   0x080023b8   0x00000038   Code   RO         1591    .text.osThreadCreate  cmsis_os.o
    0x080023f0   0x080023f0   0x000000b0   Code   RO         1453    .text.prvAddCurrentTaskToDelayedList  tasks.o
    0x080024a0   0x080024a0   0x0000007a   Code   RO         1477    .text.prvIdleTask   tasks.o
    0x0800251a   0x0800251a   0x00000002   PAD
    0x0800251c   0x0800251c   0x00000020   Code   RO         1749    .text.prvPortStartFirstTask  port.o
    0x0800253c   0x0800253c   0x00000026   Code   RO         1739    .text.prvTaskExitError  port.o
    0x08002562   0x08002562   0x00000002   PAD
    0x08002564   0x08002564   0x000001e2   Code   RO         1706    .text.pvPortMalloc  heap_4.o
    0x08002746   0x08002746   0x00000002   PAD
    0x08002748   0x08002748   0x00000024   Code   RO         1737    .text.pxPortInitialiseStack  port.o
    0x0800276c   0x0800276c   0x00000068   Code   RO           46    .text.usart_thread  app_freertos.o
    0x080027d4   0x080027d4   0x00000022   Code   RO         1317    .text.uxListRemove  list.o
    0x080027f6   0x080027f6   0x00000002   PAD
    0x080027f8   0x080027f8   0x00000016   Code   RO         1309    .text.vListInitialise  list.o
    0x0800280e   0x0800280e   0x00000002   PAD
    0x08002810   0x08002810   0x00000006   Code   RO         1311    .text.vListInitialiseItem  list.o
    0x08002816   0x08002816   0x00000002   PAD
    0x08002818   0x08002818   0x0000003c   Code   RO         1315    .text.vListInsert   list.o
    0x08002854   0x08002854   0x00000018   Code   RO         1313    .text.vListInsertEnd  list.o
    0x0800286c   0x0800286c   0x00000014   Code   RO         1747    .text.vPortEnableVFP  port.o
    0x08002880   0x08002880   0x0000004a   Code   RO         1753    .text.vPortEnterCritical  port.o
    0x080028ca   0x080028ca   0x00000002   PAD
    0x080028cc   0x080028cc   0x0000002e   Code   RO         1755    .text.vPortExitCritical  port.o
    0x080028fa   0x080028fa   0x00000002   PAD
    0x080028fc   0x080028fc   0x000000c8   Code   RO         1708    .text.vPortFree     heap_4.o
    0x080029c4   0x080029c4   0x0000002e   Code   RO         1745    .text.vPortSetupTimerInterrupt  port.o
    0x080029f2   0x080029f2   0x00000002   PAD
    0x080029f4   0x080029f4   0x00000056   Code   RO         1457    .text.vTaskDelay    tasks.o
    0x08002a4a   0x08002a4a   0x00000002   PAD
    0x08002a4c   0x08002a4c   0x0000008c   Code   RO         1475    .text.vTaskStartScheduler  tasks.o
    0x08002ad8   0x08002ad8   0x00000010   Code   RO         1451    .text.vTaskSuspendAll  tasks.o
    0x08002ae8   0x08002ae8   0x00000086   Code   RO         1469    .text.vTaskSwitchContext  tasks.o
    0x08002b6e   0x08002b6e   0x00000002   PAD
    0x08002b70   0x08002b70   0x00000116   Code   RO         1743    .text.xPortStartScheduler  port.o
    0x08002c86   0x08002c86   0x00000002   PAD
    0x08002c88   0x08002c88   0x00000238   Code   RO         1445    .text.xTaskCreate   tasks.o
    0x08002ec0   0x08002ec0   0x00000186   Code   RO         1481    .text.xTaskIncrementTick  tasks.o
    0x08003046   0x08003046   0x00000002   PAD
    0x08003048   0x08003048   0x00000148   Code   RO         1455    .text.xTaskResumeAll  tasks.o
    0x08003190   0x08003190   0x0000000e   Code   RO         1809    i.__scatterload_copy  mc_w.l(handlers.o)
    0x0800319e   0x0800319e   0x00000002   Code   RO         1810    i.__scatterload_null  mc_w.l(handlers.o)
    0x080031a0   0x080031a0   0x0000000e   Code   RO         1811    i.__scatterload_zeroinit  mc_w.l(handlers.o)
    0x080031ae   0x080031ae   0x00000010   Data   RO         1255    .rodata.AHBPrescTable  system_stm32g4xx.o
    0x080031be   0x080031be   0x00000008   Data   RO         1256    .rodata.APBPrescTable  system_stm32g4xx.o
    0x080031c6   0x080031c6   0x00000002   PAD
    0x080031c8   0x080031c8   0x00000014   Data   RO           53    .rodata.MX_FREERTOS_Init.os_thread_def_thread1  app_freertos.o
    0x080031dc   0x080031dc   0x00000014   Data   RO           50    .rodata.MX_FREERTOS_Init.os_thread_def_thread2  app_freertos.o
    0x080031f0   0x080031f0   0x00000018   Data   RO         1196    .rodata.UARTPrescTable  stm32g4xx_hal_uart.o
    0x08003208   0x08003208   0x00000010   Data   RO         1238    .rodata.cst8        stm32g4xx_hal_uart_ex.o
    0x08003218   0x08003218   0x00000010   Data   RO           51    .rodata.str1.1      app_freertos.o
    0x08003228   0x08003228   0x00000020   Data   RO         1807    Region$$Table       anon$$obj.o


    Execution Region RW_IRAM1 (Exec base: 0x20000000, Load base: 0x08003248, Size: 0x00001250, Max: 0x00008000, ABSOLUTE)

    Exec Addr    Load Addr    Size         Type   Attr      Idx    E Section Name        Object

    0x20000000   0x08003248   0x00000004   Data   RW         1254    .data.SystemCoreClock  system_stm32g4xx.o
    0x20000004   0x0800324c   0x00000004   Data   RW          210    .data.uwTickFreq    stm32g4xx_hal.o
    0x20000008   0x08003250   0x00000004   Data   RW          209    .data.uwTickPrio    stm32g4xx_hal.o
    0x2000000c   0x08003254   0x00000004   Data   RW         1765    .data.uxCriticalNesting  port.o
    0x20000010        -       0x0000004c   Zero   RW          127    .bss.htim1          stm32g4xx_hal_timebase_tim.o
    0x2000005c        -       0x00000090   Zero   RW           72    .bss.huart1         usart.o
    0x200000ec        -       0x00000004   Zero   RW         1545    .bss.pxCurrentTCB   tasks.o
    0x200000f0        -       0x00000004   Zero   RW         1555    .bss.pxDelayedTaskList  tasks.o
    0x200000f4        -       0x00000004   Zero   RW         1718    .bss.pxEnd          heap_4.o
    0x200000f8        -       0x00000004   Zero   RW         1556    .bss.pxOverflowDelayedTaskList  tasks.o
    0x200000fc        -       0x0000008c   Zero   RW         1546    .bss.pxReadyTasksLists  tasks.o
    0x20000188        -       0x00000004   Zero   RW           54    .bss.thread1Handle  app_freertos.o
    0x2000018c        -       0x00000004   Zero   RW           52    .bss.thread2Handle  app_freertos.o
    0x20000190        -       0x00000c00   Zero   RW         1725    .bss.ucHeap         heap_4.o
    0x20000d90        -       0x00000001   Zero   RW         1763    .bss.ucMaxSysCallPriority  port.o
    0x20000d91   0x08003258   0x00000003   PAD
    0x20000d94        -       0x00000004   Zero   RW         1764    .bss.ulMaxPRIGROUPValue  port.o
    0x20000d98        -       0x00000004   Zero   RW          211    .bss.uwTick         stm32g4xx_hal.o
    0x20000d9c        -       0x00000004   Zero   RW         1551    .bss.uxCurrentNumberOfTasks  tasks.o
    0x20000da0        -       0x00000004   Zero   RW         1550    .bss.uxDeletedTasksWaitingCleanUp  tasks.o
    0x20000da4        -       0x00000004   Zero   RW         1553    .bss.uxSchedulerSuspended  tasks.o
    0x20000da8        -       0x00000004   Zero   RW         1548    .bss.uxTaskNumber   tasks.o
    0x20000dac        -       0x00000004   Zero   RW         1547    .bss.uxTopReadyPriority  tasks.o
    0x20000db0        -       0x00000001   Zero   RW         1719    .bss.xBlockAllocatedBit  heap_4.o
    0x20000db1   0x08003258   0x00000003   PAD
    0x20000db4        -       0x00000014   Zero   RW         1564    .bss.xDelayedTaskList1  tasks.o
    0x20000dc8        -       0x00000014   Zero   RW         1565    .bss.xDelayedTaskList2  tasks.o
    0x20000ddc        -       0x00000004   Zero   RW         1720    .bss.xFreeBytesRemaining  heap_4.o
    0x20000de0        -       0x00000004   Zero   RW         1559    .bss.xIdleTaskHandle  tasks.o
    0x20000de4        -       0x00000004   Zero   RW         1722    .bss.xMinimumEverFreeBytesRemaining  heap_4.o
    0x20000de8        -       0x00000004   Zero   RW         1560    .bss.xNextTaskUnblockTime  tasks.o
    0x20000dec        -       0x00000004   Zero   RW         1563    .bss.xNumOfOverflows  tasks.o
    0x20000df0        -       0x00000004   Zero   RW         1723    .bss.xNumberOfSuccessfulAllocations  heap_4.o
    0x20000df4        -       0x00000004   Zero   RW         1724    .bss.xNumberOfSuccessfulFrees  heap_4.o
    0x20000df8        -       0x00000004   Zero   RW         1562    .bss.xPendedTicks   tasks.o
    0x20000dfc        -       0x00000014   Zero   RW         1558    .bss.xPendingReadyList  tasks.o
    0x20000e10        -       0x00000004   Zero   RW         1552    .bss.xSchedulerRunning  tasks.o
    0x20000e14        -       0x00000008   Zero   RW         1721    .bss.xStart         heap_4.o
    0x20000e1c        -       0x00000014   Zero   RW         1557    .bss.xSuspendedTaskList  tasks.o
    0x20000e30        -       0x00000014   Zero   RW         1549    .bss.xTasksWaitingTermination  tasks.o
    0x20000e44        -       0x00000004   Zero   RW         1554    .bss.xTickCount     tasks.o
    0x20000e48        -       0x00000004   Zero   RW         1561    .bss.xYieldPending  tasks.o
    0x20000e4c   0x08003258   0x00000004   PAD
    0x20000e50        -       0x00000400   Zero   RW            1    STACK               startup_stm32g474xx.o


==============================================================================

Image component sizes


      Code (inc. data)   RO Data    RW Data    ZI Data      Debug   Object Name

       188         32         56          0          8       2643   app_freertos.o
        82          0          0          0          0      21715   cmsis_os.o
       116          0          0          0          0       2551   gpio.o
       682          0          0          0       3101       5249   heap_4.o
       146          0          0          0          0       2446   list.o
       164          0          0          0          0       6418   main.o
       754         16          0          4          5       4584   port.o
        36          8        472          0       1024        844   startup_stm32g474xx.o
        68          0          0          8          4      10122   stm32g4xx_hal.o
       164          0          0          0          0      10851   stm32g4xx_hal_cortex.o
       476          0          0          0          0       5505   stm32g4xx_hal_gpio.o
        70          0          0          0          0       4079   stm32g4xx_hal_msp.o
       232          0          0          0          0       9159   stm32g4xx_hal_pwr_ex.o
      2306          0          0          0          0      10274   stm32g4xx_hal_rcc.o
       806          0          0          0          0      12190   stm32g4xx_hal_rcc_ex.o
      1110          0          0          0          0      55464   stm32g4xx_hal_tim.o
        14          0          0          0          0      28189   stm32g4xx_hal_tim_ex.o
       164          0          0          0         76       9071   stm32g4xx_hal_timebase_tim.o
      1602         30         24          0          0      32474   stm32g4xx_hal_uart.o
       344          0         16          0          0      10706   stm32g4xx_hal_uart_ex.o
        24          0          0          0          0       1056   stm32g4xx_it.o
        18          0         24          4          0       2928   system_stm32g4xx.o
      1960          8          0          0        300      32549   tasks.o
       316          0          0          0        144       7469   usart.o

    ----------------------------------------------------------------------
     11964        106        626         16       4672     288536   Object Totals
         0          0         32          0          0          0   (incl. Generated)
       122         12          2          0         10          0   (incl. Padding)

    ----------------------------------------------------------------------

      Code (inc. data)   RO Data    RW Data    ZI Data      Debug   Library Member Name

         0          0          0          0          0          0   entry.o
         0          0          0          0          0          0   entry10a.o
         0          0          0          0          0          0   entry11a.o
         8          4          0          0          0          0   entry2.o
         4          0          0          0          0          0   entry5.o
         0          0          0          0          0          0   entry7b.o
         0          0          0          0          0          0   entry8b.o
         8          4          0          0          0          0   entry9a.o
        30          0          0          0          0          0   handlers.o
        36          8          0          0          0         68   init.o
        30          0          0          0          0         68   llshl.o
        32          0          0          0          0         68   llushr.o
        36          0          0          0          0        108   memseta.o
        98          0          0          0          0         92   uldiv.o

    ----------------------------------------------------------------------
       282         16          0          0          0        404   Library Totals
         0          0          0          0          0          0   (incl. Padding)

    ----------------------------------------------------------------------

      Code (inc. data)   RO Data    RW Data    ZI Data      Debug   Library Name

       282         16          0          0          0        404   mc_w.l

    ----------------------------------------------------------------------
       282         16          0          0          0        404   Library Totals

    ----------------------------------------------------------------------

==============================================================================


      Code (inc. data)   RO Data    RW Data    ZI Data      Debug   

     12246        122        626         16       4672     288688   Grand Totals
     12246        122        626         16       4672     288688   ELF Image Totals
     12246        122        626         16          0          0   ROM Totals

==============================================================================

    Total RO  Size (Code + RO Data)                12872 (  12.57kB)
    Total RW  Size (RW Data + ZI Data)              4688 (   4.58kB)
    Total ROM Size (Code + RO Data + RW Data)      12888 (  12.59kB)

==============================================================================

