<html>
<body>
<pre>
<h1>µVision Build Log</h1>
<h2>Tool Versions:</h2>
IDE-Version: ¦ÌVision V5.24.2.0
Copyright (C) 2017 ARM Ltd and ARM Germany GmbH. All rights reserved.
License Information: Penghui Gui, CJLU, LIC=PE756-DS2BN-446SX-H7S6I-7XGR7-9GURI
 
Tool Versions:
Toolchain:       MDK-ARM Plus  Version: 5.24.1
Toolchain Path:  E:\IDE\Keil_MDK\ARM\ARMCLANG\Bin
C Compiler:      ArmClang.exe V6.7
Assembler:       Armasm.exe V6.7
Linker/Locator:  ArmLink.exe V6.7
Library Manager: ArmAr.exe V6.7
Hex Converter:   FromElf.exe V6.7
CPU DLL:         SARMCM3.DLL V5.24.1
Dialog DLL:      DCM.DLL V1.16.0.0
Target DLL:      CMSIS_AGDI.dll V1.28.3.0
Dialog DLL:      TCM.DLL V1.32.0.0
 
<h2>Project:</h2>
f:\LiChuan\Repository\STM32G431CBT6\USART\MDK-ARM\USART.uvprojx
Project File Date:  09/15/2022

<h2>Output:</h2>
*** Using Compiler 'V6.7', folder: 'E:\IDE\Keil_MDK\ARM\ARMCLANG\Bin'
Rebuild target 'USART'
assembling startup_stm32g431xx.s...
compiling system_stm32g4xx.c...
compiling usart.c...
compiling stm32g4xx_hal_tim_ex.c...
compiling stm32g4xx_hal_msp.c...
compiling main.c...
compiling stm32g4xx_it.c...
compiling stm32g4xx_hal_tim.c...
compiling stm32g4xx_hal_pwr_ex.c...
compiling stm32g4xx_hal_flash_ramfunc.c...
compiling gpio.c...
compiling stm32g4xx_hal_dma_ex.c...
compiling stm32g4xx_hal_exti.c...
compiling stm32g4xx_hal_pwr.c...
compiling stm32g4xx_hal_rcc_ex.c...
compiling stm32g4xx_hal_gpio.c...
compiling stm32g4xx_hal_cortex.c...
compiling stm32g4xx_hal.c...
compiling stm32g4xx_hal_dma.c...
compiling stm32g4xx_hal_flash.c...
compiling stm32g4xx_hal_uart_ex.c...
compiling stm32g4xx_hal_flash_ex.c...
compiling stm32g4xx_hal_rcc.c...
compiling stm32g4xx_hal_uart.c...
linking...
Program Size: Code=10332 RO-data=568 RW-data=60 ZI-data=1780  
FromELF: creating hex file...
"USART\USART.axf" - 0 Error(s), 0 Warning(s).

<h2>Software Packages used:</h2>

Package Vendor: ARM
                http://www.keil.com/pack/ARM.CMSIS.5.0.1.pack
                ARM.CMSIS.5.0.1
                CMSIS (Cortex Microcontroller Software Interface Standard)
   * Component: CORE Version: 5.0.1

Package Vendor: Keil
                https://www.keil.com/pack/Keil.STM32G4xx_DFP.1.5.0.pack
                Keil.STM32G4xx_DFP.1.5.0
                STMicroelectronics STM32G4 Series Device Support, Drivers and Examples

<h2>Collection of Component include folders:</h2>
  .\RTE\_USART
  E:\IDE\Keil_MDK\Packs\ARM\CMSIS\5.0.1\CMSIS\Include
  E:\IDE\Keil_MDK\Packs\Keil\STM32G4xx_DFP\1.5.0\Drivers\CMSIS\Device\ST\STM32G4xx\Include

<h2>Collection of Component Files used:</h2>

   * Component: ARM::CMSIS:CORE:5.0.1
Build Time Elapsed:  00:00:02
</pre>
</body>
</html>
