Component: ARM Compiler 6.7 Tool: armlink [5c9ef700]

==============================================================================

Section Cross References

    startup_stm32g431xx.o(RESET) refers to startup_stm32g431xx.o(STACK) for __initial_sp
    startup_stm32g431xx.o(RESET) refers to startup_stm32g431xx.o(.text) for Reset_Handler
    startup_stm32g431xx.o(RESET) refers to stm32g4xx_it.o(.text.NMI_Handler) for NMI_Handler
    startup_stm32g431xx.o(RESET) refers to stm32g4xx_it.o(.text.HardFault_Handler) for HardFault_Handler
    startup_stm32g431xx.o(RESET) refers to stm32g4xx_it.o(.text.MemManage_Handler) for MemManage_Handler
    startup_stm32g431xx.o(RESET) refers to stm32g4xx_it.o(.text.BusFault_Handler) for BusFault_Handler
    startup_stm32g431xx.o(RESET) refers to stm32g4xx_it.o(.text.UsageFault_Handler) for UsageFault_Handler
    startup_stm32g431xx.o(RESET) refers to stm32g4xx_it.o(.text.SVC_Handler) for SVC_Handler
    startup_stm32g431xx.o(RESET) refers to stm32g4xx_it.o(.text.DebugMon_Handler) for DebugMon_Handler
    startup_stm32g431xx.o(RESET) refers to stm32g4xx_it.o(.text.PendSV_Handler) for PendSV_Handler
    startup_stm32g431xx.o(RESET) refers to stm32g4xx_it.o(.text.SysTick_Handler) for SysTick_Handler
    startup_stm32g431xx.o(RESET) refers to stm32g4xx_it.o(.text.USB_LP_IRQHandler) for USB_LP_IRQHandler
    startup_stm32g431xx.o(.text) refers to system_stm32g4xx.o(.text.SystemInit) for SystemInit
    startup_stm32g431xx.o(.text) refers to entry.o(.ARM.Collect$$$$00000000) for __main
    main.o(.text.fputc) refers to usbd_cdc_if.o(.text.CDC_Transmit_FS) for CDC_Transmit_FS
    main.o(.ARM.exidx.text.fputc) refers to main.o(.text.fputc) for [Anonymous Symbol]
    main.o(.text.main) refers to stm32g4xx_hal.o(.text.HAL_Init) for HAL_Init
    main.o(.text.main) refers to stm32g4xx_hal_pwr_ex.o(.text.HAL_PWREx_ControlVoltageScaling) for HAL_PWREx_ControlVoltageScaling
    main.o(.text.main) refers to stm32g4xx_hal_rcc.o(.text.HAL_RCC_OscConfig) for HAL_RCC_OscConfig
    main.o(.text.main) refers to stm32g4xx_hal_rcc.o(.text.HAL_RCC_ClockConfig) for HAL_RCC_ClockConfig
    main.o(.text.main) refers to gpio.o(.text.MX_GPIO_Init) for MX_GPIO_Init
    main.o(.text.main) refers to usb_device.o(.text.MX_USB_Device_Init) for MX_USB_Device_Init
    main.o(.text.main) refers to stm32g4xx_hal.o(.text.HAL_Delay) for HAL_Delay
    main.o(.text.main) refers to printf1.o(i.__0printf$1) for __2printf
    main.o(.ARM.exidx.text.main) refers to main.o(.text.main) for [Anonymous Symbol]
    main.o(.text.SystemClock_Config) refers to stm32g4xx_hal_pwr_ex.o(.text.HAL_PWREx_ControlVoltageScaling) for HAL_PWREx_ControlVoltageScaling
    main.o(.text.SystemClock_Config) refers to stm32g4xx_hal_rcc.o(.text.HAL_RCC_OscConfig) for HAL_RCC_OscConfig
    main.o(.text.SystemClock_Config) refers to stm32g4xx_hal_rcc.o(.text.HAL_RCC_ClockConfig) for HAL_RCC_ClockConfig
    main.o(.ARM.exidx.text.SystemClock_Config) refers to main.o(.text.SystemClock_Config) for [Anonymous Symbol]
    main.o(.ARM.exidx.text.Error_Handler) refers to main.o(.text.Error_Handler) for [Anonymous Symbol]
    gpio.o(.ARM.exidx.text.MX_GPIO_Init) refers to gpio.o(.text.MX_GPIO_Init) for [Anonymous Symbol]
    stm32g4xx_it.o(.ARM.exidx.text.NMI_Handler) refers to stm32g4xx_it.o(.text.NMI_Handler) for [Anonymous Symbol]
    stm32g4xx_it.o(.ARM.exidx.text.HardFault_Handler) refers to stm32g4xx_it.o(.text.HardFault_Handler) for [Anonymous Symbol]
    stm32g4xx_it.o(.ARM.exidx.text.MemManage_Handler) refers to stm32g4xx_it.o(.text.MemManage_Handler) for [Anonymous Symbol]
    stm32g4xx_it.o(.ARM.exidx.text.BusFault_Handler) refers to stm32g4xx_it.o(.text.BusFault_Handler) for [Anonymous Symbol]
    stm32g4xx_it.o(.ARM.exidx.text.UsageFault_Handler) refers to stm32g4xx_it.o(.text.UsageFault_Handler) for [Anonymous Symbol]
    stm32g4xx_it.o(.ARM.exidx.text.SVC_Handler) refers to stm32g4xx_it.o(.text.SVC_Handler) for [Anonymous Symbol]
    stm32g4xx_it.o(.ARM.exidx.text.DebugMon_Handler) refers to stm32g4xx_it.o(.text.DebugMon_Handler) for [Anonymous Symbol]
    stm32g4xx_it.o(.ARM.exidx.text.PendSV_Handler) refers to stm32g4xx_it.o(.text.PendSV_Handler) for [Anonymous Symbol]
    stm32g4xx_it.o(.text.SysTick_Handler) refers to stm32g4xx_hal.o(.text.HAL_IncTick) for HAL_IncTick
    stm32g4xx_it.o(.ARM.exidx.text.SysTick_Handler) refers to stm32g4xx_it.o(.text.SysTick_Handler) for [Anonymous Symbol]
    stm32g4xx_it.o(.text.USB_LP_IRQHandler) refers to usbd_conf.o(.bss.hpcd_USB_FS) for hpcd_USB_FS
    stm32g4xx_it.o(.text.USB_LP_IRQHandler) refers to stm32g4xx_hal_pcd.o(.text.HAL_PCD_IRQHandler) for HAL_PCD_IRQHandler
    stm32g4xx_it.o(.ARM.exidx.text.USB_LP_IRQHandler) refers to stm32g4xx_it.o(.text.USB_LP_IRQHandler) for [Anonymous Symbol]
    stm32g4xx_hal_msp.o(.ARM.exidx.text.HAL_MspInit) refers to stm32g4xx_hal_msp.o(.text.HAL_MspInit) for [Anonymous Symbol]
[...]
    Removing stm32g4xx_hal_cortex.o(.ARM.exidx.text.HAL_SYSTICK_CLKSourceConfig), (8 bytes).
    Removing stm32g4xx_hal_cortex.o(.text.HAL_SYSTICK_IRQHandler), (4 bytes).
    Removing stm32g4xx_hal_cortex.o(.ARM.exidx.text.HAL_SYSTICK_IRQHandler), (8 bytes).
    Removing stm32g4xx_hal_cortex.o(.text.HAL_SYSTICK_Callback), (2 bytes).
    Removing stm32g4xx_hal_cortex.o(.ARM.exidx.text.HAL_SYSTICK_Callback), (8 bytes).
    Removing stm32g4xx_hal_cortex.o(.text.HAL_MPU_Enable), (24 bytes).
    Removing stm32g4xx_hal_cortex.o(.ARM.exidx.text.HAL_MPU_Enable), (8 bytes).
    Removing stm32g4xx_hal_cortex.o(.text.HAL_MPU_Disable), (18 bytes).
    Removing stm32g4xx_hal_cortex.o(.ARM.exidx.text.HAL_MPU_Disable), (8 bytes).
    Removing stm32g4xx_hal_cortex.o(.text.HAL_MPU_ConfigRegion), (94 bytes).
    Removing stm32g4xx_hal_cortex.o(.ARM.exidx.text.HAL_MPU_ConfigRegion), (8 bytes).
    Removing stm32g4xx_hal_tim.o(.text), (0 bytes).
    Removing stm32g4xx_hal_tim_ex.o(.text), (0 bytes).
    Removing system_stm32g4xx.o(.text), (0 bytes).
    Removing system_stm32g4xx.o(.ARM.exidx.text.SystemInit), (8 bytes).
    Removing system_stm32g4xx.o(.text.SystemCoreClockUpdate), (154 bytes).
    Removing system_stm32g4xx.o(.ARM.exidx.text.SystemCoreClockUpdate), (8 bytes).
    Removing system_stm32g4xx.o(.rodata.APBPrescTable), (8 bytes).
    Removing usbd_core.o(.text), (0 bytes).
    Removing usbd_core.o(.ARM.exidx.text.USBD_Init), (8 bytes).
    Removing usbd_core.o(.text.USBD_DeInit), (58 bytes).
    Removing usbd_core.o(.ARM.exidx.text.USBD_DeInit), (8 bytes).
    Removing usbd_core.o(.ARM.exidx.text.USBD_RegisterClass), (8 bytes).
    Removing usbd_core.o(.ARM.exidx.text.USBD_Start), (8 bytes).
    Removing usbd_core.o(.text.USBD_Stop), (26 bytes).
    Removing usbd_core.o(.ARM.exidx.text.USBD_Stop), (8 bytes).
    Removing usbd_core.o(.text.USBD_RunTestMode), (4 bytes).
    Removing usbd_core.o(.ARM.exidx.text.USBD_RunTestMode), (8 bytes).
    Removing usbd_core.o(.ARM.exidx.text.USBD_SetClassConfig), (8 bytes).
    Removing usbd_core.o(.ARM.exidx.text.USBD_ClrClassConfig), (8 bytes).
    Removing usbd_core.o(.ARM.exidx.text.USBD_LL_SetupStage), (8 bytes).
    Removing usbd_core.o(.ARM.exidx.text.USBD_LL_DataOutStage), (8 bytes).
    Removing usbd_core.o(.ARM.exidx.text.USBD_LL_DataInStage), (8 bytes).
    Removing usbd_core.o(.ARM.exidx.text.USBD_LL_Reset), (8 bytes).
    Removing usbd_core.o(.ARM.exidx.text.USBD_LL_SetSpeed), (8 bytes).
    Removing usbd_core.o(.ARM.exidx.text.USBD_LL_Suspend), (8 bytes).
    Removing usbd_core.o(.ARM.exidx.text.USBD_LL_Resume), (8 bytes).
    Removing usbd_core.o(.ARM.exidx.text.USBD_LL_SOF), (8 bytes).
    Removing usbd_core.o(.text.USBD_LL_IsoINIncomplete), (46 bytes).
    Removing usbd_core.o(.ARM.exidx.text.USBD_LL_IsoINIncomplete), (8 bytes).
    Removing usbd_core.o(.text.USBD_LL_IsoOUTIncomplete), (46 bytes).
    Removing usbd_core.o(.ARM.exidx.text.USBD_LL_IsoOUTIncomplete), (8 bytes).
    Removing usbd_core.o(.text.USBD_LL_DevConnected), (4 bytes).
    Removing usbd_core.o(.ARM.exidx.text.USBD_LL_DevConnected), (8 bytes).
    Removing usbd_core.o(.text.USBD_LL_DevDisconnected), (28 bytes).
    Removing usbd_core.o(.ARM.exidx.text.USBD_LL_DevDisconnected), (8 bytes).
    Removing usbd_ctlreq.o(.text), (0 bytes).
    Removing usbd_ctlreq.o(.ARM.exidx.text.USBD_StdDevReq), (8 bytes).
    Removing usbd_ctlreq.o(.ARM.exidx.text.USBD_CtlError), (8 bytes).
    Removing usbd_ctlreq.o(.ARM.exidx.text.USBD_StdItfReq), (8 bytes).
    Removing usbd_ctlreq.o(.ARM.exidx.text.USBD_StdEPReq), (8 bytes).
    Removing usbd_ctlreq.o(.ARM.exidx.text.USBD_ParseSetupRequest), (8 bytes).
    Removing usbd_ctlreq.o(.ARM.exidx.text.USBD_GetString), (8 bytes).
    Removing usbd_ioreq.o(.text), (0 bytes).
    Removing usbd_ioreq.o(.ARM.exidx.text.USBD_CtlSendData), (8 bytes).
    Removing usbd_ioreq.o(.ARM.exidx.text.USBD_CtlContinueSendData), (8 bytes).
    Removing usbd_ioreq.o(.ARM.exidx.text.USBD_CtlPrepareRx), (8 bytes).
    Removing usbd_ioreq.o(.ARM.exidx.text.USBD_CtlContinueRx), (8 bytes).
    Removing usbd_ioreq.o(.ARM.exidx.text.USBD_CtlSendStatus), (8 bytes).
    Removing usbd_ioreq.o(.ARM.exidx.text.USBD_CtlReceiveStatus), (8 bytes).
    Removing usbd_ioreq.o(.text.USBD_GetRxCount), (4 bytes).
    Removing usbd_ioreq.o(.ARM.exidx.text.USBD_GetRxCount), (8 bytes).
    Removing usbd_cdc.o(.text), (0 bytes).
    Removing usbd_cdc.o(.ARM.exidx.text.USBD_CDC_Init), (8 bytes).
    Removing usbd_cdc.o(.ARM.exidx.text.USBD_CDC_DeInit), (8 bytes).
    Removing usbd_cdc.o(.ARM.exidx.text.USBD_CDC_Setup), (8 bytes).
    Removing usbd_cdc.o(.ARM.exidx.text.USBD_CDC_EP0_RxReady), (8 bytes).
    Removing usbd_cdc.o(.ARM.exidx.text.USBD_CDC_DataIn), (8 bytes).
    Removing usbd_cdc.o(.ARM.exidx.text.USBD_CDC_DataOut), (8 bytes).
    Removing usbd_cdc.o(.ARM.exidx.text.USBD_CDC_GetHSCfgDesc), (8 bytes).
    Removing usbd_cdc.o(.ARM.exidx.text.USBD_CDC_GetFSCfgDesc), (8 bytes).
    Removing usbd_cdc.o(.ARM.exidx.text.USBD_CDC_GetOtherSpeedCfgDesc), (8 bytes).
    Removing usbd_cdc.o(.ARM.exidx.text.USBD_CDC_GetDeviceQualifierDescriptor), (8 bytes).
    Removing usbd_cdc.o(.ARM.exidx.text.USBD_CDC_RegisterInterface), (8 bytes).
    Removing usbd_cdc.o(.ARM.exidx.text.USBD_CDC_SetTxBuffer), (8 bytes).
    Removing usbd_cdc.o(.ARM.exidx.text.USBD_CDC_SetRxBuffer), (8 bytes).
    Removing usbd_cdc.o(.ARM.exidx.text.USBD_CDC_TransmitPacket), (8 bytes).
    Removing usbd_cdc.o(.ARM.exidx.text.USBD_CDC_ReceivePacket), (8 bytes).
    Removing dadd.o(.text), (334 bytes).
    Removing dmul.o(.text), (228 bytes).
    Removing ddiv.o(.text), (222 bytes).
    Removing dfixul.o(.text), (48 bytes).
    Removing cdrcmple.o(.text), (48 bytes).
    Removing depilogue.o(.text), (186 bytes).

645 unused section(s) (total 19320 bytes) removed from the image.

==============================================================================

Image Symbol Table

    Local Symbols

    Symbol Name                              Value     Ov Type        Size  Object(Section)

    ../Core/Src/gpio.c                       0x00000000   Number         0  gpio.o ABSOLUTE
    ../Core/Src/main.c                       0x00000000   Number         0  main.o ABSOLUTE
    ../Core/Src/stm32g4xx_hal_msp.c          0x00000000   Number         0  stm32g4xx_hal_msp.o ABSOLUTE
    ../Core/Src/stm32g4xx_it.c               0x00000000   Number         0  stm32g4xx_it.o ABSOLUTE
    ../Core/Src/system_stm32g4xx.c           0x00000000   Number         0  system_stm32g4xx.o ABSOLUTE
    ../Drivers/STM32G4xx_HAL_Driver/Src/stm32g4xx_hal.c 0x00000000   Number         0  stm32g4xx_hal.o ABSOLUTE
    ../Drivers/STM32G4xx_HAL_Driver/Src/stm32g4xx_hal_cortex.c 0x00000000   Number         0  stm32g4xx_hal_cortex.o ABSOLUTE
    ../Drivers/STM32G4xx_HAL_Driver/Src/stm32g4xx_hal_dma.c 0x00000000   Number         0  stm32g4xx_hal_dma.o ABSOLUTE
    ../Drivers/STM32G4xx_HAL_Driver/Src/stm32g4xx_hal_dma_ex.c 0x00000000   Number         0  stm32g4xx_hal_dma_ex.o ABSOLUTE
    ../Drivers/STM32G4xx_HAL_Driver/Src/stm32g4xx_hal_exti.c 0x00000000   Number         0  stm32g4xx_hal_exti.o ABSOLUTE
    ../Drivers/STM32G4xx_HAL_Driver/Src/stm32g4xx_hal_flash.c 0x00000000   Number         0  stm32g4xx_hal_flash.o ABSOLUTE
    ../Drivers/STM32G4xx_HAL_Driver/Src/stm32g4xx_hal_flash_ex.c 0x00000000   Number         0  stm32g4xx_hal_flash_ex.o ABSOLUTE
    ../Drivers/STM32G4xx_HAL_Driver/Src/stm32g4xx_hal_flash_ramfunc.c 0x00000000   Number         0  stm32g4xx_hal_flash_ramfunc.o ABSOLUTE
    ../Drivers/STM32G4xx_HAL_Driver/Src/stm32g4xx_hal_gpio.c 0x00000000   Number         0  stm32g4xx_hal_gpio.o ABSOLUTE
    ../Drivers/STM32G4xx_HAL_Driver/Src/stm32g4xx_hal_pcd.c 0x00000000   Number         0  stm32g4xx_hal_pcd.o ABSOLUTE
    ../Drivers/STM32G4xx_HAL_Driver/Src/stm32g4xx_hal_pcd_ex.c 0x00000000   Number         0  stm32g4xx_hal_pcd_ex.o ABSOLUTE
    ../Drivers/STM32G4xx_HAL_Driver/Src/stm32g4xx_hal_pwr.c 0x00000000   Number         0  stm32g4xx_hal_pwr.o ABSOLUTE
    ../Drivers/STM32G4xx_HAL_Driver/Src/stm32g4xx_hal_pwr_ex.c 0x00000000   Number         0  stm32g4xx_hal_pwr_ex.o ABSOLUTE
    ../Drivers/STM32G4xx_HAL_Driver/Src/stm32g4xx_hal_rcc.c 0x00000000   Number         0  stm32g4xx_hal_rcc.o ABSOLUTE
    ../Drivers/STM32G4xx_HAL_Driver/Src/stm32g4xx_hal_rcc_ex.c 0x00000000   Number         0  stm32g4xx_hal_rcc_ex.o ABSOLUTE
    ../Drivers/STM32G4xx_HAL_Driver/Src/stm32g4xx_hal_tim.c 0x00000000   Number         0  stm32g4xx_hal_tim.o ABSOLUTE
    ../Drivers/STM32G4xx_HAL_Driver/Src/stm32g4xx_hal_tim_ex.c 0x00000000   Number         0  stm32g4xx_hal_tim_ex.o ABSOLUTE
    ../Drivers/STM32G4xx_HAL_Driver/Src/stm32g4xx_ll_usb.c 0x00000000   Number         0  stm32g4xx_ll_usb.o ABSOLUTE
    ../Middlewares/ST/STM32_USB_Device_Library/Class/CDC/Src/usbd_cdc.c 0x00000000   Number         0  usbd_cdc.o ABSOLUTE
    ../Middlewares/ST/STM32_USB_Device_Library/Core/Src/usbd_core.c 0x00000000   Number         0  usbd_core.o ABSOLUTE
    ../Middlewares/ST/STM32_USB_Device_Library/Core/Src/usbd_ctlreq.c 0x00000000   Number         0  usbd_ctlreq.o ABSOLUTE
    ../Middlewares/ST/STM32_USB_Device_Library/Core/Src/usbd_ioreq.c 0x00000000   Number         0  usbd_ioreq.o ABSOLUTE
    ../USB_Device/App/usb_device.c           0x00000000   Number         0  usb_device.o ABSOLUTE
    ../USB_Device/App/usbd_cdc_if.c          0x00000000   Number         0  usbd_cdc_if.o ABSOLUTE
    ../USB_Device/App/usbd_desc.c            0x00000000   Number         0  usbd_desc.o ABSOLUTE
    ../USB_Device/Target/usbd_conf.c         0x00000000   Number         0  usbd_conf.o ABSOLUTE
    ../clib/../cmprslib/zerorunl2.c          0x00000000   Number         0  __dczerorl2.o ABSOLUTE
    ../clib/microlib/division.c              0x00000000   Number         0  uidiv.o ABSOLUTE
    ../clib/microlib/division.c              0x00000000   Number         0  uldiv.o ABSOLUTE
    ../clib/microlib/init/entry.s            0x00000000   Number         0  entry2.o ABSOLUTE
    ../clib/microlib/init/entry.s            0x00000000   Number         0  entry.o ABSOLUTE
    ../clib/microlib/init/entry.s            0x00000000   Number         0  entry11b.o ABSOLUTE
    ../clib/microlib/init/entry.s            0x00000000   Number         0  entry11a.o ABSOLUTE
    ../clib/microlib/init/entry.s            0x00000000   Number         0  entry10b.o ABSOLUTE
    ../clib/microlib/init/entry.s            0x00000000   Number         0  entry10a.o ABSOLUTE
    ../clib/microlib/init/entry.s            0x00000000   Number         0  entry9b.o ABSOLUTE
    ../clib/microlib/init/entry.s            0x00000000   Number         0  entry9a.o ABSOLUTE
    ../clib/microlib/init/entry.s            0x00000000   Number         0  entry8b.o ABSOLUTE
    ../clib/microlib/init/entry.s            0x00000000   Number         0  entry8a.o ABSOLUTE
    ../clib/microlib/init/entry.s            0x00000000   Number         0  entry7b.o ABSOLUTE
    ../clib/microlib/init/entry.s            0x00000000   Number         0  entry7a.o ABSOLUTE
    ../clib/microlib/init/entry.s            0x00000000   Number         0  entry5.o ABSOLUTE
    ../clib/microlib/longlong.c              0x00000000   Number         0  llushr.o ABSOLUTE
    ../clib/microlib/longlong.c              0x00000000   Number         0  llshl.o ABSOLUTE
    ../clib/microlib/longlong.c              0x00000000   Number         0  llsshr.o ABSOLUTE
    ../clib/microlib/printf/printf.c         0x00000000   Number         0  printf6.o ABSOLUTE
    ../clib/microlib/printf/printf.c         0x00000000   Number         0  printf8.o ABSOLUTE
    ../clib/microlib/printf/printf.c         0x00000000   Number         0  printf5.o ABSOLUTE
    ../clib/microlib/printf/printf.c         0x00000000   Number         0  printf4.o ABSOLUTE
    ../clib/microlib/printf/printf.c         0x00000000   Number         0  printf3.o ABSOLUTE
    ../clib/microlib/printf/printf.c         0x00000000   Number         0  printf2.o ABSOLUTE
    ../clib/microlib/printf/printf.c         0x00000000   Number         0  printf1.o ABSOLUTE
    ../clib/microlib/printf/printf.c         0x00000000   Number         0  printf0.o ABSOLUTE
    ../clib/microlib/printf/printf.c         0x00000000   Number         0  printfa.o ABSOLUTE
    ../clib/microlib/printf/printf.c         0x00000000   Number         0  printfb.o ABSOLUTE
    ../clib/microlib/printf/printf.c         0x00000000   Number         0  printf7.o ABSOLUTE
    ../clib/microlib/printf/stubs.s          0x00000000   Number         0  stubs.o ABSOLUTE
    ../clib/microlib/stdio/streams.c         0x00000000   Number         0  stdout.o ABSOLUTE
    ../clib/microlib/string/memset.c         0x00000000   Number         0  memseta.o ABSOLUTE
    ../clib/microlib/stubs.s                 0x00000000   Number         0  iusefp.o ABSOLUTE
    ../fplib/microlib/fpadd.c                0x00000000   Number         0  dadd.o ABSOLUTE
    ../fplib/microlib/fpdiv.c                0x00000000   Number         0  ddiv.o ABSOLUTE
    ../fplib/microlib/fpepilogue.c           0x00000000   Number         0  depilogue.o ABSOLUTE
    ../fplib/microlib/fpfix.c                0x00000000   Number         0  dfixul.o ABSOLUTE
    ../fplib/microlib/fpmul.c                0x00000000   Number         0  dmul.o ABSOLUTE
    cdrcmple.s                               0x00000000   Number         0  cdrcmple.o ABSOLUTE
    dc.s                                     0x00000000   Number         0  dc.o ABSOLUTE
    handlers.s                               0x00000000   Number         0  handlers.o ABSOLUTE
    init.s                                   0x00000000   Number         0  init.o ABSOLUTE
    startup_stm32g431xx.s                    0x00000000   Number         0  startup_stm32g431xx.o ABSOLUTE
    RESET                                    0x08000000   Section      472  startup_stm32g431xx.o(RESET)
    .ARM.Collect$$$$00000000                 0x080001d8   Section        0  entry.o(.ARM.Collect$$$$00000000)
    .ARM.Collect$$$$00000001                 0x080001d8   Section        4  entry2.o(.ARM.Collect$$$$00000001)
    .ARM.Collect$$$$00000004                 0x080001dc   Section        4  entry5.o(.ARM.Collect$$$$00000004)
    .ARM.Collect$$$$00000008                 0x080001e0   Section        0  entry7b.o(.ARM.Collect$$$$00000008)
    .ARM.Collect$$$$0000000A                 0x080001e0   Section        0  entry8b.o(.ARM.Collect$$$$0000000A)
    .ARM.Collect$$$$0000000B                 0x080001e0   Section        8  entry9a.o(.ARM.Collect$$$$0000000B)
    .ARM.Collect$$$$0000000D                 0x080001e8   Section        0  entry10a.o(.ARM.Collect$$$$0000000D)
    .ARM.Collect$$$$0000000F                 0x080001e8   Section        0  entry11a.o(.ARM.Collect$$$$0000000F)
    .ARM.Collect$$$$00002712                 0x080001e8   Section        4  entry2.o(.ARM.Collect$$$$00002712)
    __lit__00000000                          0x080001e8   Data           4  entry2.o(.ARM.Collect$$$$00002712)
    .text                                    0x080001ec   Section       36  startup_stm32g431xx.o(.text)
    $v0                                      0x080001ec   Number         0  startup_stm32g431xx.o(.text)
    .text                                    0x08000210   Section        0  memseta.o(.text)
    .text                                    0x08000234   Section        0  uidiv.o(.text)
    .text                                    0x08000260   Section       36  init.o(.text)
    .text                                    0x08000284   Section        0  __dczerorl2.o(.text)
    [Anonymous Symbol]                       0x080002dc   Section        0  stm32g4xx_it.o(.text.BusFault_Handler)
    [Anonymous Symbol]                       0x080002e0   Section        0  usbd_cdc_if.o(.text.CDC_Control_FS)
    CDC_Control_FS                           0x080002e1   Thumb Code     4  usbd_cdc_if.o(.text.CDC_Control_FS)
    [Anonymous Symbol]                       0x080002e4   Section        0  usbd_cdc_if.o(.text.CDC_DeInit_FS)
    CDC_DeInit_FS                            0x080002e5   Thumb Code     4  usbd_cdc_if.o(.text.CDC_DeInit_FS)
    [Anonymous Symbol]                       0x080002e8   Section        0  usbd_cdc_if.o(.text.CDC_Init_FS)
    CDC_Init_FS                              0x080002e9   Thumb Code    44  usbd_cdc_if.o(.text.CDC_Init_FS)
    [Anonymous Symbol]                       0x08000314   Section        0  usbd_cdc_if.o(.text.CDC_Receive_FS)
    CDC_Receive_FS                           0x08000315   Thumb Code    28  usbd_cdc_if.o(.text.CDC_Receive_FS)
    [Anonymous Symbol]                       0x08000330   Section        0  usbd_cdc_if.o(.text.CDC_TransmitCplt_FS)
    CDC_TransmitCplt_FS                      0x08000331   Thumb Code     4  usbd_cdc_if.o(.text.CDC_TransmitCplt_FS)
    [Anonymous Symbol]                       0x08000334   Section        0  usbd_cdc_if.o(.text.CDC_Transmit_FS)
    [Anonymous Symbol]                       0x0800036c   Section        0  stm32g4xx_it.o(.text.DebugMon_Handler)
    [Anonymous Symbol]                       0x08000370   Section        0  main.o(.text.Error_Handler)
    [Anonymous Symbol]                       0x0800037c   Section        0  stm32g4xx_hal.o(.text.HAL_Delay)
    [Anonymous Symbol]                       0x080003a4   Section        0  stm32g4xx_hal.o(.text.HAL_GetTick)
    [Anonymous Symbol]                       0x080003b0   Section        0  stm32g4xx_hal.o(.text.HAL_IncTick)
    [Anonymous Symbol]                       0x080003c4   Section        0  stm32g4xx_hal.o(.text.HAL_Init)
    [Anonymous Symbol]                       0x080003e4   Section        0  stm32g4xx_hal.o(.text.HAL_InitTick)
    [Anonymous Symbol]                       0x08000434   Section        0  stm32g4xx_hal_msp.o(.text.HAL_MspInit)
    [Anonymous Symbol]                       0x08000468   Section        0  stm32g4xx_hal_cortex.o(.text.HAL_NVIC_EnableIRQ)
    [Anonymous Symbol]                       0x08000488   Section        0  stm32g4xx_hal_cortex.o(.text.HAL_NVIC_SetPriority)
    [Anonymous Symbol]                       0x080004ec   Section        0  stm32g4xx_hal_cortex.o(.text.HAL_NVIC_SetPriorityGrouping)
    [Anonymous Symbol]                       0x0800050c   Section        0  stm32g4xx_hal_pcd_ex.o(.text.HAL_PCDEx_ActivateLPM)
    [Anonymous Symbol]                       0x08000538   Section        0  usbd_conf.o(.text.HAL_PCDEx_LPM_Callback)
    [Anonymous Symbol]                       0x08000580   Section        0  stm32g4xx_hal_pcd_ex.o(.text.HAL_PCDEx_PMAConfig)
    [Anonymous Symbol]                       0x080005c0   Section        0  usbd_conf.o(.text.HAL_PCD_DataInStageCallback)
    [Anonymous Symbol]                       0x080005d4   Section        0  usbd_conf.o(.text.HAL_PCD_DataOutStageCallback)
    [Anonymous Symbol]                       0x080005e8   Section        0  stm32g4xx_hal_pcd.o(.text.HAL_PCD_EP_Close)
    [Anonymous Symbol]                       0x08000634   Section        0  stm32g4xx_hal_pcd.o(.text.HAL_PCD_EP_ClrStall)
    [Anonymous Symbol]                       0x08000694   Section        0  stm32g4xx_hal_pcd.o(.text.HAL_PCD_EP_GetRxCount)
    [Anonymous Symbol]                       0x080006a8   Section        0  stm32g4xx_hal_pcd.o(.text.HAL_PCD_EP_Open)
    [Anonymous Symbol]                       0x08000708   Section        0  stm32g4xx_hal_pcd.o(.text.HAL_PCD_EP_Receive)
    [Anonymous Symbol]                       0x08000738   Section        0  stm32g4xx_hal_pcd.o(.text.HAL_PCD_EP_SetStall)
    [Anonymous Symbol]                       0x08000798   Section        0  stm32g4xx_hal_pcd.o(.text.HAL_PCD_EP_Transmit)
    [Anonymous Symbol]                       0x080007c8   Section        0  stm32g4xx_hal_pcd.o(.text.HAL_PCD_IRQHandler)
    [Anonymous Symbol]                       0x080010e0   Section        0  stm32g4xx_hal_pcd.o(.text.HAL_PCD_Init)
    [Anonymous Symbol]                       0x080011a4   Section        0  usbd_conf.o(.text.HAL_PCD_MspInit)
    [Anonymous Symbol]                       0x0800120c   Section        0  usbd_conf.o(.text.HAL_PCD_ResetCallback)
    [Anonymous Symbol]                       0x08001230   Section        0  usbd_conf.o(.text.HAL_PCD_ResumeCallback)
    [Anonymous Symbol]                       0x08001258   Section        0  usbd_conf.o(.text.HAL_PCD_SOFCallback)
    [Anonymous Symbol]                       0x08001260   Section        0  stm32g4xx_hal_pcd.o(.text.HAL_PCD_SetAddress)
    [Anonymous Symbol]                       0x0800128c   Section        0  usbd_conf.o(.text.HAL_PCD_SetupStageCallback)
    [Anonymous Symbol]                       0x0800129c   Section        0  stm32g4xx_hal_pcd.o(.text.HAL_PCD_Start)
    [Anonymous Symbol]                       0x080012cc   Section        0  usbd_conf.o(.text.HAL_PCD_SuspendCallback)
    [Anonymous Symbol]                       0x080012f4   Section        0  stm32g4xx_hal_pwr_ex.o(.text.HAL_PWREx_ControlVoltageScaling)
    [Anonymous Symbol]                       0x080013cc   Section        0  stm32g4xx_hal_rcc_ex.o(.text.HAL_RCCEx_PeriphCLKConfig)
    [Anonymous Symbol]                       0x08001668   Section        0  stm32g4xx_hal_rcc.o(.text.HAL_RCC_ClockConfig)
    [Anonymous Symbol]                       0x0800195c   Section        0  stm32g4xx_hal_rcc.o(.text.HAL_RCC_OscConfig)
    [Anonymous Symbol]                       0x08001e60   Section        0  stm32g4xx_hal_cortex.o(.text.HAL_SYSTICK_Config)
    [Anonymous Symbol]                       0x08001e8c   Section        0  stm32g4xx_it.o(.text.HardFault_Handler)
    [Anonymous Symbol]                       0x08001e90   Section        0  gpio.o(.text.MX_GPIO_Init)
    [Anonymous Symbol]                       0x08001ec4   Section        0  usb_device.o(.text.MX_USB_Device_Init)
    [Anonymous Symbol]                       0x08001f38   Section        0  stm32g4xx_it.o(.text.MemManage_Handler)
    [Anonymous Symbol]                       0x08001f3c   Section        0  stm32g4xx_it.o(.text.NMI_Handler)
    [Anonymous Symbol]                       0x08001f40   Section        0  stm32g4xx_it.o(.text.PendSV_Handler)
    [Anonymous Symbol]                       0x08001f44   Section        0  stm32g4xx_it.o(.text.SVC_Handler)
    [Anonymous Symbol]                       0x08001f48   Section        0  stm32g4xx_it.o(.text.SysTick_Handler)
    [Anonymous Symbol]                       0x08001f4c   Section        0  main.o(.text.SystemClock_Config)
    [Anonymous Symbol]                       0x08001fc4   Section        0  system_stm32g4xx.o(.text.SystemInit)
    [Anonymous Symbol]                       0x08001fd8   Section        0  usbd_desc.o(.text.USBD_CDC_ConfigStrDescriptor)
    [Anonymous Symbol]                       0x08001ffc   Section        0  usbd_cdc.o(.text.USBD_CDC_DataIn)
    USBD_CDC_DataIn                          0x08001ffd   Thumb Code   108  usbd_cdc.o(.text.USBD_CDC_DataIn)
    [Anonymous Symbol]                       0x08002068   Section        0  usbd_cdc.o(.text.USBD_CDC_DataOut)
    USBD_CDC_DataOut                         0x08002069   Thumb Code    50  usbd_cdc.o(.text.USBD_CDC_DataOut)
    [Anonymous Symbol]                       0x0800209c   Section        0  usbd_cdc.o(.text.USBD_CDC_DeInit)
    USBD_CDC_DeInit                          0x0800209d   Thumb Code    66  usbd_cdc.o(.text.USBD_CDC_DeInit)
    [Anonymous Symbol]                       0x080020e0   Section        0  usbd_desc.o(.text.USBD_CDC_DeviceDescriptor)
    [Anonymous Symbol]                       0x080020f0   Section        0  usbd_cdc.o(.text.USBD_CDC_EP0_RxReady)
    USBD_CDC_EP0_RxReady                     0x080020f1   Thumb Code    54  usbd_cdc.o(.text.USBD_CDC_EP0_RxReady)
    [Anonymous Symbol]                       0x08002128   Section        0  usbd_cdc.o(.text.USBD_CDC_GetDeviceQualifierDescriptor)
    [Anonymous Symbol]                       0x08002138   Section        0  usbd_cdc.o(.text.USBD_CDC_GetFSCfgDesc)
    USBD_CDC_GetFSCfgDesc                    0x08002139   Thumb Code    14  usbd_cdc.o(.text.USBD_CDC_GetFSCfgDesc)
    [Anonymous Symbol]                       0x08002148   Section        0  usbd_cdc.o(.text.USBD_CDC_GetHSCfgDesc)
    USBD_CDC_GetHSCfgDesc                    0x08002149   Thumb Code    14  usbd_cdc.o(.text.USBD_CDC_GetHSCfgDesc)
    [Anonymous Symbol]                       0x08002158   Section        0  usbd_cdc.o(.text.USBD_CDC_GetOtherSpeedCfgDesc)
    USBD_CDC_GetOtherSpeedCfgDesc            0x08002159   Thumb Code    14  usbd_cdc.o(.text.USBD_CDC_GetOtherSpeedCfgDesc)
    [Anonymous Symbol]                       0x08002168   Section        0  usbd_cdc.o(.text.USBD_CDC_Init)
    USBD_CDC_Init                            0x08002169   Thumb Code   170  usbd_cdc.o(.text.USBD_CDC_Init)
    [Anonymous Symbol]                       0x08002214   Section        0  usbd_desc.o(.text.USBD_CDC_InterfaceStrDescriptor)
    [Anonymous Symbol]                       0x0800223c   Section        0  usbd_desc.o(.text.USBD_CDC_LangIDStrDescriptor)
    [Anonymous Symbol]                       0x0800224c   Section        0  usbd_desc.o(.text.USBD_CDC_ManufacturerStrDescriptor)
    [Anonymous Symbol]                       0x08002278   Section        0  usbd_desc.o(.text.USBD_CDC_ProductStrDescriptor)
    [Anonymous Symbol]                       0x080022a8   Section        0  usbd_cdc.o(.text.USBD_CDC_ReceivePacket)
    [Anonymous Symbol]                       0x080022d4   Section        0  usbd_cdc.o(.text.USBD_CDC_RegisterInterface)
    [Anonymous Symbol]                       0x080022e4   Section        0  usbd_desc.o(.text.USBD_CDC_SerialStrDescriptor)
    [Anonymous Symbol]                       0x08002444   Section        0  usbd_cdc.o(.text.USBD_CDC_SetRxBuffer)
    [Anonymous Symbol]                       0x08002458   Section        0  usbd_cdc.o(.text.USBD_CDC_SetTxBuffer)
    [Anonymous Symbol]                       0x08002470   Section        0  usbd_cdc.o(.text.USBD_CDC_Setup)
    USBD_CDC_Setup                           0x08002471   Thumb Code   266  usbd_cdc.o(.text.USBD_CDC_Setup)
    [Anonymous Symbol]                       0x0800257c   Section        0  usbd_cdc.o(.text.USBD_CDC_TransmitPacket)
    [Anonymous Symbol]                       0x080025b8   Section        0  usbd_core.o(.text.USBD_ClrClassConfig)
    [Anonymous Symbol]                       0x080025cc   Section        0  usbd_ioreq.o(.text.USBD_CtlContinueRx)
    [Anonymous Symbol]                       0x080025dc   Section        0  usbd_ioreq.o(.text.USBD_CtlContinueSendData)
    [Anonymous Symbol]                       0x080025ec   Section        0  usbd_ctlreq.o(.text.USBD_CtlError)
    [Anonymous Symbol]                       0x08002604   Section        0  usbd_ioreq.o(.text.USBD_CtlPrepareRx)
    [Anonymous Symbol]                       0x08002620   Section        0  usbd_ioreq.o(.text.USBD_CtlReceiveStatus)
    [Anonymous Symbol]                       0x08002638   Section        0  usbd_ioreq.o(.text.USBD_CtlSendData)
    [Anonymous Symbol]                       0x08002654   Section        0  usbd_ioreq.o(.text.USBD_CtlSendStatus)
    [Anonymous Symbol]                       0x0800266c   Section        0  usbd_ctlreq.o(.text.USBD_GetString)
    [Anonymous Symbol]                       0x080026d4   Section        0  usbd_core.o(.text.USBD_Init)
    [Anonymous Symbol]                       0x08002700   Section        0  usbd_conf.o(.text.USBD_LL_ClearStallEP)
    [Anonymous Symbol]                       0x08002728   Section        0  usbd_conf.o(.text.USBD_LL_CloseEP)
    [Anonymous Symbol]                       0x08002750   Section        0  usbd_core.o(.text.USBD_LL_DataInStage)
    [Anonymous Symbol]                       0x080027f8   Section        0  usbd_core.o(.text.USBD_LL_DataOutStage)
    [Anonymous Symbol]                       0x0800286c   Section        0  usbd_conf.o(.text.USBD_LL_GetRxDataSize)
    [Anonymous Symbol]                       0x08002874   Section        0  usbd_conf.o(.text.USBD_LL_Init)
    [Anonymous Symbol]                       0x08002900   Section        0  usbd_conf.o(.text.USBD_LL_IsStallEP)
    [Anonymous Symbol]                       0x08002924   Section        0  usbd_conf.o(.text.USBD_LL_OpenEP)
    [Anonymous Symbol]                       0x08002950   Section        0  usbd_conf.o(.text.USBD_LL_PrepareReceive)
    [Anonymous Symbol]                       0x08002978   Section        0  usbd_core.o(.text.USBD_LL_Reset)
    [Anonymous Symbol]                       0x080029e0   Section        0  usbd_core.o(.text.USBD_LL_Resume)
    [Anonymous Symbol]                       0x080029f4   Section        0  usbd_core.o(.text.USBD_LL_SOF)
    [Anonymous Symbol]                       0x08002a24   Section        0  usbd_core.o(.text.USBD_LL_SetSpeed)
    [Anonymous Symbol]                       0x08002a2c   Section        0  usbd_conf.o(.text.USBD_LL_SetUSBAddress)
    [Anonymous Symbol]                       0x08002a54   Section        0  usbd_core.o(.text.USBD_LL_SetupStage)
    [Anonymous Symbol]                       0x08002ab4   Section        0  usbd_conf.o(.text.USBD_LL_StallEP)
    [Anonymous Symbol]                       0x08002adc   Section        0  usbd_conf.o(.text.USBD_LL_Start)
    [Anonymous Symbol]                       0x08002b04   Section        0  usbd_core.o(.text.USBD_LL_Suspend)
    [Anonymous Symbol]                       0x08002b18   Section        0  usbd_conf.o(.text.USBD_LL_Transmit)
    [Anonymous Symbol]                       0x08002b40   Section        0  usbd_ctlreq.o(.text.USBD_ParseSetupRequest)
    [Anonymous Symbol]                       0x08002b68   Section        0  usbd_core.o(.text.USBD_RegisterClass)
    [Anonymous Symbol]                       0x08002b9c   Section        0  usbd_core.o(.text.USBD_SetClassConfig)
    [Anonymous Symbol]                       0x08002bac   Section        0  usbd_core.o(.text.USBD_Start)
    [Anonymous Symbol]                       0x08002bb0   Section        0  usbd_ctlreq.o(.text.USBD_StdDevReq)
    [Anonymous Symbol]                       0x08002fdc   Section        0  usbd_ctlreq.o(.text.USBD_StdEPReq)
    [Anonymous Symbol]                       0x0800312c   Section        0  usbd_ctlreq.o(.text.USBD_StdItfReq)
    [Anonymous Symbol]                       0x080031a8   Section        0  usbd_conf.o(.text.USBD_static_free)
    [Anonymous Symbol]                       0x080031ac   Section        0  usbd_conf.o(.text.USBD_static_malloc)
    [Anonymous Symbol]                       0x080031b8   Section        0  stm32g4xx_ll_usb.o(.text.USB_ActivateEndpoint)
    [Anonymous Symbol]                       0x0800341c   Section        0  stm32g4xx_ll_usb.o(.text.USB_DeactivateEndpoint)
    [Anonymous Symbol]                       0x08003554   Section        0  stm32g4xx_ll_usb.o(.text.USB_DevConnect)
    [Anonymous Symbol]                       0x08003564   Section        0  stm32g4xx_ll_usb.o(.text.USB_DevInit)
    [Anonymous Symbol]                       0x0800357c   Section        0  stm32g4xx_ll_usb.o(.text.USB_DisableGlobalInt)
    [Anonymous Symbol]                       0x08003590   Section        0  stm32g4xx_ll_usb.o(.text.USB_EPClearStall)
    [Anonymous Symbol]                       0x0800361c   Section        0  stm32g4xx_ll_usb.o(.text.USB_EPSetStall)
    [Anonymous Symbol]                       0x0800364c   Section        0  stm32g4xx_ll_usb.o(.text.USB_EPStartXfer)
    [Anonymous Symbol]                       0x08003bb0   Section        0  stm32g4xx_ll_usb.o(.text.USB_EnableGlobalInt)
    [Anonymous Symbol]                       0x08003bc4   Section        0  stm32g4xx_it.o(.text.USB_LP_IRQHandler)
    [Anonymous Symbol]                       0x08003bd0   Section        0  stm32g4xx_ll_usb.o(.text.USB_ReadInterrupts)
    [Anonymous Symbol]                       0x08003bd8   Section        0  stm32g4xx_ll_usb.o(.text.USB_ReadPMA)
    [Anonymous Symbol]                       0x08003c20   Section        0  stm32g4xx_ll_usb.o(.text.USB_SetDevAddress)
    [Anonymous Symbol]                       0x08003c30   Section        0  stm32g4xx_ll_usb.o(.text.USB_WritePMA)
    [Anonymous Symbol]                       0x08003c64   Section        0  stm32g4xx_it.o(.text.UsageFault_Handler)
    [Anonymous Symbol]                       0x08003c68   Section        0  main.o(.text.fputc)
    [Anonymous Symbol]                       0x08003c8c   Section        0  main.o(.text.main)
    i.__0printf$1                            0x08003d54   Section        0  printf1.o(i.__0printf$1)
    i.__scatterload_copy                     0x08003d74   Section       14  handlers.o(i.__scatterload_copy)
    i.__scatterload_null                     0x08003d82   Section        2  handlers.o(i.__scatterload_null)
    i.__scatterload_zeroinit                 0x08003d84   Section       14  handlers.o(i.__scatterload_zeroinit)
    i._printf_core                           0x08003d94   Section        0  printf1.o(i._printf_core)
    _printf_core                             0x08003d95   Thumb Code   336  printf1.o(i._printf_core)
    .data                                    0x20000000   Section        4  stdout.o(.data)
    [Anonymous Symbol]                       0x20000004   Section        0  stm32g4xx_hal.o(.data..L_MergedGlobals)
    .L_MergedGlobals                         0x20000004   Data          12  stm32g4xx_hal.o(.data..L_MergedGlobals)
    [Anonymous Symbol]                       0x2000006c   Section        0  usbd_cdc.o(.data.USBD_CDC_CfgFSDesc)
    USBD_CDC_CfgFSDesc                       0x2000006c   Data          67  usbd_cdc.o(.data.USBD_CDC_CfgFSDesc)
    [Anonymous Symbol]                       0x200000b0   Section        0  usbd_cdc.o(.data.USBD_CDC_CfgHSDesc)
    USBD_CDC_CfgHSDesc                       0x200000b0   Data          67  usbd_cdc.o(.data.USBD_CDC_CfgHSDesc)
    [Anonymous Symbol]                       0x20000108   Section        0  usbd_cdc.o(.data.USBD_CDC_DeviceQualifierDesc)
    USBD_CDC_DeviceQualifierDesc             0x20000108   Data          10  usbd_cdc.o(.data.USBD_CDC_DeviceQualifierDesc)
    [Anonymous Symbol]                       0x20000114   Section        0  usbd_cdc.o(.data.USBD_CDC_OtherSpeedCfgDesc)
    USBD_CDC_OtherSpeedCfgDesc               0x20000114   Data          67  usbd_cdc.o(.data.USBD_CDC_OtherSpeedCfgDesc)
    [Anonymous Symbol]                       0x20000190   Section        0  usbd_ctlreq.o(.bss.USBD_SetConfig.cfgidx)
    USBD_SetConfig.cfgidx                    0x20000190   Data           1  usbd_ctlreq.o(.bss.USBD_SetConfig.cfgidx)
    [Anonymous Symbol]                       0x20000394   Section        0  usbd_conf.o(.bss.USBD_static_malloc.mem)
    USBD_static_malloc.mem                   0x20000394   Data         544  usbd_conf.o(.bss.USBD_static_malloc.mem)
    STACK                                    0x20001348   Section     1024  startup_stm32g431xx.o(STACK)

    Global Symbols

    Symbol Name                              Value     Ov Type        Size  Object(Section)

    BuildAttributes$$THM_ISAv4$E$P$D$K$B$S$7EM$VFPi3$EXTD16$VFPS$VFMA$PE$A:L22UL41UL21$X:L11$S22US41US21$IEEE1$IW$~IW$USESV6$~STKCKD$USESV7$~SHL$OTIME$ROPI$EBA8$MICROLIB$REQ8$PRES8$EABIv2 0x00000000   Number         0  anon$$obj.o ABSOLUTE
    _printf_a                                0x00000000   Number         0  stubs.o ABSOLUTE
    _printf_c                                0x00000000   Number         0  stubs.o ABSOLUTE
    _printf_charcount                        0x00000000   Number         0  stubs.o ABSOLUTE
    _printf_d                                0x00000000   Number         0  stubs.o ABSOLUTE
    _printf_e                                0x00000000   Number         0  stubs.o ABSOLUTE
    _printf_f                                0x00000000   Number         0  stubs.o ABSOLUTE
    _printf_flags                            0x00000000   Number         0  stubs.o ABSOLUTE
    _printf_fp_dec                           0x00000000   Number         0  stubs.o ABSOLUTE
    _printf_fp_hex                           0x00000000   Number         0  stubs.o ABSOLUTE
    _printf_g                                0x00000000   Number         0  stubs.o ABSOLUTE
    _printf_i                                0x00000000   Number         0  stubs.o ABSOLUTE
    _printf_int_dec                          0x00000000   Number         0  stubs.o ABSOLUTE
    _printf_l                                0x00000000   Number         0  stubs.o ABSOLUTE
    _printf_lc                               0x00000000   Number         0  stubs.o ABSOLUTE
    _printf_ll                               0x00000000   Number         0  stubs.o ABSOLUTE
    _printf_lld                              0x00000000   Number         0  stubs.o ABSOLUTE
    _printf_lli                              0x00000000   Number         0  stubs.o ABSOLUTE
    _printf_llo                              0x00000000   Number         0  stubs.o ABSOLUTE
    _printf_llu                              0x00000000   Number         0  stubs.o ABSOLUTE
    _printf_llx                              0x00000000   Number         0  stubs.o ABSOLUTE
    _printf_longlong_dec                     0x00000000   Number         0  stubs.o ABSOLUTE
    _printf_longlong_hex                     0x00000000   Number         0  stubs.o ABSOLUTE
    _printf_longlong_oct                     0x00000000   Number         0  stubs.o ABSOLUTE
    _printf_ls                               0x00000000   Number         0  stubs.o ABSOLUTE
    _printf_mbtowc                           0x00000000   Number         0  stubs.o ABSOLUTE
    _printf_n                                0x00000000   Number         0  stubs.o ABSOLUTE
    _printf_o                                0x00000000   Number         0  stubs.o ABSOLUTE
    _printf_p                                0x00000000   Number         0  stubs.o ABSOLUTE
    _printf_percent                          0x00000000   Number         0  stubs.o ABSOLUTE
    _printf_pre_padding                      0x00000000   Number         0  stubs.o ABSOLUTE
    _printf_return_value                     0x00000000   Number         0  stubs.o ABSOLUTE
    _printf_s                                0x00000000   Number         0  stubs.o ABSOLUTE
    _printf_sizespec                         0x00000000   Number         0  stubs.o ABSOLUTE
    _printf_str                              0x00000000   Number         0  stubs.o ABSOLUTE
    _printf_truncate_signed                  0x00000000   Number         0  stubs.o ABSOLUTE
    _printf_truncate_unsigned                0x00000000   Number         0  stubs.o ABSOLUTE
    _printf_u                                0x00000000   Number         0  stubs.o ABSOLUTE
    _printf_wc                               0x00000000   Number         0  stubs.o ABSOLUTE
    _printf_wctomb                           0x00000000   Number         0  stubs.o ABSOLUTE
    _printf_widthprec                        0x00000000   Number         0  stubs.o ABSOLUTE
    _printf_x                                0x00000000   Number         0  stubs.o ABSOLUTE
    __cpp_initialize__aeabi_                  - Undefined Weak Reference
    __cxa_finalize                            - Undefined Weak Reference
    _clock_init                               - Undefined Weak Reference
    _microlib_exit                            - Undefined Weak Reference
    __Vectors_Size                           0x000001d8   Number         0  startup_stm32g431xx.o ABSOLUTE
    __Vectors                                0x08000000   Data           4  startup_stm32g431xx.o(RESET)
    __Vectors_End                            0x080001d8   Data           0  startup_stm32g431xx.o(RESET)
    __main                                   0x080001d9   Thumb Code     0  entry.o(.ARM.Collect$$$$00000000)
    _main_stk                                0x080001d9   Thumb Code     0  entry2.o(.ARM.Collect$$$$00000001)
    _main_scatterload                        0x080001dd   Thumb Code     0  entry5.o(.ARM.Collect$$$$00000004)
    __main_after_scatterload                 0x080001e1   Thumb Code     0  entry5.o(.ARM.Collect$$$$00000004)
    _main_clock                              0x080001e1   Thumb Code     0  entry7b.o(.ARM.Collect$$$$00000008)
    _main_cpp_init                           0x080001e1   Thumb Code     0  entry8b.o(.ARM.Collect$$$$0000000A)
    _main_init                               0x080001e1   Thumb Code     0  entry9a.o(.ARM.Collect$$$$0000000B)
    __rt_final_cpp                           0x080001e9   Thumb Code     0  entry10a.o(.ARM.Collect$$$$0000000D)
    __rt_final_exit                          0x080001e9   Thumb Code     0  entry11a.o(.ARM.Collect$$$$0000000F)
    Reset_Handler                            0x080001ed   Thumb Code     8  startup_stm32g431xx.o(.text)
    ADC1_2_IRQHandler                        0x08000207   Thumb Code     0  startup_stm32g431xx.o(.text)
    COMP1_2_3_IRQHandler                     0x08000207   Thumb Code     0  startup_stm32g431xx.o(.text)
    COMP4_IRQHandler                         0x08000207   Thumb Code     0  startup_stm32g431xx.o(.text)
    CORDIC_IRQHandler                        0x08000207   Thumb Code     0  startup_stm32g431xx.o(.text)
    CRS_IRQHandler                           0x08000207   Thumb Code     0  startup_stm32g431xx.o(.text)
    DMA1_Channel1_IRQHandler                 0x08000207   Thumb Code     0  startup_stm32g431xx.o(.text)
    DMA1_Channel2_IRQHandler                 0x08000207   Thumb Code     0  startup_stm32g431xx.o(.text)
    DMA1_Channel3_IRQHandler                 0x08000207   Thumb Code     0  startup_stm32g431xx.o(.text)
    DMA1_Channel4_IRQHandler                 0x08000207   Thumb Code     0  startup_stm32g431xx.o(.text)
    DMA1_Channel5_IRQHandler                 0x08000207   Thumb Code     0  startup_stm32g431xx.o(.text)
    DMA1_Channel6_IRQHandler                 0x08000207   Thumb Code     0  startup_stm32g431xx.o(.text)
    DMA2_Channel1_IRQHandler                 0x08000207   Thumb Code     0  startup_stm32g431xx.o(.text)
    DMA2_Channel2_IRQHandler                 0x08000207   Thumb Code     0  startup_stm32g431xx.o(.text)
    DMA2_Channel3_IRQHandler                 0x08000207   Thumb Code     0  startup_stm32g431xx.o(.text)
    DMA2_Channel4_IRQHandler                 0x08000207   Thumb Code     0  startup_stm32g431xx.o(.text)
    DMA2_Channel5_IRQHandler                 0x08000207   Thumb Code     0  startup_stm32g431xx.o(.text)
    DMA2_Channel6_IRQHandler                 0x08000207   Thumb Code     0  startup_stm32g431xx.o(.text)
    DMAMUX_OVR_IRQHandler                    0x08000207   Thumb Code     0  startup_stm32g431xx.o(.text)
    EXTI0_IRQHandler                         0x08000207   Thumb Code     0  startup_stm32g431xx.o(.text)
    EXTI15_10_IRQHandler                     0x08000207   Thumb Code     0  startup_stm32g431xx.o(.text)
    EXTI1_IRQHandler                         0x08000207   Thumb Code     0  startup_stm32g431xx.o(.text)
    EXTI2_IRQHandler                         0x08000207   Thumb Code     0  startup_stm32g431xx.o(.text)
    EXTI3_IRQHandler                         0x08000207   Thumb Code     0  startup_stm32g431xx.o(.text)
    EXTI4_IRQHandler                         0x08000207   Thumb Code     0  startup_stm32g431xx.o(.text)
    EXTI9_5_IRQHandler                       0x08000207   Thumb Code     0  startup_stm32g431xx.o(.text)
    FDCAN1_IT0_IRQHandler                    0x08000207   Thumb Code     0  startup_stm32g431xx.o(.text)
    FDCAN1_IT1_IRQHandler                    0x08000207   Thumb Code     0  startup_stm32g431xx.o(.text)
    FLASH_IRQHandler                         0x08000207   Thumb Code     0  startup_stm32g431xx.o(.text)
    FMAC_IRQHandler                          0x08000207   Thumb Code     0  startup_stm32g431xx.o(.text)
    FPU_IRQHandler                           0x08000207   Thumb Code     0  startup_stm32g431xx.o(.text)
    I2C1_ER_IRQHandler                       0x08000207   Thumb Code     0  startup_stm32g431xx.o(.text)
    I2C1_EV_IRQHandler                       0x08000207   Thumb Code     0  startup_stm32g431xx.o(.text)
    I2C2_ER_IRQHandler                       0x08000207   Thumb Code     0  startup_stm32g431xx.o(.text)
    I2C2_EV_IRQHandler                       0x08000207   Thumb Code     0  startup_stm32g431xx.o(.text)
    I2C3_ER_IRQHandler                       0x08000207   Thumb Code     0  startup_stm32g431xx.o(.text)
    I2C3_EV_IRQHandler                       0x08000207   Thumb Code     0  startup_stm32g431xx.o(.text)
    LPTIM1_IRQHandler                        0x08000207   Thumb Code     0  startup_stm32g431xx.o(.text)
    LPUART1_IRQHandler                       0x08000207   Thumb Code     0  startup_stm32g431xx.o(.text)
    PVD_PVM_IRQHandler                       0x08000207   Thumb Code     0  startup_stm32g431xx.o(.text)
    RCC_IRQHandler                           0x08000207   Thumb Code     0  startup_stm32g431xx.o(.text)
    RNG_IRQHandler                           0x08000207   Thumb Code     0  startup_stm32g431xx.o(.text)
    RTC_Alarm_IRQHandler                     0x08000207   Thumb Code     0  startup_stm32g431xx.o(.text)
    RTC_TAMP_LSECSS_IRQHandler               0x08000207   Thumb Code     0  startup_stm32g431xx.o(.text)
    RTC_WKUP_IRQHandler                      0x08000207   Thumb Code     0  startup_stm32g431xx.o(.text)
    SAI1_IRQHandler                          0x08000207   Thumb Code     0  startup_stm32g431xx.o(.text)
    SPI1_IRQHandler                          0x08000207   Thumb Code     0  startup_stm32g431xx.o(.text)
    SPI2_IRQHandler                          0x08000207   Thumb Code     0  startup_stm32g431xx.o(.text)
    SPI3_IRQHandler                          0x08000207   Thumb Code     0  startup_stm32g431xx.o(.text)
    TIM1_BRK_TIM15_IRQHandler                0x08000207   Thumb Code     0  startup_stm32g431xx.o(.text)
    TIM1_CC_IRQHandler                       0x08000207   Thumb Code     0  startup_stm32g431xx.o(.text)
    TIM1_TRG_COM_TIM17_IRQHandler            0x08000207   Thumb Code     0  startup_stm32g431xx.o(.text)
    TIM1_UP_TIM16_IRQHandler                 0x08000207   Thumb Code     0  startup_stm32g431xx.o(.text)
    TIM2_IRQHandler                          0x08000207   Thumb Code     0  startup_stm32g431xx.o(.text)
    TIM3_IRQHandler                          0x08000207   Thumb Code     0  startup_stm32g431xx.o(.text)
    TIM4_IRQHandler                          0x08000207   Thumb Code     0  startup_stm32g431xx.o(.text)
    TIM6_DAC_IRQHandler                      0x08000207   Thumb Code     0  startup_stm32g431xx.o(.text)
    TIM7_IRQHandler                          0x08000207   Thumb Code     0  startup_stm32g431xx.o(.text)
    TIM8_BRK_IRQHandler                      0x08000207   Thumb Code     0  startup_stm32g431xx.o(.text)
    TIM8_CC_IRQHandler                       0x08000207   Thumb Code     0  startup_stm32g431xx.o(.text)
    TIM8_TRG_COM_IRQHandler                  0x08000207   Thumb Code     0  startup_stm32g431xx.o(.text)
    TIM8_UP_IRQHandler                       0x08000207   Thumb Code     0  startup_stm32g431xx.o(.text)
    UART4_IRQHandler                         0x08000207   Thumb Code     0  startup_stm32g431xx.o(.text)
    UCPD1_IRQHandler                         0x08000207   Thumb Code     0  startup_stm32g431xx.o(.text)
    USART1_IRQHandler                        0x08000207   Thumb Code     0  startup_stm32g431xx.o(.text)
    USART2_IRQHandler                        0x08000207   Thumb Code     0  startup_stm32g431xx.o(.text)
    USART3_IRQHandler                        0x08000207   Thumb Code     0  startup_stm32g431xx.o(.text)
    USBWakeUp_IRQHandler                     0x08000207   Thumb Code     0  startup_stm32g431xx.o(.text)
    USB_HP_IRQHandler                        0x08000207   Thumb Code     0  startup_stm32g431xx.o(.text)
    WWDG_IRQHandler                          0x08000207   Thumb Code     0  startup_stm32g431xx.o(.text)
    __aeabi_memset                           0x08000211   Thumb Code    14  memseta.o(.text)
    __aeabi_memset4                          0x08000211   Thumb Code     0  memseta.o(.text)
    __aeabi_memset8                          0x08000211   Thumb Code     0  memseta.o(.text)
    __aeabi_memclr                           0x0800021f   Thumb Code     4  memseta.o(.text)
    __aeabi_memclr4                          0x0800021f   Thumb Code     0  memseta.o(.text)
    __aeabi_memclr8                          0x0800021f   Thumb Code     0  memseta.o(.text)
    _memset$wrapper                          0x08000223   Thumb Code    18  memseta.o(.text)
    __aeabi_uidiv                            0x08000235   Thumb Code     0  uidiv.o(.text)
    __aeabi_uidivmod                         0x08000235   Thumb Code    44  uidiv.o(.text)
    __scatterload                            0x08000261   Thumb Code    28  init.o(.text)
    __scatterload_rt2                        0x08000261   Thumb Code     0  init.o(.text)
    __decompress                             0x08000285   Thumb Code     0  __dczerorl2.o(.text)
    __decompress1                            0x08000285   Thumb Code    86  __dczerorl2.o(.text)
    BusFault_Handler                         0x080002dd   Thumb Code     2  stm32g4xx_it.o(.text.BusFault_Handler)
    CDC_Transmit_FS                          0x08000335   Thumb Code    54  usbd_cdc_if.o(.text.CDC_Transmit_FS)
    DebugMon_Handler                         0x0800036d   Thumb Code     2  stm32g4xx_it.o(.text.DebugMon_Handler)
    Error_Handler                            0x08000371   Thumb Code    10  main.o(.text.Error_Handler)
    HAL_Delay                                0x0800037d   Thumb Code    40  stm32g4xx_hal.o(.text.HAL_Delay)
    HAL_GetTick                              0x080003a5   Thumb Code    12  stm32g4xx_hal.o(.text.HAL_GetTick)
    HAL_IncTick                              0x080003b1   Thumb Code    18  stm32g4xx_hal.o(.text.HAL_IncTick)
    HAL_Init                                 0x080003c5   Thumb Code    30  stm32g4xx_hal.o(.text.HAL_Init)
    HAL_InitTick                             0x080003e5   Thumb Code    78  stm32g4xx_hal.o(.text.HAL_InitTick)
    HAL_MspInit                              0x08000435   Thumb Code    50  stm32g4xx_hal_msp.o(.text.HAL_MspInit)
    HAL_NVIC_EnableIRQ                       0x08000469   Thumb Code    32  stm32g4xx_hal_cortex.o(.text.HAL_NVIC_EnableIRQ)
    HAL_NVIC_SetPriority                     0x08000489   Thumb Code   100  stm32g4xx_hal_cortex.o(.text.HAL_NVIC_SetPriority)
    HAL_NVIC_SetPriorityGrouping             0x080004ed   Thumb Code    32  stm32g4xx_hal_cortex.o(.text.HAL_NVIC_SetPriorityGrouping)
    HAL_PCDEx_ActivateLPM                    0x0800050d   Thumb Code    42  stm32g4xx_hal_pcd_ex.o(.text.HAL_PCDEx_ActivateLPM)
    HAL_PCDEx_LPM_Callback                   0x08000539   Thumb Code    72  usbd_conf.o(.text.HAL_PCDEx_LPM_Callback)
    HAL_PCDEx_PMAConfig                      0x08000581   Thumb Code    62  stm32g4xx_hal_pcd_ex.o(.text.HAL_PCDEx_PMAConfig)
    HAL_PCD_DataInStageCallback              0x080005c1   Thumb Code    18  usbd_conf.o(.text.HAL_PCD_DataInStageCallback)
    HAL_PCD_DataOutStageCallback             0x080005d5   Thumb Code    20  usbd_conf.o(.text.HAL_PCD_DataOutStageCallback)
    HAL_PCD_EP_Close                         0x080005e9   Thumb Code    76  stm32g4xx_hal_pcd.o(.text.HAL_PCD_EP_Close)
    HAL_PCD_EP_ClrStall                      0x08000635   Thumb Code    96  stm32g4xx_hal_pcd.o(.text.HAL_PCD_EP_ClrStall)
    HAL_PCD_EP_GetRxCount                    0x08000695   Thumb Code    18  stm32g4xx_hal_pcd.o(.text.HAL_PCD_EP_GetRxCount)
    HAL_PCD_EP_Open                          0x080006a9   Thumb Code    96  stm32g4xx_hal_pcd.o(.text.HAL_PCD_EP_Open)
    HAL_PCD_EP_Receive                       0x08000709   Thumb Code    48  stm32g4xx_hal_pcd.o(.text.HAL_PCD_EP_Receive)
    HAL_PCD_EP_SetStall                      0x08000739   Thumb Code    94  stm32g4xx_hal_pcd.o(.text.HAL_PCD_EP_SetStall)
    HAL_PCD_EP_Transmit                      0x08000799   Thumb Code    48  stm32g4xx_hal_pcd.o(.text.HAL_PCD_EP_Transmit)
    HAL_PCD_IRQHandler                       0x080007c9   Thumb Code  2326  stm32g4xx_hal_pcd.o(.text.HAL_PCD_IRQHandler)
    HAL_PCD_Init                             0x080010e1   Thumb Code   196  stm32g4xx_hal_pcd.o(.text.HAL_PCD_Init)
    HAL_PCD_MspInit                          0x080011a5   Thumb Code   104  usbd_conf.o(.text.HAL_PCD_MspInit)
    HAL_PCD_ResetCallback                    0x0800120d   Thumb Code    36  usbd_conf.o(.text.HAL_PCD_ResetCallback)
    HAL_PCD_ResumeCallback                   0x08001231   Thumb Code    40  usbd_conf.o(.text.HAL_PCD_ResumeCallback)
    HAL_PCD_SOFCallback                      0x08001259   Thumb Code     8  usbd_conf.o(.text.HAL_PCD_SOFCallback)
    HAL_PCD_SetAddress                       0x08001261   Thumb Code    44  stm32g4xx_hal_pcd.o(.text.HAL_PCD_SetAddress)
    HAL_PCD_SetupStageCallback               0x0800128d   Thumb Code    14  usbd_conf.o(.text.HAL_PCD_SetupStageCallback)
    HAL_PCD_Start                            0x0800129d   Thumb Code    46  stm32g4xx_hal_pcd.o(.text.HAL_PCD_Start)
    HAL_PCD_SuspendCallback                  0x080012cd   Thumb Code    38  usbd_conf.o(.text.HAL_PCD_SuspendCallback)
    HAL_PWREx_ControlVoltageScaling          0x080012f5   Thumb Code   214  stm32g4xx_hal_pwr_ex.o(.text.HAL_PWREx_ControlVoltageScaling)
    HAL_RCCEx_PeriphCLKConfig                0x080013cd   Thumb Code   668  stm32g4xx_hal_rcc_ex.o(.text.HAL_RCCEx_PeriphCLKConfig)
    HAL_RCC_ClockConfig                      0x08001669   Thumb Code   754  stm32g4xx_hal_rcc.o(.text.HAL_RCC_ClockConfig)
    HAL_RCC_OscConfig                        0x0800195d   Thumb Code  1284  stm32g4xx_hal_rcc.o(.text.HAL_RCC_OscConfig)
    HAL_SYSTICK_Config                       0x08001e61   Thumb Code    44  stm32g4xx_hal_cortex.o(.text.HAL_SYSTICK_Config)
    HardFault_Handler                        0x08001e8d   Thumb Code     2  stm32g4xx_it.o(.text.HardFault_Handler)
    MX_GPIO_Init                             0x08001e91   Thumb Code    50  gpio.o(.text.MX_GPIO_Init)
    MX_USB_Device_Init                       0x08001ec5   Thumb Code   114  usb_device.o(.text.MX_USB_Device_Init)
    MemManage_Handler                        0x08001f39   Thumb Code     2  stm32g4xx_it.o(.text.MemManage_Handler)
    NMI_Handler                              0x08001f3d   Thumb Code     2  stm32g4xx_it.o(.text.NMI_Handler)
    PendSV_Handler                           0x08001f41   Thumb Code     2  stm32g4xx_it.o(.text.PendSV_Handler)
    SVC_Handler                              0x08001f45   Thumb Code     2  stm32g4xx_it.o(.text.SVC_Handler)
    SysTick_Handler                          0x08001f49   Thumb Code     4  stm32g4xx_it.o(.text.SysTick_Handler)
    SystemClock_Config                       0x08001f4d   Thumb Code   118  main.o(.text.SystemClock_Config)
    SystemInit                               0x08001fc5   Thumb Code    18  system_stm32g4xx.o(.text.SystemInit)
    USBD_CDC_ConfigStrDescriptor             0x08001fd9   Thumb Code    36  usbd_desc.o(.text.USBD_CDC_ConfigStrDescriptor)
    USBD_CDC_DeviceDescriptor                0x080020e1   Thumb Code    14  usbd_desc.o(.text.USBD_CDC_DeviceDescriptor)
    USBD_CDC_GetDeviceQualifierDescriptor    0x08002129   Thumb Code    14  usbd_cdc.o(.text.USBD_CDC_GetDeviceQualifierDescriptor)
    USBD_CDC_InterfaceStrDescriptor          0x08002215   Thumb Code    40  usbd_desc.o(.text.USBD_CDC_InterfaceStrDescriptor)
    USBD_CDC_LangIDStrDescriptor             0x0800223d   Thumb Code    14  usbd_desc.o(.text.USBD_CDC_LangIDStrDescriptor)
    USBD_CDC_ManufacturerStrDescriptor       0x0800224d   Thumb Code    44  usbd_desc.o(.text.USBD_CDC_ManufacturerStrDescriptor)
    USBD_CDC_ProductStrDescriptor            0x08002279   Thumb Code    48  usbd_desc.o(.text.USBD_CDC_ProductStrDescriptor)
    USBD_CDC_ReceivePacket                   0x080022a9   Thumb Code    44  usbd_cdc.o(.text.USBD_CDC_ReceivePacket)
    USBD_CDC_RegisterInterface               0x080022d5   Thumb Code    16  usbd_cdc.o(.text.USBD_CDC_RegisterInterface)
    USBD_CDC_SerialStrDescriptor             0x080022e5   Thumb Code   352  usbd_desc.o(.text.USBD_CDC_SerialStrDescriptor)
    USBD_CDC_SetRxBuffer                     0x08002445   Thumb Code    20  usbd_cdc.o(.text.USBD_CDC_SetRxBuffer)
    USBD_CDC_SetTxBuffer                     0x08002459   Thumb Code    24  usbd_cdc.o(.text.USBD_CDC_SetTxBuffer)
    USBD_CDC_TransmitPacket                  0x0800257d   Thumb Code    58  usbd_cdc.o(.text.USBD_CDC_TransmitPacket)
    USBD_ClrClassConfig                      0x080025b9   Thumb Code    20  usbd_core.o(.text.USBD_ClrClassConfig)
    USBD_CtlContinueRx                       0x080025cd   Thumb Code    16  usbd_ioreq.o(.text.USBD_CtlContinueRx)
    USBD_CtlContinueSendData                 0x080025dd   Thumb Code    16  usbd_ioreq.o(.text.USBD_CtlContinueSendData)
    USBD_CtlError                            0x080025ed   Thumb Code    22  usbd_ctlreq.o(.text.USBD_CtlError)
    USBD_CtlPrepareRx                        0x08002605   Thumb Code    26  usbd_ioreq.o(.text.USBD_CtlPrepareRx)
    USBD_CtlReceiveStatus                    0x08002621   Thumb Code    22  usbd_ioreq.o(.text.USBD_CtlReceiveStatus)
    USBD_CtlSendData                         0x08002639   Thumb Code    26  usbd_ioreq.o(.text.USBD_CtlSendData)
    USBD_CtlSendStatus                       0x08002655   Thumb Code    22  usbd_ioreq.o(.text.USBD_CtlSendStatus)
    USBD_GetString                           0x0800266d   Thumb Code   102  usbd_ctlreq.o(.text.USBD_GetString)
    USBD_Init                                0x080026d5   Thumb Code    42  usbd_core.o(.text.USBD_Init)
    USBD_LL_ClearStallEP                     0x08002701   Thumb Code    38  usbd_conf.o(.text.USBD_LL_ClearStallEP)
    USBD_LL_CloseEP                          0x08002729   Thumb Code    38  usbd_conf.o(.text.USBD_LL_CloseEP)
    USBD_LL_DataInStage                      0x08002751   Thumb Code   168  usbd_core.o(.text.USBD_LL_DataInStage)
    USBD_LL_DataOutStage                     0x080027f9   Thumb Code   116  usbd_core.o(.text.USBD_LL_DataOutStage)
    USBD_LL_GetRxDataSize                    0x0800286d   Thumb Code     8  usbd_conf.o(.text.USBD_LL_GetRxDataSize)
    USBD_LL_Init                             0x08002875   Thumb Code   138  usbd_conf.o(.text.USBD_LL_Init)
    USBD_LL_IsStallEP                        0x08002901   Thumb Code    34  usbd_conf.o(.text.USBD_LL_IsStallEP)
    USBD_LL_OpenEP                           0x08002925   Thumb Code    44  usbd_conf.o(.text.USBD_LL_OpenEP)
    USBD_LL_PrepareReceive                   0x08002951   Thumb Code    38  usbd_conf.o(.text.USBD_LL_PrepareReceive)
    USBD_LL_Reset                            0x08002979   Thumb Code   102  usbd_core.o(.text.USBD_LL_Reset)
    USBD_LL_Resume                           0x080029e1   Thumb Code    20  usbd_core.o(.text.USBD_LL_Resume)
    USBD_LL_SOF                              0x080029f5   Thumb Code    46  usbd_core.o(.text.USBD_LL_SOF)
    USBD_LL_SetSpeed                         0x08002a25   Thumb Code     6  usbd_core.o(.text.USBD_LL_SetSpeed)
    USBD_LL_SetUSBAddress                    0x08002a2d   Thumb Code    38  usbd_conf.o(.text.USBD_LL_SetUSBAddress)
    USBD_LL_SetupStage                       0x08002a55   Thumb Code    96  usbd_core.o(.text.USBD_LL_SetupStage)
    USBD_LL_StallEP                          0x08002ab5   Thumb Code    38  usbd_conf.o(.text.USBD_LL_StallEP)
    USBD_LL_Start                            0x08002add   Thumb Code    38  usbd_conf.o(.text.USBD_LL_Start)
    USBD_LL_Suspend                          0x08002b05   Thumb Code    18  usbd_core.o(.text.USBD_LL_Suspend)
    USBD_LL_Transmit                         0x08002b19   Thumb Code    38  usbd_conf.o(.text.USBD_LL_Transmit)
    USBD_ParseSetupRequest                   0x08002b41   Thumb Code    40  usbd_ctlreq.o(.text.USBD_ParseSetupRequest)
    USBD_RegisterClass                       0x08002b69   Thumb Code    50  usbd_core.o(.text.USBD_RegisterClass)
    USBD_SetClassConfig                      0x08002b9d   Thumb Code    16  usbd_core.o(.text.USBD_SetClassConfig)
    USBD_Start                               0x08002bad   Thumb Code     4  usbd_core.o(.text.USBD_Start)
    USBD_StdDevReq                           0x08002bb1   Thumb Code  1066  usbd_ctlreq.o(.text.USBD_StdDevReq)
    USBD_StdEPReq                            0x08002fdd   Thumb Code   336  usbd_ctlreq.o(.text.USBD_StdEPReq)
    USBD_StdItfReq                           0x0800312d   Thumb Code   122  usbd_ctlreq.o(.text.USBD_StdItfReq)
    USBD_static_free                         0x080031a9   Thumb Code     2  usbd_conf.o(.text.USBD_static_free)
    USBD_static_malloc                       0x080031ad   Thumb Code    10  usbd_conf.o(.text.USBD_static_malloc)
    USB_ActivateEndpoint                     0x080031b9   Thumb Code   610  stm32g4xx_ll_usb.o(.text.USB_ActivateEndpoint)
    USB_DeactivateEndpoint                   0x0800341d   Thumb Code   310  stm32g4xx_ll_usb.o(.text.USB_DeactivateEndpoint)
    USB_DevConnect                           0x08003555   Thumb Code    16  stm32g4xx_ll_usb.o(.text.USB_DevConnect)
    USB_DevInit                              0x08003565   Thumb Code    24  stm32g4xx_ll_usb.o(.text.USB_DevInit)
    USB_DisableGlobalInt                     0x0800357d   Thumb Code    18  stm32g4xx_ll_usb.o(.text.USB_DisableGlobalInt)
    USB_EPClearStall                         0x08003591   Thumb Code   140  stm32g4xx_ll_usb.o(.text.USB_EPClearStall)
    USB_EPSetStall                           0x0800361d   Thumb Code    48  stm32g4xx_ll_usb.o(.text.USB_EPSetStall)
    USB_EPStartXfer                          0x0800364d   Thumb Code  1378  stm32g4xx_ll_usb.o(.text.USB_EPStartXfer)
    USB_EnableGlobalInt                      0x08003bb1   Thumb Code    18  stm32g4xx_ll_usb.o(.text.USB_EnableGlobalInt)
    USB_LP_IRQHandler                        0x08003bc5   Thumb Code    12  stm32g4xx_it.o(.text.USB_LP_IRQHandler)
    USB_ReadInterrupts                       0x08003bd1   Thumb Code     6  stm32g4xx_ll_usb.o(.text.USB_ReadInterrupts)
    USB_ReadPMA                              0x08003bd9   Thumb Code    72  stm32g4xx_ll_usb.o(.text.USB_ReadPMA)
    USB_SetDevAddress                        0x08003c21   Thumb Code    14  stm32g4xx_ll_usb.o(.text.USB_SetDevAddress)
    USB_WritePMA                             0x08003c31   Thumb Code    50  stm32g4xx_ll_usb.o(.text.USB_WritePMA)
    UsageFault_Handler                       0x08003c65   Thumb Code     2  stm32g4xx_it.o(.text.UsageFault_Handler)
    fputc                                    0x08003c69   Thumb Code    34  main.o(.text.fputc)
    main                                     0x08003c8d   Thumb Code   200  main.o(.text.main)
    __0printf$1                              0x08003d55   Thumb Code    22  printf1.o(i.__0printf$1)
    __1printf$1                              0x08003d55   Thumb Code     0  printf1.o(i.__0printf$1)
    __2printf                                0x08003d55   Thumb Code     0  printf1.o(i.__0printf$1)
    __scatterload_copy                       0x08003d75   Thumb Code    14  handlers.o(i.__scatterload_copy)
    __scatterload_null                       0x08003d83   Thumb Code     2  handlers.o(i.__scatterload_null)
    __scatterload_zeroinit                   0x08003d85   Thumb Code    14  handlers.o(i.__scatterload_zeroinit)
    AHBPrescTable                            0x08003ee8   Data          16  system_stm32g4xx.o(.rodata.AHBPrescTable)
    Region$$Table$$Base                      0x08003ef8   Number         0  anon$$obj.o(Region$$Table)
    Region$$Table$$Limit                     0x08003f18   Number         0  anon$$obj.o(Region$$Table)
    __stdout                                 0x20000000   Data           4  stdout.o(.data)
    uwTickPrio                               0x20000004   Data           4  stm32g4xx_hal.o(.data..L_MergedGlobals)
    uwTickFreq                               0x20000008   Data           4  stm32g4xx_hal.o(.data..L_MergedGlobals)
    uwTick                                   0x2000000c   Data           4  stm32g4xx_hal.o(.data..L_MergedGlobals)
    CDC_Desc                                 0x20000010   Data          32  usbd_desc.o(.data.CDC_Desc)
    SystemCoreClock                          0x20000030   Data           4  system_stm32g4xx.o(.data.SystemCoreClock)
    USBD_CDC                                 0x20000034   Data          56  usbd_cdc.o(.data.USBD_CDC)
    USBD_CDC_DeviceDesc                      0x200000f4   Data          18  usbd_desc.o(.data.USBD_CDC_DeviceDesc)
    USBD_Interface_fops_FS                   0x20000158   Data          20  usbd_cdc_if.o(.data.USBD_Interface_fops_FS)
    USBD_LangIDDesc                          0x2000016c   Data           4  usbd_desc.o(.data.USBD_LangIDDesc)
    USBD_StringSerial                        0x20000170   Data          26  usbd_desc.o(.data.USBD_StringSerial)
    USBD_StrDesc                             0x20000194   Data         512  usbd_desc.o(.bss.USBD_StrDesc)
    UserRxBufferFS                           0x200005b4   Data        1000  usbd_cdc_if.o(.bss.UserRxBufferFS)
    UserTxBufferFS                           0x2000099c   Data        1000  usbd_cdc_if.o(.bss.UserTxBufferFS)
    hUsbDeviceFS                             0x20000d84   Data         720  usb_device.o(.bss.hUsbDeviceFS)
    hpcd_USB_FS                              0x20001054   Data         756  usbd_conf.o(.bss.hpcd_USB_FS)
    __initial_sp                             0x20001748   Data           0  startup_stm32g431xx.o(STACK)



==============================================================================

Memory Map of the image

  Image Entry point : 0x080001d9

  Load Region LR_IROM1 (Base: 0x08000000, Size: 0x000040a8, Max: 0x00020000, ABSOLUTE, COMPRESSED[0x00003fe0])

    Execution Region ER_IROM1 (Exec base: 0x08000000, Load base: 0x08000000, Size: 0x00003f18, Max: 0x00020000, ABSOLUTE)

    Exec Addr    Load Addr    Size         Type   Attr      Idx    E Section Name        Object

    0x08000000   0x08000000   0x000001d8   Data   RO            3    RESET               startup_stm32g431xx.o
    0x080001d8   0x080001d8   0x00000000   Code   RO         1103  * .ARM.Collect$$$$00000000  mc_w.l(entry.o)
    0x080001d8   0x080001d8   0x00000004   Code   RO         1369    .ARM.Collect$$$$00000001  mc_w.l(entry2.o)
    0x080001dc   0x080001dc   0x00000004   Code   RO         1372    .ARM.Collect$$$$00000004  mc_w.l(entry5.o)
    0x080001e0   0x080001e0   0x00000000   Code   RO         1374    .ARM.Collect$$$$00000008  mc_w.l(entry7b.o)
    0x080001e0   0x080001e0   0x00000000   Code   RO         1376    .ARM.Collect$$$$0000000A  mc_w.l(entry8b.o)
    0x080001e0   0x080001e0   0x00000008   Code   RO         1377    .ARM.Collect$$$$0000000B  mc_w.l(entry9a.o)
    0x080001e8   0x080001e8   0x00000000   Code   RO         1379    .ARM.Collect$$$$0000000D  mc_w.l(entry10a.o)
    0x080001e8   0x080001e8   0x00000000   Code   RO         1381    .ARM.Collect$$$$0000000F  mc_w.l(entry11a.o)
    0x080001e8   0x080001e8   0x00000004   Code   RO         1370    .ARM.Collect$$$$00002712  mc_w.l(entry2.o)
    0x080001ec   0x080001ec   0x00000024   Code   RO            4    .text               startup_stm32g431xx.o
    0x08000210   0x08000210   0x00000024   Code   RO         1106    .text               mc_w.l(memseta.o)
    0x08000234   0x08000234   0x0000002c   Code   RO         1384    .text               mc_w.l(uidiv.o)
    0x08000260   0x08000260   0x00000024   Code   RO         1399    .text               mc_w.l(init.o)
    0x08000284   0x08000284   0x00000056   Code   RO         1417    .text               mc_w.l(__dczerorl2.o)
    0x080002da   0x080002da   0x00000002   PAD
    0x080002dc   0x080002dc   0x00000002   Code   RO           50    .text.BusFault_Handler  stm32g4xx_it.o
    0x080002de   0x080002de   0x00000002   PAD
    0x080002e0   0x080002e0   0x00000004   Code   RO          210    .text.CDC_Control_FS  usbd_cdc_if.o
    0x080002e4   0x080002e4   0x00000004   Code   RO          208    .text.CDC_DeInit_FS  usbd_cdc_if.o
    0x080002e8   0x080002e8   0x0000002c   Code   RO          206    .text.CDC_Init_FS   usbd_cdc_if.o
    0x08000314   0x08000314   0x0000001c   Code   RO          212    .text.CDC_Receive_FS  usbd_cdc_if.o
    0x08000330   0x08000330   0x00000004   Code   RO          214    .text.CDC_TransmitCplt_FS  usbd_cdc_if.o
    0x08000334   0x08000334   0x00000036   Code   RO          216    .text.CDC_Transmit_FS  usbd_cdc_if.o
    0x0800036a   0x0800036a   0x00000002   PAD
    0x0800036c   0x0800036c   0x00000002   Code   RO           56    .text.DebugMon_Handler  stm32g4xx_it.o
    0x0800036e   0x0800036e   0x00000002   PAD
    0x08000370   0x08000370   0x0000000a   Code   RO           17    .text.Error_Handler  main.o
    0x0800037a   0x0800037a   0x00000002   PAD
    0x0800037c   0x0800037c   0x00000028   Code   RO          403    .text.HAL_Delay     stm32g4xx_hal.o
    0x080003a4   0x080003a4   0x0000000c   Code   RO          395    .text.HAL_GetTick   stm32g4xx_hal.o
    0x080003b0   0x080003b0   0x00000012   Code   RO          393    .text.HAL_IncTick   stm32g4xx_hal.o
    0x080003c2   0x080003c2   0x00000002   PAD
    0x080003c4   0x080003c4   0x0000001e   Code   RO          383    .text.HAL_Init      stm32g4xx_hal.o
    0x080003e2   0x080003e2   0x00000002   PAD
    0x080003e4   0x080003e4   0x0000004e   Code   RO          385    .text.HAL_InitTick  stm32g4xx_hal.o
    0x08000432   0x08000432   0x00000002   PAD
    0x08000434   0x08000434   0x00000032   Code   RO           74    .text.HAL_MspInit   stm32g4xx_hal_msp.o
    0x08000466   0x08000466   0x00000002   PAD
    0x08000468   0x08000468   0x00000020   Code   RO          881    .text.HAL_NVIC_EnableIRQ  stm32g4xx_hal_cortex.o
    0x08000488   0x08000488   0x00000064   Code   RO          879    .text.HAL_NVIC_SetPriority  stm32g4xx_hal_cortex.o
    0x080004ec   0x080004ec   0x00000020   Code   RO          877    .text.HAL_NVIC_SetPriorityGrouping  stm32g4xx_hal_cortex.o
    0x0800050c   0x0800050c   0x0000002a   Code   RO          317    .text.HAL_PCDEx_ActivateLPM  stm32g4xx_hal_pcd_ex.o
    0x08000536   0x08000536   0x00000002   PAD
    0x08000538   0x08000538   0x00000048   Code   RO          141    .text.HAL_PCDEx_LPM_Callback  usbd_conf.o
    0x08000580   0x08000580   0x0000003e   Code   RO          307    .text.HAL_PCDEx_PMAConfig  stm32g4xx_hal_pcd_ex.o
    0x080005be   0x080005be   0x00000002   PAD
    0x080005c0   0x080005c0   0x00000012   Code   RO           95    .text.HAL_PCD_DataInStageCallback  usbd_conf.o
    0x080005d2   0x080005d2   0x00000002   PAD
    0x080005d4   0x080005d4   0x00000014   Code   RO           93    .text.HAL_PCD_DataOutStageCallback  usbd_conf.o
    0x080005e8   0x080005e8   0x0000004c   Code   RO          276    .text.HAL_PCD_EP_Close  stm32g4xx_hal_pcd.o
    0x08000634   0x08000634   0x00000060   Code   RO          286    .text.HAL_PCD_EP_ClrStall  stm32g4xx_hal_pcd.o
    0x08000694   0x08000694   0x00000012   Code   RO          280    .text.HAL_PCD_EP_GetRxCount  stm32g4xx_hal_pcd.o
    0x080006a6   0x080006a6   0x00000002   PAD
    0x080006a8   0x080006a8   0x00000060   Code   RO          274    .text.HAL_PCD_EP_Open  stm32g4xx_hal_pcd.o
    0x08000708   0x08000708   0x00000030   Code   RO          278    .text.HAL_PCD_EP_Receive  stm32g4xx_hal_pcd.o
    0x08000738   0x08000738   0x0000005e   Code   RO          284    .text.HAL_PCD_EP_SetStall  stm32g4xx_hal_pcd.o
    0x08000796   0x08000796   0x00000002   PAD
    0x08000798   0x08000798   0x00000030   Code   RO          282    .text.HAL_PCD_EP_Transmit  stm32g4xx_hal_pcd.o
    0x080007c8   0x080007c8   0x00000916   Code   RO          244    .text.HAL_PCD_IRQHandler  stm32g4xx_hal_pcd.o
    0x080010de   0x080010de   0x00000002   PAD
    0x080010e0   0x080010e0   0x000000c4   Code   RO          232    .text.HAL_PCD_Init  stm32g4xx_hal_pcd.o
    0x080011a4   0x080011a4   0x00000068   Code   RO           87    .text.HAL_PCD_MspInit  usbd_conf.o
    0x0800120c   0x0800120c   0x00000024   Code   RO           99    .text.HAL_PCD_ResetCallback  usbd_conf.o
    0x08001230   0x08001230   0x00000028   Code   RO          103    .text.HAL_PCD_ResumeCallback  usbd_conf.o
    0x08001258   0x08001258   0x00000008   Code   RO           97    .text.HAL_PCD_SOFCallback  usbd_conf.o
    0x08001260   0x08001260   0x0000002c   Code   RO          248    .text.HAL_PCD_SetAddress  stm32g4xx_hal_pcd.o
    0x0800128c   0x0800128c   0x0000000e   Code   RO           91    .text.HAL_PCD_SetupStageCallback  usbd_conf.o
    0x0800129a   0x0800129a   0x00000002   PAD
    0x0800129c   0x0800129c   0x0000002e   Code   RO          240    .text.HAL_PCD_Start  stm32g4xx_hal_pcd.o
    0x080012ca   0x080012ca   0x00000002   PAD
    0x080012cc   0x080012cc   0x00000026   Code   RO          101    .text.HAL_PCD_SuspendCallback  usbd_conf.o
    0x080012f2   0x080012f2   0x00000002   PAD
    0x080012f4   0x080012f4   0x000000d6   Code   RO          794    .text.HAL_PWREx_ControlVoltageScaling  stm32g4xx_hal_pwr_ex.o
    0x080013ca   0x080013ca   0x00000002   PAD
    0x080013cc   0x080013cc   0x0000029c   Code   RO          506    .text.HAL_RCCEx_PeriphCLKConfig  stm32g4xx_hal_rcc_ex.o
    0x08001668   0x08001668   0x000002f2   Code   RO          469    .text.HAL_RCC_ClockConfig  stm32g4xx_hal_rcc.o
    0x0800195a   0x0800195a   0x00000002   PAD
    0x0800195c   0x0800195c   0x00000504   Code   RO          467    .text.HAL_RCC_OscConfig  stm32g4xx_hal_rcc.o
    0x08001e60   0x08001e60   0x0000002c   Code   RO          887    .text.HAL_SYSTICK_Config  stm32g4xx_hal_cortex.o
    0x08001e8c   0x08001e8c   0x00000002   Code   RO           46    .text.HardFault_Handler  stm32g4xx_it.o
    0x08001e8e   0x08001e8e   0x00000002   PAD
    0x08001e90   0x08001e90   0x00000032   Code   RO           31    .text.MX_GPIO_Init  gpio.o
    0x08001ec2   0x08001ec2   0x00000002   PAD
    0x08001ec4   0x08001ec4   0x00000072   Code   RO          162    .text.MX_USB_Device_Init  usb_device.o
    0x08001f36   0x08001f36   0x00000002   PAD
    0x08001f38   0x08001f38   0x00000002   Code   RO           48    .text.MemManage_Handler  stm32g4xx_it.o
    0x08001f3a   0x08001f3a   0x00000002   PAD
    0x08001f3c   0x08001f3c   0x00000002   Code   RO           44    .text.NMI_Handler   stm32g4xx_it.o
    0x08001f3e   0x08001f3e   0x00000002   PAD
    0x08001f40   0x08001f40   0x00000002   Code   RO           58    .text.PendSV_Handler  stm32g4xx_it.o
    0x08001f42   0x08001f42   0x00000002   PAD
    0x08001f44   0x08001f44   0x00000002   Code   RO           54    .text.SVC_Handler   stm32g4xx_it.o
    0x08001f46   0x08001f46   0x00000002   PAD
    0x08001f48   0x08001f48   0x00000004   Code   RO           60    .text.SysTick_Handler  stm32g4xx_it.o
    0x08001f4c   0x08001f4c   0x00000076   Code   RO           15    .text.SystemClock_Config  main.o
    0x08001fc2   0x08001fc2   0x00000002   PAD
    0x08001fc4   0x08001fc4   0x00000012   Code   RO          940    .text.SystemInit    system_stm32g4xx.o
    0x08001fd6   0x08001fd6   0x00000002   PAD
    0x08001fd8   0x08001fd8   0x00000024   Code   RO          186    .text.USBD_CDC_ConfigStrDescriptor  usbd_desc.o
    0x08001ffc   0x08001ffc   0x0000006c   Code   RO         1066    .text.USBD_CDC_DataIn  usbd_cdc.o
    0x08002068   0x08002068   0x00000032   Code   RO         1068    .text.USBD_CDC_DataOut  usbd_cdc.o
    0x0800209a   0x0800209a   0x00000002   PAD
    0x0800209c   0x0800209c   0x00000042   Code   RO         1060    .text.USBD_CDC_DeInit  usbd_cdc.o
    0x080020de   0x080020de   0x00000002   PAD
    0x080020e0   0x080020e0   0x0000000e   Code   RO          176    .text.USBD_CDC_DeviceDescriptor  usbd_desc.o
    0x080020ee   0x080020ee   0x00000002   PAD
    0x080020f0   0x080020f0   0x00000036   Code   RO         1064    .text.USBD_CDC_EP0_RxReady  usbd_cdc.o
    0x08002126   0x08002126   0x00000002   PAD
    0x08002128   0x08002128   0x0000000e   Code   RO         1076    .text.USBD_CDC_GetDeviceQualifierDescriptor  usbd_cdc.o
    0x08002136   0x08002136   0x00000002   PAD
    0x08002138   0x08002138   0x0000000e   Code   RO         1072    .text.USBD_CDC_GetFSCfgDesc  usbd_cdc.o
    0x08002146   0x08002146   0x00000002   PAD
    0x08002148   0x08002148   0x0000000e   Code   RO         1070    .text.USBD_CDC_GetHSCfgDesc  usbd_cdc.o
    0x08002156   0x08002156   0x00000002   PAD
    0x08002158   0x08002158   0x0000000e   Code   RO         1074    .text.USBD_CDC_GetOtherSpeedCfgDesc  usbd_cdc.o
    0x08002166   0x08002166   0x00000002   PAD
    0x08002168   0x08002168   0x000000aa   Code   RO         1058    .text.USBD_CDC_Init  usbd_cdc.o
    0x08002212   0x08002212   0x00000002   PAD
    0x08002214   0x08002214   0x00000028   Code   RO          188    .text.USBD_CDC_InterfaceStrDescriptor  usbd_desc.o
    0x0800223c   0x0800223c   0x0000000e   Code   RO          178    .text.USBD_CDC_LangIDStrDescriptor  usbd_desc.o
    0x0800224a   0x0800224a   0x00000002   PAD
    0x0800224c   0x0800224c   0x0000002c   Code   RO          180    .text.USBD_CDC_ManufacturerStrDescriptor  usbd_desc.o
    0x08002278   0x08002278   0x00000030   Code   RO          182    .text.USBD_CDC_ProductStrDescriptor  usbd_desc.o
    0x080022a8   0x080022a8   0x0000002c   Code   RO         1086    .text.USBD_CDC_ReceivePacket  usbd_cdc.o
    0x080022d4   0x080022d4   0x00000010   Code   RO         1078    .text.USBD_CDC_RegisterInterface  usbd_cdc.o
    0x080022e4   0x080022e4   0x00000160   Code   RO          184    .text.USBD_CDC_SerialStrDescriptor  usbd_desc.o
    0x08002444   0x08002444   0x00000014   Code   RO         1082    .text.USBD_CDC_SetRxBuffer  usbd_cdc.o
    0x08002458   0x08002458   0x00000018   Code   RO         1080    .text.USBD_CDC_SetTxBuffer  usbd_cdc.o
    0x08002470   0x08002470   0x0000010a   Code   RO         1062    .text.USBD_CDC_Setup  usbd_cdc.o
    0x0800257a   0x0800257a   0x00000002   PAD
    0x0800257c   0x0800257c   0x0000003a   Code   RO         1084    .text.USBD_CDC_TransmitPacket  usbd_cdc.o
    0x080025b6   0x080025b6   0x00000002   PAD
    0x080025b8   0x080025b8   0x00000014   Code   RO          972    .text.USBD_ClrClassConfig  usbd_core.o
    0x080025cc   0x080025cc   0x00000010   Code   RO         1039    .text.USBD_CtlContinueRx  usbd_ioreq.o
    0x080025dc   0x080025dc   0x00000010   Code   RO         1035    .text.USBD_CtlContinueSendData  usbd_ioreq.o
    0x080025ec   0x080025ec   0x00000016   Code   RO         1011    .text.USBD_CtlError  usbd_ctlreq.o
    0x08002602   0x08002602   0x00000002   PAD
    0x08002604   0x08002604   0x0000001a   Code   RO         1037    .text.USBD_CtlPrepareRx  usbd_ioreq.o
    0x0800261e   0x0800261e   0x00000002   PAD
    0x08002620   0x08002620   0x00000016   Code   RO         1043    .text.USBD_CtlReceiveStatus  usbd_ioreq.o
    0x08002636   0x08002636   0x00000002   PAD
    0x08002638   0x08002638   0x0000001a   Code   RO         1033    .text.USBD_CtlSendData  usbd_ioreq.o
    0x08002652   0x08002652   0x00000002   PAD
    0x08002654   0x08002654   0x00000016   Code   RO         1041    .text.USBD_CtlSendStatus  usbd_ioreq.o
    0x0800266a   0x0800266a   0x00000002   PAD
    0x0800266c   0x0800266c   0x00000066   Code   RO         1019    .text.USBD_GetString  usbd_ctlreq.o
    0x080026d2   0x080026d2   0x00000002   PAD
    0x080026d4   0x080026d4   0x0000002a   Code   RO          958    .text.USBD_Init     usbd_core.o
    0x080026fe   0x080026fe   0x00000002   PAD
    0x08002700   0x08002700   0x00000026   Code   RO          129    .text.USBD_LL_ClearStallEP  usbd_conf.o
    0x08002726   0x08002726   0x00000002   PAD
    0x08002728   0x08002728   0x00000026   Code   RO          123    .text.USBD_LL_CloseEP  usbd_conf.o
    0x0800274e   0x0800274e   0x00000002   PAD
    0x08002750   0x08002750   0x000000a8   Code   RO          978    .text.USBD_LL_DataInStage  usbd_core.o
    0x080027f8   0x080027f8   0x00000074   Code   RO          976    .text.USBD_LL_DataOutStage  usbd_core.o
    0x0800286c   0x0800286c   0x00000008   Code   RO          139    .text.USBD_LL_GetRxDataSize  usbd_conf.o
    0x08002874   0x08002874   0x0000008a   Code   RO          113    .text.USBD_LL_Init  usbd_conf.o
    0x080028fe   0x080028fe   0x00000002   PAD
    0x08002900   0x08002900   0x00000022   Code   RO          131    .text.USBD_LL_IsStallEP  usbd_conf.o
    0x08002922   0x08002922   0x00000002   PAD
    0x08002924   0x08002924   0x0000002c   Code   RO          121    .text.USBD_LL_OpenEP  usbd_conf.o
    0x08002950   0x08002950   0x00000026   Code   RO          137    .text.USBD_LL_PrepareReceive  usbd_conf.o
    0x08002976   0x08002976   0x00000002   PAD
    0x08002978   0x08002978   0x00000066   Code   RO          980    .text.USBD_LL_Reset  usbd_core.o
    0x080029de   0x080029de   0x00000002   PAD
    0x080029e0   0x080029e0   0x00000014   Code   RO          986    .text.USBD_LL_Resume  usbd_core.o
    0x080029f4   0x080029f4   0x0000002e   Code   RO          988    .text.USBD_LL_SOF   usbd_core.o
    0x08002a22   0x08002a22   0x00000002   PAD
    0x08002a24   0x08002a24   0x00000006   Code   RO          982    .text.USBD_LL_SetSpeed  usbd_core.o
    0x08002a2a   0x08002a2a   0x00000002   PAD
    0x08002a2c   0x08002a2c   0x00000026   Code   RO          133    .text.USBD_LL_SetUSBAddress  usbd_conf.o
    0x08002a52   0x08002a52   0x00000002   PAD
    0x08002a54   0x08002a54   0x00000060   Code   RO          974    .text.USBD_LL_SetupStage  usbd_core.o
    0x08002ab4   0x08002ab4   0x00000026   Code   RO          127    .text.USBD_LL_StallEP  usbd_conf.o
    0x08002ada   0x08002ada   0x00000002   PAD
    0x08002adc   0x08002adc   0x00000026   Code   RO          117    .text.USBD_LL_Start  usbd_conf.o
    0x08002b02   0x08002b02   0x00000002   PAD
    0x08002b04   0x08002b04   0x00000012   Code   RO          984    .text.USBD_LL_Suspend  usbd_core.o
    0x08002b16   0x08002b16   0x00000002   PAD
    0x08002b18   0x08002b18   0x00000026   Code   RO          135    .text.USBD_LL_Transmit  usbd_conf.o
    0x08002b3e   0x08002b3e   0x00000002   PAD
    0x08002b40   0x08002b40   0x00000028   Code   RO         1017    .text.USBD_ParseSetupRequest  usbd_ctlreq.o
    0x08002b68   0x08002b68   0x00000032   Code   RO          962    .text.USBD_RegisterClass  usbd_core.o
    0x08002b9a   0x08002b9a   0x00000002   PAD
    0x08002b9c   0x08002b9c   0x00000010   Code   RO          970    .text.USBD_SetClassConfig  usbd_core.o
    0x08002bac   0x08002bac   0x00000004   Code   RO          964    .text.USBD_Start    usbd_core.o
    0x08002bb0   0x08002bb0   0x0000042a   Code   RO         1009    .text.USBD_StdDevReq  usbd_ctlreq.o
    0x08002fda   0x08002fda   0x00000002   PAD
    0x08002fdc   0x08002fdc   0x00000150   Code   RO         1015    .text.USBD_StdEPReq  usbd_ctlreq.o
    0x0800312c   0x0800312c   0x0000007a   Code   RO         1013    .text.USBD_StdItfReq  usbd_ctlreq.o
    0x080031a6   0x080031a6   0x00000002   PAD
    0x080031a8   0x080031a8   0x00000002   Code   RO          147    .text.USBD_static_free  usbd_conf.o
    0x080031aa   0x080031aa   0x00000002   PAD
    0x080031ac   0x080031ac   0x0000000a   Code   RO          145    .text.USBD_static_malloc  usbd_conf.o
    0x080031b6   0x080031b6   0x00000002   PAD
    0x080031b8   0x080031b8   0x00000262   Code   RO          344    .text.USB_ActivateEndpoint  stm32g4xx_ll_usb.o
    0x0800341a   0x0800341a   0x00000002   PAD
    0x0800341c   0x0800341c   0x00000136   Code   RO          346    .text.USB_DeactivateEndpoint  stm32g4xx_ll_usb.o
    0x08003552   0x08003552   0x00000002   PAD
    0x08003554   0x08003554   0x00000010   Code   RO          360    .text.USB_DevConnect  stm32g4xx_ll_usb.o
    0x08003564   0x08003564   0x00000018   Code   RO          342    .text.USB_DevInit   stm32g4xx_ll_usb.o
    0x0800357c   0x0800357c   0x00000012   Code   RO          338    .text.USB_DisableGlobalInt  stm32g4xx_ll_usb.o
    0x0800358e   0x0800358e   0x00000002   PAD
    0x08003590   0x08003590   0x0000008c   Code   RO          354    .text.USB_EPClearStall  stm32g4xx_ll_usb.o
    0x0800361c   0x0800361c   0x00000030   Code   RO          352    .text.USB_EPSetStall  stm32g4xx_ll_usb.o
    0x0800364c   0x0800364c   0x00000562   Code   RO          348    .text.USB_EPStartXfer  stm32g4xx_ll_usb.o
    0x08003bae   0x08003bae   0x00000002   PAD
    0x08003bb0   0x08003bb0   0x00000012   Code   RO          336    .text.USB_EnableGlobalInt  stm32g4xx_ll_usb.o
    0x08003bc2   0x08003bc2   0x00000002   PAD
    0x08003bc4   0x08003bc4   0x0000000c   Code   RO           62    .text.USB_LP_IRQHandler  stm32g4xx_it.o
    0x08003bd0   0x08003bd0   0x00000006   Code   RO          364    .text.USB_ReadInterrupts  stm32g4xx_ll_usb.o
    0x08003bd6   0x08003bd6   0x00000002   PAD
    0x08003bd8   0x08003bd8   0x00000048   Code   RO          370    .text.USB_ReadPMA   stm32g4xx_ll_usb.o
    0x08003c20   0x08003c20   0x0000000e   Code   RO          358    .text.USB_SetDevAddress  stm32g4xx_ll_usb.o
    0x08003c2e   0x08003c2e   0x00000002   PAD
    0x08003c30   0x08003c30   0x00000032   Code   RO          350    .text.USB_WritePMA  stm32g4xx_ll_usb.o
    0x08003c62   0x08003c62   0x00000002   PAD
    0x08003c64   0x08003c64   0x00000002   Code   RO           52    .text.UsageFault_Handler  stm32g4xx_it.o
    0x08003c66   0x08003c66   0x00000002   PAD
    0x08003c68   0x08003c68   0x00000022   Code   RO           11    .text.fputc         main.o
    0x08003c8a   0x08003c8a   0x00000002   PAD
    0x08003c8c   0x08003c8c   0x000000c8   Code   RO           13    .text.main          main.o
    0x08003d54   0x08003d54   0x00000020   Code   RO         1153    i.__0printf$1       mc_w.l(printf1.o)
    0x08003d74   0x08003d74   0x0000000e   Code   RO         1411    i.__scatterload_copy  mc_w.l(handlers.o)
    0x08003d82   0x08003d82   0x00000002   Code   RO         1412    i.__scatterload_null  mc_w.l(handlers.o)
    0x08003d84   0x08003d84   0x0000000e   Code   RO         1413    i.__scatterload_zeroinit  mc_w.l(handlers.o)
    0x08003d92   0x08003d92   0x00000002   PAD
    0x08003d94   0x08003d94   0x00000154   Code   RO         1160    i._printf_core      mc_w.l(printf1.o)
    0x08003ee8   0x08003ee8   0x00000010   Data   RO          945    .rodata.AHBPrescTable  system_stm32g4xx.o
    0x08003ef8   0x08003ef8   0x00000020   Data   RO         1409    Region$$Table       anon$$obj.o


    Execution Region RW_IRAM1 (Exec base: 0x20000000, Load base: 0x08003f18, Size: 0x00001748, Max: 0x00008000, ABSOLUTE, COMPRESSED[0x000000c8])

    Exec Addr    Load Addr    Size         Type   Attr      Idx    E Section Name        Object

    0x20000000   COMPRESSED   0x00000004   Data   RW         1383    .data               mc_w.l(stdout.o)
    0x20000004   COMPRESSED   0x0000000c   Data   RW          453    .data..L_MergedGlobals  stm32g4xx_hal.o
    0x20000010   COMPRESSED   0x00000020   Data   RW          190    .data.CDC_Desc      usbd_desc.o
    0x20000030   COMPRESSED   0x00000004   Data   RW          944    .data.SystemCoreClock  system_stm32g4xx.o
    0x20000034   COMPRESSED   0x00000038   Data   RW         1088    .data.USBD_CDC      usbd_cdc.o
    0x2000006c   COMPRESSED   0x00000043   Data   RW         1090    .data.USBD_CDC_CfgFSDesc  usbd_cdc.o
    0x200000af   COMPRESSED   0x00000001   PAD
    0x200000b0   COMPRESSED   0x00000043   Data   RW         1091    .data.USBD_CDC_CfgHSDesc  usbd_cdc.o
    0x200000f3   COMPRESSED   0x00000001   PAD
    0x200000f4   COMPRESSED   0x00000012   Data   RW          191    .data.USBD_CDC_DeviceDesc  usbd_desc.o
    0x20000106   COMPRESSED   0x00000002   PAD
    0x20000108   COMPRESSED   0x0000000a   Data   RW         1089    .data.USBD_CDC_DeviceQualifierDesc  usbd_cdc.o
    0x20000112   COMPRESSED   0x00000002   PAD
    0x20000114   COMPRESSED   0x00000043   Data   RW         1092    .data.USBD_CDC_OtherSpeedCfgDesc  usbd_cdc.o
    0x20000157   COMPRESSED   0x00000001   PAD
    0x20000158   COMPRESSED   0x00000014   Data   RW          218    .data.USBD_Interface_fops_FS  usbd_cdc_if.o
    0x2000016c   COMPRESSED   0x00000004   Data   RW          192    .data.USBD_LangIDDesc  usbd_desc.o
    0x20000170   COMPRESSED   0x0000001a   Data   RW          193    .data.USBD_StringSerial  usbd_desc.o
    0x2000018a   COMPRESSED   0x00000006   PAD
    0x20000190        -       0x00000001   Zero   RW         1021    .bss.USBD_SetConfig.cfgidx  usbd_ctlreq.o
    0x20000191   COMPRESSED   0x00000003   PAD
    0x20000194        -       0x00000200   Zero   RW          194    .bss.USBD_StrDesc   usbd_desc.o
    0x20000394        -       0x00000220   Zero   RW          150    .bss.USBD_static_malloc.mem  usbd_conf.o
    0x200005b4        -       0x000003e8   Zero   RW          219    .bss.UserRxBufferFS  usbd_cdc_if.o
    0x2000099c        -       0x000003e8   Zero   RW          220    .bss.UserTxBufferFS  usbd_cdc_if.o
    0x20000d84        -       0x000002d0   Zero   RW          164    .bss.hUsbDeviceFS   usb_device.o
    0x20001054        -       0x000002f4   Zero   RW          149    .bss.hpcd_USB_FS    usbd_conf.o
    0x20001348        -       0x00000400   Zero   RW            1    STACK               startup_stm32g431xx.o


==============================================================================

Image component sizes


      Code (inc. data)   RO Data    RW Data    ZI Data      Debug   Object Name

        50          0          0          0          0       1698   gpio.o
       362         48          0          0          0       3096   main.o
        36          8        472          0       1024        824   startup_stm32g431xx.o
       178          0          0         12          0       9416   stm32g4xx_hal.o
       208          0          0          0          0      10153   stm32g4xx_hal_cortex.o
        50          0          0          0          0       1722   stm32g4xx_hal_msp.o
      3088          0          0          0          0      13670   stm32g4xx_hal_pcd.o
       104          0          0          0          0       5991   stm32g4xx_hal_pcd_ex.o
       214          0          0          0          0       9161   stm32g4xx_hal_pwr_ex.o
      2038          0          0          0          0      10125   stm32g4xx_hal_rcc.o
       668          0          0          0          0      11408   stm32g4xx_hal_rcc_ex.o
        32          0          0          0          0       1308   stm32g4xx_it.o
      2704          4          0          0          0      13725   stm32g4xx_ll_usb.o
        18          0         16          4          0       2907   system_stm32g4xx.o
       114          0          0          0        720       3354   usb_device.o
       932         12          0        267          0      10759   usbd_cdc.o
       138          0          0         20       2000       3016   usbd_cdc_if.o
       852          0          0          0       1300      17074   usbd_conf.o
       704          0          0          0          0       7884   usbd_core.o
      1688         46          0          0          1       8989   usbd_ctlreq.o
       548         72          0         80        512       4204   usbd_desc.o
       128          0          0          0          0       4825   usbd_ioreq.o

    ----------------------------------------------------------------------
     15004        190        520        392       5564     155309   Object Totals
         0          0         32          0          0          0   (incl. Generated)
       150          0          0          9          7          0   (incl. Padding)

    ----------------------------------------------------------------------

      Code (inc. data)   RO Data    RW Data    ZI Data      Debug   Library Member Name

        86          0          0          0          0          0   __dczerorl2.o
         0          0          0          0          0          0   entry.o
         0          0          0          0          0          0   entry10a.o
         0          0          0          0          0          0   entry11a.o
         8          4          0          0          0          0   entry2.o
         4          0          0          0          0          0   entry5.o
         0          0          0          0          0          0   entry7b.o
         0          0          0          0          0          0   entry8b.o
         8          4          0          0          0          0   entry9a.o
        30          0          0          0          0          0   handlers.o
        36          8          0          0          0         68   init.o
        36          0          0          0          0        108   memseta.o
       372         14          0          0          0        184   printf1.o
         0          0          0          4          0          0   stdout.o
        44          0          0          0          0         80   uidiv.o

    ----------------------------------------------------------------------
       628         30          0          4          0        440   Library Totals
         4          0          0          0          0          0   (incl. Padding)

    ----------------------------------------------------------------------

      Code (inc. data)   RO Data    RW Data    ZI Data      Debug   Library Name

       624         30          0          4          0        440   mc_w.l

    ----------------------------------------------------------------------
       628         30          0          4          0        440   Library Totals

    ----------------------------------------------------------------------

==============================================================================


      Code (inc. data)   RO Data    RW Data    ZI Data      Debug   

     15632        220        520        396       5564     155609   Grand Totals
     15632        220        520        200       5564     155609   ELF Image Totals (compressed)
     15632        220        520        200          0          0   ROM Totals

==============================================================================

    Total RO  Size (Code + RO Data)                16152 (  15.77kB)
    Total RW  Size (RW Data + ZI Data)              5960 (   5.82kB)
    Total ROM Size (Code + RO Data + RW Data)      16352 (  15.97kB)

==============================================================================

